<html>
<body>
<pre>
<h1>µVision Build Log</h1>
<h2>Tool Versions:</h2>
IDE-Version: ¦ÌVision V5.35.0.0
Copyright (C) 2021 ARM Ltd and ARM Germany GmbH. All rights reserved.
License Information: Z,  , LIC=FYKYW-QS630-305NC-7TW9U-CTL5N-873A9
 
Tool Versions:
Toolchain:       MDK-ARM Plus  Version: 5.35.0.2
Toolchain Path:  C:\Keil_v5\ARM\ARMCC\Bin
C Compiler:      Armcc.exe V5.06 update 7 (build 960)
Assembler:       Armasm.exe V5.06 update 7 (build 960)
Linker/Locator:  ArmLink.exe V5.06 update 7 (build 960)
Library Manager: ArmAr.exe V5.06 update 7 (build 960)
Hex Converter:   FromElf.exe V5.06 update 7 (build 960)
CPU DLL:         SARMCM3.DLL V5.35.0.2
Dialog DLL:      DCM.DLL V1.17.3.0
Target DLL:      Segger\JL2CM3.dll V2.99.40.0
Dialog DLL:      TCM.DLL V1.53.0.0
 
<h2>Project:</h2>
C:\Users\Z\Desktop\HERO_ZN\CHASSIS\MDK-ARM\HERO_ZN.uvprojx
Project File Date:  11/25/2023

<h2>Output:</h2>
*** Using Compiler 'V5.06 update 7 (build 960)', folder: 'C:\Keil_v5\ARM\ARMCC\Bin'
Build target 'HERO_ZN'
Note: source file '..\Task\Src\Init_task.c' - object file renamed from 'HERO_17\Init_task.o' to 'HERO_17\init_task_1.o'.
Note: source file '..\Task\Src\Init_task.c' - object file renamed from 'HERO_17\Init_task.o' to 'HERO_17\init_task_1.o'.
compiling Init_task.c...
../ACE-ECF/Bsp/Inc/bsp_Motor_Encoder.h(22): warning:  #47-D: incompatible redefinition of macro "PI"  (declared at line 361 of "../Middlewares/ST/ARM/DSP/Inc/arm_math.h")
  #define PI 3.141596f
../Task/Inc/Chassis_movement_task.h(38): warning:  #1-D: last line of file ends without a newline
  #endif
..\ACE-ECF\Application\inc\imu_task.h(101): warning:  #1-D: last line of file ends without a newline
  #endif
../Task/Inc/safe_task.h(35): warning:  #1-D: last line of file ends without a newline
  #endif
..\Task\Src\Init_task.c: 4 warnings, 0 errors
linking...
HERO_17\HERO_17.axf: Warning: L6304W: Duplicate input file hero_17\init_task_1.o ignored.
Program Size: Code=26744 RO-data=1348 RW-data=664 ZI-data=36096  
Finished: 0 information, 1 warning and 0 error messages.
FromELF: creating hex file...
"HERO_17\HERO_17.axf" - 0 Error(s), 5 Warning(s).

<h2>Software Packages used:</h2>

Package Vendor: ARM
                http://www.keil.com/pack/ARM.CMSIS.5.9.0.pack
                ARM.CMSIS.5.9.0
                CMSIS (Common Microcontroller Software Interface Standard)
   * Component: CORE Version: 5.6.0

Package Vendor: Keil
                http://www.keil.com/pack/Keil.STM32F4xx_DFP.2.15.0.pack
                Keil.STM32F4xx_DFP.2.15.0
                STMicroelectronics STM32F4 Series Device Support, Drivers and Examples

<h2>Collection of Component include folders:</h2>
  .\RTE\_HERO_ZN
  C:\Users\Z\Desktop\ARM\CMSIS\5.9.0\CMSIS\Core\Include
  C:\Users\Z\Desktop\Keil\STM32F4xx_DFP\2.15.0\Drivers\CMSIS\Device\ST\STM32F4xx\Include

<h2>Collection of Component Files used:</h2>

   * Component: ARM::CMSIS:CORE:5.6.0
      Include file:  CMSIS\Core\Include\tz_context.h
Build Time Elapsed:  00:00:06
</pre>
</body>
</html>
