Component: ARM Compiler 5.06 update 7 (build 960) Tool: armlink [4d3601]

==============================================================================

Section Cross References

    startup_stm32f407xx.o(RESET) refers to startup_stm32f407xx.o(STACK) for __initial_sp
    startup_stm32f407xx.o(RESET) refers to startup_stm32f407xx.o(.text) for Reset_Handler
    startup_stm32f407xx.o(RESET) refers to stm32f4xx_it.o(i.NMI_Handler) for NMI_Handler
    startup_stm32f407xx.o(RESET) refers to stm32f4xx_it.o(i.HardFault_Handler) for HardFault_Handler
    startup_stm32f407xx.o(RESET) refers to stm32f4xx_it.o(i.MemManage_Handler) for MemManage_Handler
    startup_stm32f407xx.o(RESET) refers to stm32f4xx_it.o(i.BusFault_Handler) for BusFault_Handler
    startup_stm32f407xx.o(RESET) refers to stm32f4xx_it.o(i.UsageFault_Handler) for UsageFault_Handler
    startup_stm32f407xx.o(RESET) refers to port.o(.emb_text) for SVC_Handler
    startup_stm32f407xx.o(RESET) refers to stm32f4xx_it.o(i.DebugMon_Handler) for DebugMon_Handler
    startup_stm32f407xx.o(RESET) refers to port.o(i.SysTick_Handler) for SysTick_Handler
    startup_stm32f407xx.o(RESET) refers to stm32f4xx_it.o(i.EXTI4_IRQHandler) for EXTI4_IRQHandler
    startup_stm32f407xx.o(RESET) refers to stm32f4xx_it.o(i.DMA1_Stream1_IRQHandler) for DMA1_Stream1_IRQHandler
    startup_stm32f407xx.o(RESET) refers to stm32f4xx_it.o(i.CAN1_RX0_IRQHandler) for CAN1_RX0_IRQHandler
    startup_stm32f407xx.o(RESET) refers to stm32f4xx_it.o(i.EXTI9_5_IRQHandler) for EXTI9_5_IRQHandler
    startup_stm32f407xx.o(RESET) refers to stm32f4xx_it.o(i.TIM1_UP_TIM10_IRQHandler) for TIM1_UP_TIM10_IRQHandler
    startup_stm32f407xx.o(RESET) refers to stm32f4xx_it.o(i.USART3_IRQHandler) for USART3_IRQHandler
    startup_stm32f407xx.o(RESET) refers to stm32f4xx_it.o(i.DMA2_Stream0_IRQHandler) for DMA2_Stream0_IRQHandler
    startup_stm32f407xx.o(RESET) refers to stm32f4xx_it.o(i.DMA2_Stream1_IRQHandler) for DMA2_Stream1_IRQHandler
    startup_stm32f407xx.o(RESET) refers to stm32f4xx_it.o(i.DMA2_Stream3_IRQHandler) for DMA2_Stream3_IRQHandler
    startup_stm32f407xx.o(RESET) refers to stm32f4xx_it.o(i.CAN2_RX0_IRQHandler) for CAN2_RX0_IRQHandler
    startup_stm32f407xx.o(RESET) refers to stm32f4xx_it.o(i.DMA2_Stream6_IRQHandler) for DMA2_Stream6_IRQHandler
    startup_stm32f407xx.o(RESET) refers to stm32f4xx_it.o(i.USART6_IRQHandler) for USART6_IRQHandler
    startup_stm32f407xx.o(.text) refers to system_stm32f4xx.o(i.SystemInit) for SystemInit
    startup_stm32f407xx.o(.text) refers to entry.o(.ARM.Collect$$$$00000000) for __main
    main.o(i.HAL_TIM_PeriodElapsedCallback) refers to stm32f4xx_hal.o(i.HAL_IncTick) for HAL_IncTick
    main.o(i.SystemClock_Config) refers to memseta.o(.text) for __aeabi_memclr4
    main.o(i.SystemClock_Config) refers to stm32f4xx_hal_rcc.o(i.HAL_RCC_OscConfig) for HAL_RCC_OscConfig
    main.o(i.SystemClock_Config) refers to main.o(i.Error_Handler) for Error_Handler
    main.o(i.SystemClock_Config) refers to stm32f4xx_hal_rcc.o(i.HAL_RCC_ClockConfig) for HAL_RCC_ClockConfig
    main.o(i.main) refers to stm32f4xx_hal.o(i.HAL_Init) for HAL_Init
    main.o(i.main) refers to main.o(i.SystemClock_Config) for SystemClock_Config
    main.o(i.main) refers to gpio.o(i.MX_GPIO_Init) for MX_GPIO_Init
    main.o(i.main) refers to dma.o(i.MX_DMA_Init) for MX_DMA_Init
    main.o(i.main) refers to can.o(i.MX_CAN1_Init) for MX_CAN1_Init
    main.o(i.main) refers to can.o(i.MX_CAN2_Init) for MX_CAN2_Init
    main.o(i.main) refers to spi.o(i.MX_SPI1_Init) for MX_SPI1_Init
    main.o(i.main) refers to tim.o(i.MX_TIM10_Init) for MX_TIM10_Init
    main.o(i.main) refers to usart.o(i.MX_USART3_UART_Init) for MX_USART3_UART_Init
    main.o(i.main) refers to usart.o(i.MX_USART6_UART_Init) for MX_USART6_UART_Init
    main.o(i.main) refers to bsp_dwt.o(i.DWT_Init) for DWT_Init
    main.o(i.main) refers to freertos.o(i.MX_FREERTOS_Init) for MX_FREERTOS_Init
    main.o(i.main) refers to cmsis_os.o(i.osKernelStart) for osKernelStart
    gpio.o(i.MX_GPIO_Init) refers to memseta.o(.text) for __aeabi_memclr4
    gpio.o(i.MX_GPIO_Init) refers to stm32f4xx_hal_gpio.o(i.HAL_GPIO_WritePin) for HAL_GPIO_WritePin
    gpio.o(i.MX_GPIO_Init) refers to stm32f4xx_hal_gpio.o(i.HAL_GPIO_Init) for HAL_GPIO_Init
    gpio.o(i.MX_GPIO_Init) refers to stm32f4xx_hal_cortex.o(i.HAL_NVIC_SetPriority) for HAL_NVIC_SetPriority
    gpio.o(i.MX_GPIO_Init) refers to stm32f4xx_hal_cortex.o(i.HAL_NVIC_EnableIRQ) for HAL_NVIC_EnableIRQ
    freertos.o(i.MX_FREERTOS_Init) refers to memcpya.o(.text) for __aeabi_memcpy4
    freertos.o(i.MX_FREERTOS_Init) refers to cmsis_os.o(i.osThreadCreate) for osThreadCreate
    freertos.o(i.MX_FREERTOS_Init) refers to freertos.o(.constdata) for .constdata
    freertos.o(i.MX_FREERTOS_Init) refers to freertos.o(.data) for defaultTaskHandle
    freertos.o(i.StartDefaultTask) refers to cmsis_os.o(i.osDelay) for osDelay
[...]
    prvResetNextTaskUnblockTime              0x08005de1   Thumb Code    42  tasks.o(i.prvResetNextTaskUnblockTime)
    i.prvTaskExitError                       0x08005e14   Section        0  port.o(i.prvTaskExitError)
    prvTaskExitError                         0x08005e15   Thumb Code    60  port.o(i.prvTaskExitError)
    i.pvPortMalloc                           0x08005e54   Section        0  heap_4.o(i.pvPortMalloc)
    i.pxPortInitialiseStack                  0x08005fa0   Section        0  port.o(i.pxPortInitialiseStack)
    i.rc_deadline_limit                      0x08005fcc   Section        0  bsp_dr16.o(i.rc_deadline_limit)
    i.rc_lost_time_refresh                   0x08005fe0   Section        0  bsp_dr16.o(i.rc_lost_time_refresh)
    i.referee_uart_init                      0x08005ff4   Section        0  bsp_referee.o(i.referee_uart_init)
    i.uxListRemove                           0x0800607c   Section        0  list.o(i.uxListRemove)
    i.vApplicationGetIdleTaskMemory          0x080060a4   Section        0  freertos.o(i.vApplicationGetIdleTaskMemory)
    i.vListInitialise                        0x080060bc   Section        0  list.o(i.vListInitialise)
    i.vListInitialiseItem                    0x080060d6   Section        0  list.o(i.vListInitialiseItem)
    i.vListInsert                            0x080060dc   Section        0  list.o(i.vListInsert)
    i.vListInsertEnd                         0x08006110   Section        0  list.o(i.vListInsertEnd)
    i.vPortEnterCritical                     0x08006128   Section        0  port.o(i.vPortEnterCritical)
    i.vPortExitCritical                      0x0800617c   Section        0  port.o(i.vPortExitCritical)
    i.vPortFree                              0x080061b8   Section        0  heap_4.o(i.vPortFree)
    i.vPortSetupTimerInterrupt               0x0800625c   Section        0  port.o(i.vPortSetupTimerInterrupt)
    i.vTaskDelay                             0x08006284   Section        0  tasks.o(i.vTaskDelay)
    i.vTaskDelete                            0x080062e0   Section        0  tasks.o(i.vTaskDelete)
    i.vTaskStartScheduler                    0x080063d4   Section        0  tasks.o(i.vTaskStartScheduler)
    i.vTaskSuspendAll                        0x08006484   Section        0  tasks.o(i.vTaskSuspendAll)
    i.vTaskSwitchContext                     0x08006494   Section        0  tasks.o(i.vTaskSwitchContext)
    i.xPortStartScheduler                    0x08006520   Section        0  port.o(i.xPortStartScheduler)
    i.xTaskCreate                            0x08006688   Section        0  tasks.o(i.xTaskCreate)
    i.xTaskCreateStatic                      0x080066ec   Section        0  tasks.o(i.xTaskCreateStatic)
    i.xTaskGetTickCount                      0x080067a8   Section        0  tasks.o(i.xTaskGetTickCount)
    i.xTaskIncrementTick                     0x080067b4   Section        0  tasks.o(i.xTaskIncrementTick)
    i.xTaskResumeAll                         0x080068fc   Section        0  tasks.o(i.xTaskResumeAll)
    .constdata                               0x08006a00   Section       56  freertos.o(.constdata)
    .constdata                               0x08006a38   Section        8  stm32f4xx_hal_dma.o(.constdata)
    flagBitshiftOffset                       0x08006a38   Data           8  stm32f4xx_hal_dma.o(.constdata)
    .constdata                               0x08006a40   Section       24  system_stm32f4xx.o(.constdata)
    .constdata                               0x08006a58   Section       28  init_task_1.o(.constdata)
    .constdata                               0x08006a74   Section      770  crc.o(.constdata)
    .conststring                             0x08006d78   Section       24  freertos.o(.conststring)
    .conststring                             0x08006d90   Section       10  init_task_1.o(.conststring)
    .data                                    0x20000000   Section        8  freertos.o(.data)
    .data                                    0x20000008   Section        4  can.o(.data)
    HAL_RCC_CAN1_CLK_ENABLED                 0x20000008   Data           4  can.o(.data)
    .data                                    0x2000000c   Section        9  stm32f4xx_hal.o(.data)
    .data                                    0x20000018   Section        4  system_stm32f4xx.o(.data)
    .data                                    0x2000001c   Section       60  tasks.o(.data)
    pxDelayedTaskList                        0x20000020   Data           4  tasks.o(.data)
    pxOverflowDelayedTaskList                0x20000024   Data           4  tasks.o(.data)
    uxDeletedTasksWaitingCleanUp             0x20000028   Data           4  tasks.o(.data)
    uxCurrentNumberOfTasks                   0x2000002c   Data           4  tasks.o(.data)
    xTickCount                               0x20000030   Data           4  tasks.o(.data)
    uxTopReadyPriority                       0x20000034   Data           4  tasks.o(.data)
    xSchedulerRunning                        0x20000038   Data           4  tasks.o(.data)
    xPendedTicks                             0x2000003c   Data           4  tasks.o(.data)
    xYieldPending                            0x20000040   Data           4  tasks.o(.data)
    xNumOfOverflows                          0x20000044   Data           4  tasks.o(.data)
    uxTaskNumber                             0x20000048   Data           4  tasks.o(.data)
    xNextTaskUnblockTime                     0x2000004c   Data           4  tasks.o(.data)
    xIdleTaskHandle                          0x20000050   Data           4  tasks.o(.data)
    uxSchedulerSuspended                     0x20000054   Data           4  tasks.o(.data)
    .data                                    0x20000058   Section       32  heap_4.o(.data)
    xStart                                   0x20000058   Data           8  heap_4.o(.data)
    pxEnd                                    0x20000060   Data           4  heap_4.o(.data)
    xFreeBytesRemaining                      0x20000064   Data           4  heap_4.o(.data)
    xMinimumEverFreeBytesRemaining           0x20000068   Data           4  heap_4.o(.data)
    xNumberOfSuccessfulAllocations           0x2000006c   Data           4  heap_4.o(.data)
    xNumberOfSuccessfulFrees                 0x20000070   Data           4  heap_4.o(.data)
    xBlockAllocatedBit                       0x20000074   Data           4  heap_4.o(.data)
    .data                                    0x20000078   Section       12  port.o(.data)
    uxCriticalNesting                        0x20000078   Data           4  port.o(.data)
    ucMaxSysCallPriority                     0x2000007c   Data           1  port.o(.data)
    ulMaxPRIGROUPValue                       0x20000080   Data           4  port.o(.data)
    .data                                    0x20000084   Section       23  robot_cmd.o(.data)
    init_flag                                0x20000084   Data           1  robot_cmd.o(.data)
    referee_cmd                              0x20000088   Data           4  robot_cmd.o(.data)
    RC_ctrl                                  0x2000008c   Data           4  robot_cmd.o(.data)
    Difference_Angle_between_Chassis_Gimbal  0x20000090   Data           4  robot_cmd.o(.data)
    ins                                      0x20000094   Data           4  robot_cmd.o(.data)
    last_Chassis_Mode                        0x20000098   Data           1  robot_cmd.o(.data)
    RC_Chassis_Mode                          0x20000099   Data           1  robot_cmd.o(.data)
    rc_4_reset                               0x2000009a   Data           1  robot_cmd.o(.data)
    .data                                    0x2000009c   Section      318  fire_task.o(.data)
    ON_OR_OFF                                0x200001d4   Data           1  fire_task.o(.data)
    Fist_set                                 0x200001d5   Data           1  fire_task.o(.data)
    Block                                    0x200001d6   Data           1  fire_task.o(.data)
    On_Fire_Block_time                       0x200001d8   Data           2  fire_task.o(.data)
    .data                                    0x200001dc   Section        9  safe_task.o(.data)
    .data                                    0x200001e8   Section       16  init_task_1.o(.data)
    .data                                    0x200001f8   Section        8  bsp_dr16.o(.data)
    RCLostTime                               0x200001f8   Data           4  bsp_dr16.o(.data)
    this_time_rx_len                         0x200001fc   Data           2  bsp_dr16.o(.data)
    .data                                    0x20000200   Section        2  bsp_referee.o(.data)
    this_time_rx_len                         0x20000200   Data           2  bsp_referee.o(.data)
    .data                                    0x20000202   Section        2  crc.o(.data)
    .data                                    0x20000204   Section       36  can1.o(.data)
    send_mail_box                            0x20000218   Data           4  can1.o(.data)
    .data                                    0x20000228   Section       36  can2.o(.data)
    send_mail_box                            0x20000234   Data           4  can2.o(.data)
    referee_cmd                              0x20000244   Data           4  can2.o(.data)
    .data                                    0x20000250   Section       64  bsp_dwt.o(.data)
    CPU_FREQ_Hz                              0x20000258   Data           4  bsp_dwt.o(.data)
    CPU_FREQ_Hz_ms                           0x2000025c   Data           4  bsp_dwt.o(.data)
    CPU_FREQ_Hz_us                           0x20000260   Data           4  bsp_dwt.o(.data)
    CYCCNT_RountCount                        0x20000264   Data           4  bsp_dwt.o(.data)
    CYCCNT_LAST                              0x20000268   Data           4  bsp_dwt.o(.data)
    CNT_TEMP1                                0x20000278   Data           8  bsp_dwt.o(.data)
    CNT_TEMP2                                0x20000280   Data           8  bsp_dwt.o(.data)
    CNT_TEMP3                                0x20000288   Data           8  bsp_dwt.o(.data)
    .data                                    0x20000290   Section        4  mvars.o(.data)
    .data                                    0x20000294   Section        4  mvars.o(.data)
    .bss                                     0x20000298   Section      596  freertos.o(.bss)
    xIdleTaskTCBBuffer                       0x20000298   Data          84  freertos.o(.bss)
    xIdleStack                               0x200002ec   Data         512  freertos.o(.bss)
    .bss                                     0x200004ec   Section       80  can.o(.bss)
    .bss                                     0x2000053c   Section      280  spi.o(.bss)
    .bss                                     0x20000654   Section       72  tim.o(.bss)
    .bss                                     0x2000069c   Section      424  usart.o(.bss)
    .bss                                     0x20000844   Section       72  stm32f4xx_hal_timebase_tim.o(.bss)
    .bss                                     0x2000088c   Section      240  tasks.o(.bss)
    pxReadyTasksLists                        0x2000088c   Data         140  tasks.o(.bss)
    xDelayedTaskList1                        0x20000918   Data          20  tasks.o(.bss)
    xDelayedTaskList2                        0x2000092c   Data          20  tasks.o(.bss)
    xPendingReadyList                        0x20000940   Data          20  tasks.o(.bss)
    xTasksWaitingTermination                 0x20000954   Data          20  tasks.o(.bss)
    xSuspendedTaskList                       0x20000968   Data          20  tasks.o(.bss)
    .bss                                     0x2000097c   Section    15360  heap_4.o(.bss)
    ucHeap                                   0x2000097c   Data       15360  heap_4.o(.bss)
    .bss                                     0x2000457c   Section      192  robot_cmd.o(.bss)
    chassis_follow_gambal_speed              0x200045ac   Data         144  robot_cmd.o(.bss)
    .bss                                     0x2000463c   Section      340  imu_task.o(.bss)
    .bss                                     0x20004790   Section       96  bsp_dr16.o(.bss)
    rc_ctl                                   0x20004790   Data          24  bsp_dr16.o(.bss)
    .bss                                     0x200047f0   Section      350  bsp_motor_encoder.o(.bss)
    .bss                                     0x2000494e   Section     1271  bsp_referee.o(.bss)
    .bss                                     0x20004e48   Section      284  can1.o(.bss)
    CAN1_Rxmessage                           0x20004f1c   Data          28  can1.o(.bss)
    CAN1_Txmessage                           0x20004f38   Data          24  can1.o(.bss)
    .bss                                     0x20004f64   Section       52  can2.o(.bss)
    CAN2_Rxmessage                           0x20004f64   Data          28  can2.o(.bss)
    CAN2_Txmessage                           0x20004f80   Data          24  can2.o(.bss)
    HEAP                                     0x20004f98   Section     8192  startup_stm32f407xx.o(HEAP)
    STACK                                    0x20006f98   Section     8192  startup_stm32f407xx.o(STACK)

    Global Symbols

    Symbol Name                              Value     Ov Type        Size  Object(Section)

    BuildAttributes$$THM_ISAv4$E$P$D$K$B$S$7EM$VFPi3$EXTD16$VFPS$VFMA$PE$A:L22UL41UL21$X:L11$S22US41US21$IEEE1$IW$USESV6$~STKCKD$USESV7$~SHL$OTIME$ROPI$IEEEX$EBA8$MICROLIB$REQ8$PRES8$EABIv2 0x00000000   Number         0  anon$$obj.o ABSOLUTE
    __ARM_use_no_argv                        0x00000000   Number         0  main.o ABSOLUTE
    __arm_fini_                               - Undefined Weak Reference
    __cpp_initialize__aeabi_                  - Undefined Weak Reference
    __cxa_finalize                            - Undefined Weak Reference
    _clock_init                               - Undefined Weak Reference
    _microlib_exit                            - Undefined Weak Reference
    __Vectors_Size                           0x00000188   Number         0  startup_stm32f407xx.o ABSOLUTE
    __Vectors                                0x08000000   Data           4  startup_stm32f407xx.o(RESET)
    __Vectors_End                            0x08000188   Data           0  startup_stm32f407xx.o(RESET)
    __main                                   0x08000189   Thumb Code     0  entry.o(.ARM.Collect$$$$00000000)
    _main_stk                                0x08000189   Thumb Code     0  entry2.o(.ARM.Collect$$$$00000001)
    _main_scatterload                        0x0800018d   Thumb Code     0  entry5.o(.ARM.Collect$$$$00000004)
    __main_after_scatterload                 0x08000191   Thumb Code     0  entry5.o(.ARM.Collect$$$$00000004)
    _main_clock                              0x08000191   Thumb Code     0  entry7b.o(.ARM.Collect$$$$00000008)
    _main_cpp_init                           0x08000191   Thumb Code     0  entry8b.o(.ARM.Collect$$$$0000000A)
    _main_init                               0x08000191   Thumb Code     0  entry9a.o(.ARM.Collect$$$$0000000B)
    __rt_lib_shutdown_fini                   0x08000199   Thumb Code     0  entry12b.o(.ARM.Collect$$$$0000000E)
    __rt_final_cpp                           0x0800019d   Thumb Code     0  entry10a.o(.ARM.Collect$$$$0000000F)
    __rt_final_exit                          0x0800019d   Thumb Code     0  entry11a.o(.ARM.Collect$$$$00000011)
    SVC_Handler                              0x080001a1   Thumb Code    28  port.o(.emb_text)
    __asm___6_port_c_39a90d8d__prvStartFirstTask 0x080001c1   Thumb Code    36  port.o(.emb_text)
    __asm___6_port_c_39a90d8d__prvEnableVFP  0x080001e9   Thumb Code    16  port.o(.emb_text)
    PendSV_Handler                           0x080001fd   Thumb Code    88  port.o(.emb_text)
    vPortGetIPSR                             0x08000259   Thumb Code     6  port.o(.emb_text)
    Reset_Handler                            0x08000261   Thumb Code     8  startup_stm32f407xx.o(.text)
    ADC_IRQHandler                           0x0800027b   Thumb Code     0  startup_stm32f407xx.o(.text)
    CAN1_RX1_IRQHandler                      0x0800027b   Thumb Code     0  startup_stm32f407xx.o(.text)
    CAN1_SCE_IRQHandler                      0x0800027b   Thumb Code     0  startup_stm32f407xx.o(.text)
    CAN1_TX_IRQHandler                       0x0800027b   Thumb Code     0  startup_stm32f407xx.o(.text)
    CAN2_RX1_IRQHandler                      0x0800027b   Thumb Code     0  startup_stm32f407xx.o(.text)
    CAN2_SCE_IRQHandler                      0x0800027b   Thumb Code     0  startup_stm32f407xx.o(.text)
    CAN2_TX_IRQHandler                       0x0800027b   Thumb Code     0  startup_stm32f407xx.o(.text)
    DCMI_IRQHandler                          0x0800027b   Thumb Code     0  startup_stm32f407xx.o(.text)
    DMA1_Stream0_IRQHandler                  0x0800027b   Thumb Code     0  startup_stm32f407xx.o(.text)
    DMA1_Stream2_IRQHandler                  0x0800027b   Thumb Code     0  startup_stm32f407xx.o(.text)
    DMA1_Stream3_IRQHandler                  0x0800027b   Thumb Code     0  startup_stm32f407xx.o(.text)
    DMA1_Stream4_IRQHandler                  0x0800027b   Thumb Code     0  startup_stm32f407xx.o(.text)
    DMA1_Stream5_IRQHandler                  0x0800027b   Thumb Code     0  startup_stm32f407xx.o(.text)
    DMA1_Stream6_IRQHandler                  0x0800027b   Thumb Code     0  startup_stm32f407xx.o(.text)
    DMA1_Stream7_IRQHandler                  0x0800027b   Thumb Code     0  startup_stm32f407xx.o(.text)
    DMA2_Stream2_IRQHandler                  0x0800027b   Thumb Code     0  startup_stm32f407xx.o(.text)
    DMA2_Stream4_IRQHandler                  0x0800027b   Thumb Code     0  startup_stm32f407xx.o(.text)
    DMA2_Stream5_IRQHandler                  0x0800027b   Thumb Code     0  startup_stm32f407xx.o(.text)
    DMA2_Stream7_IRQHandler                  0x0800027b   Thumb Code     0  startup_stm32f407xx.o(.text)
    ETH_IRQHandler                           0x0800027b   Thumb Code     0  startup_stm32f407xx.o(.text)
    ETH_WKUP_IRQHandler                      0x0800027b   Thumb Code     0  startup_stm32f407xx.o(.text)
    EXTI0_IRQHandler                         0x0800027b   Thumb Code     0  startup_stm32f407xx.o(.text)
    EXTI15_10_IRQHandler                     0x0800027b   Thumb Code     0  startup_stm32f407xx.o(.text)
    EXTI1_IRQHandler                         0x0800027b   Thumb Code     0  startup_stm32f407xx.o(.text)
    EXTI2_IRQHandler                         0x0800027b   Thumb Code     0  startup_stm32f407xx.o(.text)
    EXTI3_IRQHandler                         0x0800027b   Thumb Code     0  startup_stm32f407xx.o(.text)
    FLASH_IRQHandler                         0x0800027b   Thumb Code     0  startup_stm32f407xx.o(.text)
    FMC_IRQHandler                           0x0800027b   Thumb Code     0  startup_stm32f407xx.o(.text)
    FPU_IRQHandler                           0x0800027b   Thumb Code     0  startup_stm32f407xx.o(.text)
    HASH_RNG_IRQHandler                      0x0800027b   Thumb Code     0  startup_stm32f407xx.o(.text)
    I2C1_ER_IRQHandler                       0x0800027b   Thumb Code     0  startup_stm32f407xx.o(.text)
    I2C1_EV_IRQHandler                       0x0800027b   Thumb Code     0  startup_stm32f407xx.o(.text)
    I2C2_ER_IRQHandler                       0x0800027b   Thumb Code     0  startup_stm32f407xx.o(.text)
    I2C2_EV_IRQHandler                       0x0800027b   Thumb Code     0  startup_stm32f407xx.o(.text)
    I2C3_ER_IRQHandler                       0x0800027b   Thumb Code     0  startup_stm32f407xx.o(.text)
    I2C3_EV_IRQHandler                       0x0800027b   Thumb Code     0  startup_stm32f407xx.o(.text)
    OTG_FS_IRQHandler                        0x0800027b   Thumb Code     0  startup_stm32f407xx.o(.text)
    OTG_FS_WKUP_IRQHandler                   0x0800027b   Thumb Code     0  startup_stm32f407xx.o(.text)
    OTG_HS_EP1_IN_IRQHandler                 0x0800027b   Thumb Code     0  startup_stm32f407xx.o(.text)
    OTG_HS_EP1_OUT_IRQHandler                0x0800027b   Thumb Code     0  startup_stm32f407xx.o(.text)
    OTG_HS_IRQHandler                        0x0800027b   Thumb Code     0  startup_stm32f407xx.o(.text)
    OTG_HS_WKUP_IRQHandler                   0x0800027b   Thumb Code     0  startup_stm32f407xx.o(.text)
    PVD_IRQHandler                           0x0800027b   Thumb Code     0  startup_stm32f407xx.o(.text)
    RCC_IRQHandler                           0x0800027b   Thumb Code     0  startup_stm32f407xx.o(.text)
    RTC_Alarm_IRQHandler                     0x0800027b   Thumb Code     0  startup_stm32f407xx.o(.text)
    RTC_WKUP_IRQHandler                      0x0800027b   Thumb Code     0  startup_stm32f407xx.o(.text)
    SDIO_IRQHandler                          0x0800027b   Thumb Code     0  startup_stm32f407xx.o(.text)
    SPI1_IRQHandler                          0x0800027b   Thumb Code     0  startup_stm32f407xx.o(.text)
    SPI2_IRQHandler                          0x0800027b   Thumb Code     0  startup_stm32f407xx.o(.text)
    SPI3_IRQHandler                          0x0800027b   Thumb Code     0  startup_stm32f407xx.o(.text)
    TAMP_STAMP_IRQHandler                    0x0800027b   Thumb Code     0  startup_stm32f407xx.o(.text)
    TIM1_BRK_TIM9_IRQHandler                 0x0800027b   Thumb Code     0  startup_stm32f407xx.o(.text)
    TIM1_CC_IRQHandler                       0x0800027b   Thumb Code     0  startup_stm32f407xx.o(.text)
    TIM1_TRG_COM_TIM11_IRQHandler            0x0800027b   Thumb Code     0  startup_stm32f407xx.o(.text)
    TIM2_IRQHandler                          0x0800027b   Thumb Code     0  startup_stm32f407xx.o(.text)
    TIM3_IRQHandler                          0x0800027b   Thumb Code     0  startup_stm32f407xx.o(.text)
    TIM4_IRQHandler                          0x0800027b   Thumb Code     0  startup_stm32f407xx.o(.text)
    TIM5_IRQHandler                          0x0800027b   Thumb Code     0  startup_stm32f407xx.o(.text)
    TIM6_DAC_IRQHandler                      0x0800027b   Thumb Code     0  startup_stm32f407xx.o(.text)
    TIM7_IRQHandler                          0x0800027b   Thumb Code     0  startup_stm32f407xx.o(.text)
    TIM8_BRK_TIM12_IRQHandler                0x0800027b   Thumb Code     0  startup_stm32f407xx.o(.text)
    TIM8_CC_IRQHandler                       0x0800027b   Thumb Code     0  startup_stm32f407xx.o(.text)
    TIM8_TRG_COM_TIM14_IRQHandler            0x0800027b   Thumb Code     0  startup_stm32f407xx.o(.text)
    TIM8_UP_TIM13_IRQHandler                 0x0800027b   Thumb Code     0  startup_stm32f407xx.o(.text)
    UART4_IRQHandler                         0x0800027b   Thumb Code     0  startup_stm32f407xx.o(.text)
    UART5_IRQHandler                         0x0800027b   Thumb Code     0  startup_stm32f407xx.o(.text)
    USART1_IRQHandler                        0x0800027b   Thumb Code     0  startup_stm32f407xx.o(.text)
    USART2_IRQHandler                        0x0800027b   Thumb Code     0  startup_stm32f407xx.o(.text)
    WWDG_IRQHandler                          0x0800027b   Thumb Code     0  startup_stm32f407xx.o(.text)
    __aeabi_uldivmod                         0x08000285   Thumb Code    98  uldiv.o(.text)
    __aeabi_memcpy                           0x080002e7   Thumb Code    36  memcpya.o(.text)
    __aeabi_memcpy4                          0x080002e7   Thumb Code     0  memcpya.o(.text)
    __aeabi_memcpy8                          0x080002e7   Thumb Code     0  memcpya.o(.text)
    __aeabi_memset                           0x0800030b   Thumb Code    14  memseta.o(.text)
    __aeabi_memset4                          0x0800030b   Thumb Code     0  memseta.o(.text)
    __aeabi_memset8                          0x0800030b   Thumb Code     0  memseta.o(.text)
    __aeabi_memclr                           0x08000319   Thumb Code     4  memseta.o(.text)
    __aeabi_memclr4                          0x08000319   Thumb Code     0  memseta.o(.text)
    __aeabi_memclr8                          0x08000319   Thumb Code     0  memseta.o(.text)
    memset                                   0x0800031d   Thumb Code    18  memseta.o(.text)
    strcmp                                   0x0800032f   Thumb Code    28  strcmp.o(.text)
    strcpy                                   0x0800034b   Thumb Code    18  strcpy.o(.text)
    __aeabi_llsl                             0x0800035d   Thumb Code    30  llshl.o(.text)
    _ll_shift_l                              0x0800035d   Thumb Code     0  llshl.o(.text)
    __aeabi_llsr                             0x0800037b   Thumb Code    32  llushr.o(.text)
    _ll_ushift_r                             0x0800037b   Thumb Code     0  llushr.o(.text)
    __scatterload                            0x0800039d   Thumb Code    28  init.o(.text)
    __scatterload_rt2                        0x0800039d   Thumb Code     0  init.o(.text)
    __decompress                             0x080003c1   Thumb Code     0  __dczerorl.o(.text)
    __decompress0                            0x080003c1   Thumb Code    58  __dczerorl.o(.text)
    Block_Detect                             0x08000443   Thumb Code    88  bsp_motor_encoder.o(i.Block_Detect)
    BusFault_Handler                         0x0800049b   Thumb Code     4  stm32f4xx_it.o(i.BusFault_Handler)
    CAN1_Clear                               0x0800049f   Thumb Code    14  can1.o(i.CAN1_Clear)
    CAN1_Fire_Tx                             0x080004ad   Thumb Code    58  can1.o(i.CAN1_Fire_Tx)
    CAN1_Init                                0x080004f9   Thumb Code    76  can1.o(i.CAN1_Init)
    CAN1_RX0_IRQHandler                      0x0800057d   Thumb Code    10  stm32f4xx_it.o(i.CAN1_RX0_IRQHandler)
    CAN1_filter_config                       0x080007e1   Thumb Code    62  can1.o(i.CAN1_filter_config)
    CAN2_Init                                0x08000825   Thumb Code    22  can2.o(i.CAN2_Init)
    CAN2_RX0_IRQHandler                      0x08000849   Thumb Code    10  stm32f4xx_it.o(i.CAN2_RX0_IRQHandler)
    CAN2_RX_Deal                             0x08000859   Thumb Code    66  can2.o(i.CAN2_RX_Deal)
    CAN2_filter_config                       0x080008ad   Thumb Code    62  can2.o(i.CAN2_filter_config)
    CAN_DATA_Encoder_Deal                    0x080008f1   Thumb Code   270  bsp_motor_encoder.o(i.CAN_DATA_Encoder_Deal)
    CMD_Init                                 0x08000a9d   Thumb Code    26  robot_cmd.o(i.CMD_Init)
    DMA1_Stream1_IRQHandler                  0x08000c21   Thumb Code    10  stm32f4xx_it.o(i.DMA1_Stream1_IRQHandler)
    DMA2_Stream0_IRQHandler                  0x08000c31   Thumb Code    10  stm32f4xx_it.o(i.DMA2_Stream0_IRQHandler)
    DMA2_Stream1_IRQHandler                  0x08000c41   Thumb Code    10  stm32f4xx_it.o(i.DMA2_Stream1_IRQHandler)
    DMA2_Stream3_IRQHandler                  0x08000c51   Thumb Code    10  stm32f4xx_it.o(i.DMA2_Stream3_IRQHandler)
    DMA2_Stream6_IRQHandler                  0x08000c61   Thumb Code    10  stm32f4xx_it.o(i.DMA2_Stream6_IRQHandler)
    DWT_Init                                 0x08000d51   Thumb Code    74  bsp_dwt.o(i.DWT_Init)
    DebugMon_Handler                         0x08000db9   Thumb Code     2  stm32f4xx_it.o(i.DebugMon_Handler)
    Disconnect_callBack                      0x08000dbd   Thumb Code    12  bsp_dr16.o(i.Disconnect_callBack)
    ECF_RC_Init                              0x08000dcd   Thumb Code    30  bsp_dr16.o(i.ECF_RC_Init)
    ECF_RC_UART_Handler                      0x08000e05   Thumb Code    16  bsp_dr16.o(i.ECF_RC_UART_Handler)
    ECF_referee_uart_init                    0x08000e21   Thumb Code    18  bsp_referee.o(i.ECF_referee_uart_init)
    EXTI4_IRQHandler                         0x08000e79   Thumb Code    10  stm32f4xx_it.o(i.EXTI4_IRQHandler)
    EXTI9_5_IRQHandler                       0x08000e83   Thumb Code    10  stm32f4xx_it.o(i.EXTI9_5_IRQHandler)
    Encoder_Init                             0x08000e8d   Thumb Code   118  bsp_motor_encoder.o(i.Encoder_Init)
    Encoder_Struct_Zero                      0x08000f03   Thumb Code    14  bsp_motor_encoder.o(i.Encoder_Struct_Zero)
    Error_Handler                            0x08000f11   Thumb Code     6  main.o(i.Error_Handler)
    Fire_Send_current                        0x08000f19   Thumb Code    14  fire_task.o(i.Fire_Send_current)
    Fire_Set                                 0x08000f2d   Thumb Code   214  robot_cmd.o(i.Fire_Set)
    Fire_Task                                0x08001015   Thumb Code    34  fire_task.o(i.Fire_Task)
    Fire_acion                               0x08001039   Thumb Code    30  fire_task.o(i.Fire_acion)
    Get_CRC16_Check_Sum                      0x08001115   Thumb Code    46  crc.o(i.Get_CRC16_Check_Sum)
    Get_CRC8_Check_Sum                       0x08001149   Thumb Code    30  crc.o(i.Get_CRC8_Check_Sum)
    Get_Chassis_motor_encoder_point          0x0800116d   Thumb Code   128  bsp_motor_encoder.o(i.Get_Chassis_motor_encoder_point)
    Get_Measure_Address                      0x080011f5   Thumb Code    44  can1.o(i.Get_Measure_Address)
    HAL_CAN_ActivateNotification             0x08001235   Thumb Code    42  stm32f4xx_hal_can.o(i.HAL_CAN_ActivateNotification)
    HAL_CAN_AddTxMessage                     0x0800125f   Thumb Code   342  stm32f4xx_hal_can.o(i.HAL_CAN_AddTxMessage)
    HAL_CAN_ConfigFilter                     0x080013b5   Thumb Code   286  stm32f4xx_hal_can.o(i.HAL_CAN_ConfigFilter)
    HAL_CAN_ErrorCallback                    0x080014d9   Thumb Code     2  stm32f4xx_hal_can.o(i.HAL_CAN_ErrorCallback)
    HAL_CAN_GetRxMessage                     0x080014db   Thumb Code   378  stm32f4xx_hal_can.o(i.HAL_CAN_GetRxMessage)
    HAL_CAN_IRQHandler                       0x08001655   Thumb Code   590  stm32f4xx_hal_can.o(i.HAL_CAN_IRQHandler)
    HAL_CAN_Init                             0x080018a3   Thumb Code   372  stm32f4xx_hal_can.o(i.HAL_CAN_Init)
    HAL_CAN_MspInit                          0x08001a19   Thumb Code   328  can.o(i.HAL_CAN_MspInit)
    HAL_CAN_RxFifo0FullCallback              0x08001b79   Thumb Code     2  stm32f4xx_hal_can.o(i.HAL_CAN_RxFifo0FullCallback)
    HAL_CAN_RxFifo0MsgPendingCallback        0x08001b7d   Thumb Code    30  can1.o(i.HAL_CAN_RxFifo0MsgPendingCallback)
    HAL_CAN_RxFifo1FullCallback              0x08001ba5   Thumb Code     2  stm32f4xx_hal_can.o(i.HAL_CAN_RxFifo1FullCallback)
    HAL_CAN_RxFifo1MsgPendingCallback        0x08001ba7   Thumb Code     2  stm32f4xx_hal_can.o(i.HAL_CAN_RxFifo1MsgPendingCallback)
    HAL_CAN_SleepCallback                    0x08001ba9   Thumb Code     2  stm32f4xx_hal_can.o(i.HAL_CAN_SleepCallback)
    HAL_CAN_Start                            0x08001bab   Thumb Code    94  stm32f4xx_hal_can.o(i.HAL_CAN_Start)
    HAL_CAN_TxMailbox0AbortCallback          0x08001c09   Thumb Code     2  stm32f4xx_hal_can.o(i.HAL_CAN_TxMailbox0AbortCallback)
    HAL_CAN_TxMailbox0CompleteCallback       0x08001c0b   Thumb Code     2  stm32f4xx_hal_can.o(i.HAL_CAN_TxMailbox0CompleteCallback)
    HAL_CAN_TxMailbox1AbortCallback          0x08001c0d   Thumb Code     2  stm32f4xx_hal_can.o(i.HAL_CAN_TxMailbox1AbortCallback)
    HAL_CAN_TxMailbox1CompleteCallback       0x08001c0f   Thumb Code     2  stm32f4xx_hal_can.o(i.HAL_CAN_TxMailbox1CompleteCallback)
    HAL_CAN_TxMailbox2AbortCallback          0x08001c11   Thumb Code     2  stm32f4xx_hal_can.o(i.HAL_CAN_TxMailbox2AbortCallback)
    HAL_CAN_TxMailbox2CompleteCallback       0x08001c13   Thumb Code     2  stm32f4xx_hal_can.o(i.HAL_CAN_TxMailbox2CompleteCallback)
    HAL_CAN_WakeUpFromRxMsgCallback          0x08001c15   Thumb Code     2  stm32f4xx_hal_can.o(i.HAL_CAN_WakeUpFromRxMsgCallback)
    HAL_DMA_Abort                            0x08001c17   Thumb Code   172  stm32f4xx_hal_dma.o(i.HAL_DMA_Abort)
    HAL_DMA_Abort_IT                         0x08001cc3   Thumb Code    40  stm32f4xx_hal_dma.o(i.HAL_DMA_Abort_IT)
    HAL_DMA_IRQHandler                       0x08001ced   Thumb Code   570  stm32f4xx_hal_dma.o(i.HAL_DMA_IRQHandler)
    HAL_DMA_Init                             0x08001f2d   Thumb Code   232  stm32f4xx_hal_dma.o(i.HAL_DMA_Init)
    HAL_GPIO_EXTI_Callback                   0x08002019   Thumb Code     2  stm32f4xx_hal_gpio.o(i.HAL_GPIO_EXTI_Callback)
    HAL_GPIO_EXTI_IRQHandler                 0x0800201d   Thumb Code    24  stm32f4xx_hal_gpio.o(i.HAL_GPIO_EXTI_IRQHandler)
    HAL_GPIO_Init                            0x08002039   Thumb Code   454  stm32f4xx_hal_gpio.o(i.HAL_GPIO_Init)
    HAL_GPIO_WritePin                        0x0800222d   Thumb Code    12  stm32f4xx_hal_gpio.o(i.HAL_GPIO_WritePin)
    HAL_GetTick                              0x08002239   Thumb Code     6  stm32f4xx_hal.o(i.HAL_GetTick)
    HAL_IncTick                              0x08002245   Thumb Code    16  stm32f4xx_hal.o(i.HAL_IncTick)
    HAL_Init                                 0x0800225d   Thumb Code    54  stm32f4xx_hal.o(i.HAL_Init)
    HAL_InitTick                             0x08002299   Thumb Code   140  stm32f4xx_hal_timebase_tim.o(i.HAL_InitTick)
    HAL_MspInit                              0x08002339   Thumb Code    78  stm32f4xx_hal_msp.o(i.HAL_MspInit)
    HAL_NVIC_EnableIRQ                       0x0800238d   Thumb Code    32  stm32f4xx_hal_cortex.o(i.HAL_NVIC_EnableIRQ)
    HAL_NVIC_SetPriority                     0x080023ad   Thumb Code   124  stm32f4xx_hal_cortex.o(i.HAL_NVIC_SetPriority)
    HAL_NVIC_SetPriorityGrouping             0x08002429   Thumb Code    32  stm32f4xx_hal_cortex.o(i.HAL_NVIC_SetPriorityGrouping)
    HAL_RCC_ClockConfig                      0x08002451   Thumb Code   368  stm32f4xx_hal_rcc.o(i.HAL_RCC_ClockConfig)
    HAL_RCC_GetClockConfig                   0x080025d5   Thumb Code    58  stm32f4xx_hal_rcc.o(i.HAL_RCC_GetClockConfig)
    HAL_RCC_GetHCLKFreq                      0x08002619   Thumb Code     6  stm32f4xx_hal_rcc.o(i.HAL_RCC_GetHCLKFreq)
    HAL_RCC_GetPCLK1Freq                     0x08002625   Thumb Code    22  stm32f4xx_hal_rcc.o(i.HAL_RCC_GetPCLK1Freq)
    HAL_RCC_GetPCLK2Freq                     0x08002645   Thumb Code    22  stm32f4xx_hal_rcc.o(i.HAL_RCC_GetPCLK2Freq)
    HAL_RCC_GetSysClockFreq                  0x08002665   Thumb Code   162  stm32f4xx_hal_rcc.o(i.HAL_RCC_GetSysClockFreq)
    HAL_RCC_OscConfig                        0x08002715   Thumb Code  1172  stm32f4xx_hal_rcc.o(i.HAL_RCC_OscConfig)
    HAL_SPI_Init                             0x08002bb1   Thumb Code   200  stm32f4xx_hal_spi.o(i.HAL_SPI_Init)
    HAL_SPI_MspInit                          0x08002c79   Thumb Code   304  spi.o(i.HAL_SPI_MspInit)
    HAL_TIMEx_BreakCallback                  0x08002dc5   Thumb Code     2  stm32f4xx_hal_tim_ex.o(i.HAL_TIMEx_BreakCallback)
    HAL_TIMEx_CommutCallback                 0x08002dc7   Thumb Code     2  stm32f4xx_hal_tim_ex.o(i.HAL_TIMEx_CommutCallback)
    HAL_TIM_Base_Init                        0x08002dc9   Thumb Code   102  stm32f4xx_hal_tim.o(i.HAL_TIM_Base_Init)
    HAL_TIM_Base_MspInit                     0x08002e31   Thumb Code    62  tim.o(i.HAL_TIM_Base_MspInit)
    HAL_TIM_Base_Start_IT                    0x08002e79   Thumb Code   138  stm32f4xx_hal_tim.o(i.HAL_TIM_Base_Start_IT)
    HAL_TIM_IC_CaptureCallback               0x08002f21   Thumb Code     2  stm32f4xx_hal_tim.o(i.HAL_TIM_IC_CaptureCallback)
    HAL_TIM_IRQHandler                       0x08002f23   Thumb Code   406  stm32f4xx_hal_tim.o(i.HAL_TIM_IRQHandler)
    HAL_TIM_MspPostInit                      0x080030b9   Thumb Code    86  tim.o(i.HAL_TIM_MspPostInit)
    HAL_TIM_OC_DelayElapsedCallback          0x0800311d   Thumb Code     2  stm32f4xx_hal_tim.o(i.HAL_TIM_OC_DelayElapsedCallback)
    HAL_TIM_PWM_ConfigChannel                0x0800311f   Thumb Code   260  stm32f4xx_hal_tim.o(i.HAL_TIM_PWM_ConfigChannel)
    HAL_TIM_PWM_Init                         0x08003223   Thumb Code   102  stm32f4xx_hal_tim.o(i.HAL_TIM_PWM_Init)
    HAL_TIM_PWM_MspInit                      0x08003289   Thumb Code     2  stm32f4xx_hal_tim.o(i.HAL_TIM_PWM_MspInit)
    HAL_TIM_PWM_PulseFinishedCallback        0x0800328b   Thumb Code     2  stm32f4xx_hal_tim.o(i.HAL_TIM_PWM_PulseFinishedCallback)
    HAL_TIM_PeriodElapsedCallback            0x0800328d   Thumb Code    18  main.o(i.HAL_TIM_PeriodElapsedCallback)
    HAL_TIM_TriggerCallback                  0x080032a5   Thumb Code     2  stm32f4xx_hal_tim.o(i.HAL_TIM_TriggerCallback)
    HAL_UARTEx_RxEventCallback               0x080032a7   Thumb Code     2  stm32f4xx_hal_uart.o(i.HAL_UARTEx_RxEventCallback)
    HAL_UART_ErrorCallback                   0x080032a9   Thumb Code     2  stm32f4xx_hal_uart.o(i.HAL_UART_ErrorCallback)
    HAL_UART_IRQHandler                      0x080032ad   Thumb Code   732  stm32f4xx_hal_uart.o(i.HAL_UART_IRQHandler)
    HAL_UART_Init                            0x0800358d   Thumb Code   114  stm32f4xx_hal_uart.o(i.HAL_UART_Init)
    HAL_UART_MspInit                         0x08003601   Thumb Code   450  usart.o(i.HAL_UART_MspInit)
    HAL_UART_RxCpltCallback                  0x080037ed   Thumb Code     2  stm32f4xx_hal_uart.o(i.HAL_UART_RxCpltCallback)
    HAL_UART_TxCpltCallback                  0x080037ef   Thumb Code     2  stm32f4xx_hal_uart.o(i.HAL_UART_TxCpltCallback)
    HardFault_Handler                        0x08003837   Thumb Code     4  stm32f4xx_it.o(i.HardFault_Handler)
    MX_CAN1_Init                             0x0800387d   Thumb Code    62  can.o(i.MX_CAN1_Init)
    MX_CAN2_Init                             0x080038c5   Thumb Code    62  can.o(i.MX_CAN2_Init)
    MX_DMA_Init                              0x0800390d   Thumb Code   146  dma.o(i.MX_DMA_Init)
    MX_FREERTOS_Init                         0x080039a5   Thumb Code    54  freertos.o(i.MX_FREERTOS_Init)
    MX_GPIO_Init                             0x080039e9   Thumb Code   344  gpio.o(i.MX_GPIO_Init)
    MX_SPI1_Init                             0x08003b51   Thumb Code    62  spi.o(i.MX_SPI1_Init)
    MX_TIM10_Init                            0x08003b99   Thumb Code   100  tim.o(i.MX_TIM10_Init)
    MX_USART3_UART_Init                      0x08003c05   Thumb Code    48  usart.o(i.MX_USART3_UART_Init)
    MX_USART6_UART_Init                      0x08003c41   Thumb Code    46  usart.o(i.MX_USART6_UART_Init)
    MemManage_Handler                        0x08003c79   Thumb Code     4  stm32f4xx_it.o(i.MemManage_Handler)
    NMI_Handler                              0x08003c7d   Thumb Code     4  stm32f4xx_it.o(i.NMI_Handler)
    Online_callback                          0x08003c81   Thumb Code     2  bsp_dr16.o(i.Online_callback)
    PidCalculate                             0x08003cc5   Thumb Code   440  pid.o(i.PidCalculate)
    PidInit                                  0x08003e7d   Thumb Code    62  pid.o(i.PidInit)
    PidInitMode                              0x08003ebb   Thumb Code   138  pid.o(i.PidInitMode)
    RC_DataProcess                           0x08003f45   Thumb Code   262  bsp_dr16.o(i.RC_DataProcess)
    RC_Get_RC_Pointer                        0x0800404d   Thumb Code     4  bsp_dr16.o(i.RC_Get_RC_Pointer)
    RC_Init                                  0x08004055   Thumb Code   136  bsp_dr16.o(i.RC_Init)
    RC_UART_IRQHandler                       0x080040dd   Thumb Code   260  bsp_dr16.o(i.RC_UART_IRQHandler)
    REFEREE_UART_IRQHandler                  0x080041ed   Thumb Code   312  bsp_referee.o(i.REFEREE_UART_IRQHandler)
    RF_Motor_Disconnect                      0x080043c1   Thumb Code     8  can1.o(i.RF_Motor_Disconnect)
    RF_Motor_Online                          0x080043cd   Thumb Code    94  can1.o(i.RF_Motor_Online)
    RefereeDataDeal                          0x0800455b   Thumb Code   544  bsp_referee.o(i.RefereeDataDeal)
    Safe_Init                                0x08004805   Thumb Code    42  safe_task.o(i.Safe_Init)
    Safe_Task_online_name_                   0x0800483d   Thumb Code    52  safe_task.o(i.Safe_Task_online_name_)
    Safe_task_add                            0x08004875   Thumb Code   100  safe_task.o(i.Safe_task_add)
    Send_to_Gimbal                           0x080048dd   Thumb Code   216  can2.o(i.Send_to_Gimbal)
    StartDefaultTask                         0x080049cd   Thumb Code    10  freertos.o(i.StartDefaultTask)
    SysTick_Handler                          0x080049d9   Thumb Code    46  port.o(i.SysTick_Handler)
    SystemClock_Config                       0x08004a0d   Thumb Code   170  main.o(i.SystemClock_Config)
    SystemInit                               0x08004ac1   Thumb Code    14  system_stm32f4xx.o(i.SystemInit)
    TIM1_UP_TIM10_IRQHandler                 0x08004ad5   Thumb Code    16  stm32f4xx_it.o(i.TIM1_UP_TIM10_IRQHandler)
    TIM_Base_SetConfig                       0x08004aed   Thumb Code   170  stm32f4xx_hal_tim.o(i.TIM_Base_SetConfig)
    TIM_OC2_SetConfig                        0x08004c35   Thumb Code   114  stm32f4xx_hal_tim.o(i.TIM_OC2_SetConfig)
    USART3_IRQHandler                        0x080051f1   Thumb Code    14  stm32f4xx_it.o(i.USART3_IRQHandler)
    USART6_IRQHandler                        0x08005205   Thumb Code    16  stm32f4xx_it.o(i.USART6_IRQHandler)
    UsageFault_Handler                       0x08005219   Thumb Code     4  stm32f4xx_it.o(i.UsageFault_Handler)
    Verify_CRC16_Check_Sum                   0x0800521d   Thumb Code    60  crc.o(i.Verify_CRC16_Check_Sum)
    Verify_CRC8_Check_Sum                    0x0800525d   Thumb Code    46  crc.o(i.Verify_CRC8_Check_Sum)
    __scatterload_copy                       0x080052c5   Thumb Code    14  handlers.o(i.__scatterload_copy)
    __scatterload_null                       0x080052d3   Thumb Code     2  handlers.o(i.__scatterload_null)
    __scatterload_zeroinit                   0x080052d5   Thumb Code    14  handlers.o(i.__scatterload_zeroinit)
    angle_limiting_int16                     0x080052e3   Thumb Code    36  bsp_motor_encoder.o(i.angle_limiting_int16)
    fire_init                                0x08005511   Thumb Code   144  fire_task.o(i.fire_init)
    fire_work                                0x080055bd   Thumb Code   368  fire_task.o(i.fire_work)
    get_Robot_cmd_point                      0x08005785   Thumb Code    24  robot_cmd.o(i.get_Robot_cmd_point)
    get_imu_control_point                    0x080057a5   Thumb Code     4  imu_task.o(i.get_imu_control_point)
    init_Task                                0x080057ad   Thumb Code    72  init_task_1.o(i.init_Task)
    main                                     0x08005805   Thumb Code    58  main.o(i.main)
    malloc                                   0x0800584d   Thumb Code    92  malloc.o(i.malloc)
    motor_position_speed_control             0x080058b9   Thumb Code    74  pid.o(i.motor_position_speed_control)
    osDelay                                  0x08005903   Thumb Code    24  cmsis_os.o(i.osDelay)
    osKernelStart                            0x0800591b   Thumb Code    10  cmsis_os.o(i.osKernelStart)
    osThreadCreate                           0x08005925   Thumb Code    94  cmsis_os.o(i.osThreadCreate)
    pid_clear                                0x08005985   Thumb Code    74  pid.o(i.pid_clear)
    pvPortMalloc                             0x08005e55   Thumb Code   306  heap_4.o(i.pvPortMalloc)
    pxPortInitialiseStack                    0x08005fa1   Thumb Code    38  port.o(i.pxPortInitialiseStack)
    rc_deadline_limit                        0x08005fcd   Thumb Code    20  bsp_dr16.o(i.rc_deadline_limit)
    rc_lost_time_refresh                     0x08005fe1   Thumb Code    14  bsp_dr16.o(i.rc_lost_time_refresh)
    referee_uart_init                        0x08005ff5   Thumb Code   136  bsp_referee.o(i.referee_uart_init)
    uxListRemove                             0x0800607d   Thumb Code    40  list.o(i.uxListRemove)
    vApplicationGetIdleTaskMemory            0x080060a5   Thumb Code    14  freertos.o(i.vApplicationGetIdleTaskMemory)
    vListInitialise                          0x080060bd   Thumb Code    26  list.o(i.vListInitialise)
    vListInitialiseItem                      0x080060d7   Thumb Code     6  list.o(i.vListInitialiseItem)
    vListInsert                              0x080060dd   Thumb Code    52  list.o(i.vListInsert)
    vListInsertEnd                           0x08006111   Thumb Code    24  list.o(i.vListInsertEnd)
    vPortEnterCritical                       0x08006129   Thumb Code    76  port.o(i.vPortEnterCritical)
    vPortExitCritical                        0x0800617d   Thumb Code    56  port.o(i.vPortExitCritical)
    vPortFree                                0x080061b9   Thumb Code   150  heap_4.o(i.vPortFree)
    vPortSetupTimerInterrupt                 0x0800625d   Thumb Code    36  port.o(i.vPortSetupTimerInterrupt)
    vTaskDelay                               0x08006285   Thumb Code    82  tasks.o(i.vTaskDelay)
    vTaskDelete                              0x080062e1   Thumb Code   202  tasks.o(i.vTaskDelete)
    vTaskStartScheduler                      0x080063d5   Thumb Code   146  tasks.o(i.vTaskStartScheduler)
    vTaskSuspendAll                          0x08006485   Thumb Code    12  tasks.o(i.vTaskSuspendAll)
    vTaskSwitchContext                       0x08006495   Thumb Code   118  tasks.o(i.vTaskSwitchContext)
    xPortStartScheduler                      0x08006521   Thumb Code   330  port.o(i.xPortStartScheduler)
    xTaskCreate                              0x08006689   Thumb Code   100  tasks.o(i.xTaskCreate)
    xTaskCreateStatic                        0x080066ed   Thumb Code   186  tasks.o(i.xTaskCreateStatic)
    xTaskGetTickCount                        0x080067a9   Thumb Code     6  tasks.o(i.xTaskGetTickCount)
    xTaskIncrementTick                       0x080067b5   Thumb Code   282  tasks.o(i.xTaskIncrementTick)
    xTaskResumeAll                           0x080068fd   Thumb Code   224  tasks.o(i.xTaskResumeAll)
    AHBPrescTable                            0x08006a40   Data          16  system_stm32f4xx.o(.constdata)
    APBPrescTable                            0x08006a50   Data           8  system_stm32f4xx.o(.constdata)
    CRC8_INIT                                0x08006a74   Data           1  crc.o(.constdata)
    CRC8_TAB                                 0x08006a75   Data         256  crc.o(.constdata)
    wCRC_Table                               0x08006b76   Data         512  crc.o(.constdata)
    Region$$Table$$Base                      0x08006d9c   Number         0  anon$$obj.o(Region$$Table)
    Region$$Table$$Limit                     0x08006dbc   Number         0  anon$$obj.o(Region$$Table)
    defaultTaskHandle                        0x20000000   Data           4  freertos.o(.data)
    Init_TASKHandle                          0x20000004   Data           4  freertos.o(.data)
    uwTick                                   0x2000000c   Data           4  stm32f4xx_hal.o(.data)
    uwTickPrio                               0x20000010   Data           4  stm32f4xx_hal.o(.data)
    uwTickFreq                               0x20000014   Data           1  stm32f4xx_hal.o(.data)
    SystemCoreClock                          0x20000018   Data           4  system_stm32f4xx.o(.data)
    pxCurrentTCB                             0x2000001c   Data           4  tasks.o(.data)
    fire_task                                0x2000009c   Data         312  fire_task.o(.data)
    RUN_cycle_MS                             0x200001dc   Data           4  safe_task.o(.data)
    Head                                     0x200001e0   Data           4  safe_task.o(.data)
    init_falg                                0x200001e4   Data           1  safe_task.o(.data)
    Chassis_TASKHandle                       0x200001e8   Data           4  init_task_1.o(.data)
    Fire_TaskHandler                         0x200001ec   Data           4  init_task_1.o(.data)
    TASK_CHASSISHandle                       0x200001f0   Data           4  init_task_1.o(.data)
    IMUTask_Handler                          0x200001f4   Data           4  init_task_1.o(.data)
    DIS                                      0x200001fe   Data           1  bsp_dr16.o(.data)
    det                                      0x200001ff   Data           1  bsp_dr16.o(.data)
    CRC_INIT                                 0x20000202   Data           2  crc.o(.data)
    speed                                    0x20000204   Data           4  can1.o(.data)
    add_speed                                0x20000208   Data           4  can1.o(.data)
    can1_callback                            0x2000020c   Data           4  can1.o(.data)
    CAN1_Rx_Data                             0x20000210   Data           8  can1.o(.data)
    CAN1_Tx_Data                             0x2000021c   Data           8  can1.o(.data)
    Motor_online                             0x20000224   Data           4  can1.o(.data)
    can2_callback                            0x20000228   Data           4  can2.o(.data)
    CAN2_Rx_Data                             0x2000022c   Data           8  can2.o(.data)
    CAN2_Tx_Data                             0x20000238   Data           8  can2.o(.data)
    can_FSM_Chassis                          0x20000240   Data           4  can2.o(.data)
    rc_ctl                                   0x20000248   Data           4  can2.o(.data)
    SysTime                                  0x20000250   Data           8  bsp_dwt.o(.data)
    CYCCNT64                                 0x20000270   Data           8  bsp_dwt.o(.data)
    __microlib_freelist                      0x20000290   Data           4  mvars.o(.data)
    __microlib_freelist_initialised          0x20000294   Data           4  mvars.o(.data)
    hcan1                                    0x200004ec   Data          40  can.o(.bss)
    hcan2                                    0x20000514   Data          40  can.o(.bss)
    hspi1                                    0x2000053c   Data          88  spi.o(.bss)
    hdma_spi1_rx                             0x20000594   Data          96  spi.o(.bss)
    hdma_spi1_tx                             0x200005f4   Data          96  spi.o(.bss)
    htim10                                   0x20000654   Data          72  tim.o(.bss)
    huart3                                   0x2000069c   Data          68  usart.o(.bss)
    huart6                                   0x200006e0   Data          68  usart.o(.bss)
    hdma_usart3_rx                           0x20000724   Data          96  usart.o(.bss)
    hdma_usart6_rx                           0x20000784   Data          96  usart.o(.bss)
    hdma_usart6_tx                           0x200007e4   Data          96  usart.o(.bss)
    htim1                                    0x20000844   Data          72  stm32f4xx_hal_timebase_tim.o(.bss)
    Robot_cmd                                0x2000457c   Data          48  robot_cmd.o(.bss)
    INS                                      0x2000463c   Data         152  imu_task.o(.bss)
    IMU_Param                                0x200046d4   Data          28  imu_task.o(.bss)
    TempCtrl                                 0x200046f0   Data         144  imu_task.o(.bss)
    qq                                       0x20004780   Data          16  imu_task.o(.bss)
    Sbus_RX_Buffer                           0x200047a8   Data          72  bsp_dr16.o(.bss)
    CAN_Encoder                              0x200047f0   Data         350  bsp_motor_encoder.o(.bss)
    Referee_RX_Buffer                        0x2000494e   Data         512  bsp_referee.o(.bss)
    Referee_Data                             0x20004b4e   Data         256  bsp_referee.o(.bss)
    referee                                  0x20004c4e   Data         503  bsp_referee.o(.bss)
    LF_Motor                                 0x20004e48   Data          10  can1.o(.bss)
    RF_Motor                                 0x20004e52   Data          10  can1.o(.bss)
    LB_Motor                                 0x20004e5c   Data          10  can1.o(.bss)
    RB_Motor                                 0x20004e66   Data          10  can1.o(.bss)
    FIRE_Motor                               0x20004e70   Data          10  can1.o(.bss)
    Supercap_receive                         0x20004e7c   Data          16  can1.o(.bss)
    jiasudu                                  0x20004e8c   Data         144  can1.o(.bss)
    last_call_back_time                      0x20004f50   Data          20  can1.o(.bss)
    __heap_base                              0x20004f98   Data           0  startup_stm32f407xx.o(HEAP)
    __heap_limit                             0x20006f98   Data           0  startup_stm32f407xx.o(HEAP)
    __initial_sp                             0x20008f98   Data           0  startup_stm32f407xx.o(STACK)



==============================================================================

Memory Map of the image

  Image Entry point : 0x08000189

  Load Region LR_IROM1 (Base: 0x08000000, Size: 0x00007054, Max: 0x00100000, ABSOLUTE, COMPRESSED[0x00006de0])

    Execution Region ER_IROM1 (Exec base: 0x08000000, Load base: 0x08000000, Size: 0x00006dbc, Max: 0x00100000, ABSOLUTE)

    Exec Addr    Load Addr    Size         Type   Attr      Idx    E Section Name        Object

    0x08000000   0x08000000   0x00000188   Data   RO            3    RESET               startup_stm32f407xx.o
    0x08000188   0x08000188   0x00000000   Code   RO         7986  * .ARM.Collect$$$$00000000  mc_w.l(entry.o)
    0x08000188   0x08000188   0x00000004   Code   RO         8057    .ARM.Collect$$$$00000001  mc_w.l(entry2.o)
    0x0800018c   0x0800018c   0x00000004   Code   RO         8060    .ARM.Collect$$$$00000004  mc_w.l(entry5.o)
    0x08000190   0x08000190   0x00000000   Code   RO         8062    .ARM.Collect$$$$00000008  mc_w.l(entry7b.o)
    0x08000190   0x08000190   0x00000000   Code   RO         8064    .ARM.Collect$$$$0000000A  mc_w.l(entry8b.o)
    0x08000190   0x08000190   0x00000008   Code   RO         8065    .ARM.Collect$$$$0000000B  mc_w.l(entry9a.o)
    0x08000198   0x08000198   0x00000004   Code   RO         8072    .ARM.Collect$$$$0000000E  mc_w.l(entry12b.o)
    0x0800019c   0x0800019c   0x00000000   Code   RO         8067    .ARM.Collect$$$$0000000F  mc_w.l(entry10a.o)
    0x0800019c   0x0800019c   0x00000000   Code   RO         8069    .ARM.Collect$$$$00000011  mc_w.l(entry11a.o)
    0x0800019c   0x0800019c   0x00000004   Code   RO         8058    .ARM.Collect$$$$00002712  mc_w.l(entry2.o)
    0x080001a0   0x080001a0   0x000000be   Code   RO         5142    .emb_text           port.o
    0x0800025e   0x0800025e   0x00000002   PAD
    0x08000260   0x08000260   0x00000024   Code   RO            4    .text               startup_stm32f407xx.o
    0x08000284   0x08000284   0x00000062   Code   RO         7989    .text               mc_w.l(uldiv.o)
    0x080002e6   0x080002e6   0x00000024   Code   RO         7991    .text               mc_w.l(memcpya.o)
    0x0800030a   0x0800030a   0x00000024   Code   RO         7995    .text               mc_w.l(memseta.o)
    0x0800032e   0x0800032e   0x0000001c   Code   RO         7997    .text               mc_w.l(strcmp.o)
    0x0800034a   0x0800034a   0x00000012   Code   RO         7999    .text               mc_w.l(strcpy.o)
    0x0800035c   0x0800035c   0x0000001e   Code   RO         8073    .text               mc_w.l(llshl.o)
    0x0800037a   0x0800037a   0x00000020   Code   RO         8075    .text               mc_w.l(llushr.o)
    0x0800039a   0x0800039a   0x00000002   PAD
    0x0800039c   0x0800039c   0x00000024   Code   RO         8091    .text               mc_w.l(init.o)
    0x080003c0   0x080003c0   0x0000003a   Code   RO         8101    .text               mc_w.l(__dczerorl.o)
    0x080003fa   0x080003fa   0x00000048   Code   RO         6227    i.BULLET_DATA       bsp_referee.o
    0x08000442   0x08000442   0x00000058   Code   RO         6075    i.Block_Detect      bsp_motor_encoder.o
    0x0800049a   0x0800049a   0x00000004   Code   RO          560    i.BusFault_Handler  stm32f4xx_it.o
    0x0800049e   0x0800049e   0x0000000e   Code   RO         6911    i.CAN1_Clear        can1.o
    0x080004ac   0x080004ac   0x0000004c   Code   RO         6912    i.CAN1_Fire_Tx      can1.o
    0x080004f8   0x080004f8   0x00000084   Code   RO         6913    i.CAN1_Init         can1.o
    0x0800057c   0x0800057c   0x00000010   Code   RO          561    i.CAN1_RX0_IRQHandler  stm32f4xx_it.o
    0x0800058c   0x0800058c   0x00000254   Code   RO         6914    i.CAN1_RX_Deal      can1.o
    0x080007e0   0x080007e0   0x00000044   Code   RO         6917    i.CAN1_filter_config  can1.o
    0x08000824   0x08000824   0x00000024   Code   RO         7061    i.CAN2_Init         can2.o
    0x08000848   0x08000848   0x00000010   Code   RO          562    i.CAN2_RX0_IRQHandler  stm32f4xx_it.o
    0x08000858   0x08000858   0x00000054   Code   RO         7062    i.CAN2_RX_Deal      can2.o
    0x080008ac   0x080008ac   0x00000044   Code   RO         7063    i.CAN2_filter_config  can2.o
    0x080008f0   0x080008f0   0x00000118   Code   RO         6077    i.CAN_DATA_Encoder_Deal  bsp_motor_encoder.o
    0x08000a08   0x08000a08   0x00000042   Code   RO         6228    i.CLIENT_DATA       bsp_referee.o
    0x08000a4a   0x08000a4a   0x00000050   Code   RO         6229    i.CLIENT_MAP_DATA   bsp_referee.o
    0x08000a9a   0x08000a9a   0x00000002   PAD
    0x08000a9c   0x08000a9c   0x00000028   Code   RO         5222    i.CMD_Init          robot_cmd.o
    0x08000ac4   0x08000ac4   0x000000cc   Code   RO         6775    i.Changing_Integration_Rate  pid.o
    0x08000b90   0x08000b90   0x00000048   Code   RO         6230    i.DART_CLIENT       bsp_referee.o
    0x08000bd8   0x08000bd8   0x00000046   Code   RO         6231    i.DART_REAMAINING_TIME  bsp_referee.o
    0x08000c1e   0x08000c1e   0x00000002   PAD
    0x08000c20   0x08000c20   0x00000010   Code   RO          563    i.DMA1_Stream1_IRQHandler  stm32f4xx_it.o
    0x08000c30   0x08000c30   0x00000010   Code   RO          564    i.DMA2_Stream0_IRQHandler  stm32f4xx_it.o
    0x08000c40   0x08000c40   0x00000010   Code   RO          565    i.DMA2_Stream1_IRQHandler  stm32f4xx_it.o
    0x08000c50   0x08000c50   0x00000010   Code   RO          566    i.DMA2_Stream3_IRQHandler  stm32f4xx_it.o
    0x08000c60   0x08000c60   0x00000010   Code   RO          567    i.DMA2_Stream6_IRQHandler  stm32f4xx_it.o
    0x08000c70   0x08000c70   0x00000034   Code   RO         1510    i.DMA_CalcBaseAndBitshift  stm32f4xx_hal_dma.o
    0x08000ca4   0x08000ca4   0x000000aa   Code   RO         1511    i.DMA_CheckFifoParam  stm32f4xx_hal_dma.o
    0x08000d4e   0x08000d4e   0x00000002   PAD
    0x08000d50   0x08000d50   0x00000068   Code   RO         7261    i.DWT_Init          bsp_dwt.o
    0x08000db8   0x08000db8   0x00000002   Code   RO          568    i.DebugMon_Handler  stm32f4xx_it.o
    0x08000dba   0x08000dba   0x00000002   PAD
    0x08000dbc   0x08000dbc   0x00000010   Code   RO         5964    i.Disconnect_callBack  bsp_dr16.o
    0x08000dcc   0x08000dcc   0x00000038   Code   RO         5965    i.ECF_RC_Init       bsp_dr16.o
    0x08000e04   0x08000e04   0x0000001c   Code   RO         5966    i.ECF_RC_UART_Handler  bsp_dr16.o
    0x08000e20   0x08000e20   0x0000001c   Code   RO         6232    i.ECF_referee_uart_init  bsp_referee.o
    0x08000e3c   0x08000e3c   0x0000003c   Code   RO         6233    i.EVENT_DATA        bsp_referee.o
    0x08000e78   0x08000e78   0x0000000a   Code   RO          569    i.EXTI4_IRQHandler  stm32f4xx_it.o
    0x08000e82   0x08000e82   0x0000000a   Code   RO          570    i.EXTI9_5_IRQHandler  stm32f4xx_it.o
    0x08000e8c   0x08000e8c   0x00000076   Code   RO         6079    i.Encoder_Init      bsp_motor_encoder.o
    0x08000f02   0x08000f02   0x0000000e   Code   RO         6080    i.Encoder_Struct_Zero  bsp_motor_encoder.o
    0x08000f10   0x08000f10   0x00000006   Code   RO           13    i.Error_Handler     main.o
    0x08000f16   0x08000f16   0x00000002   PAD
    0x08000f18   0x08000f18   0x00000014   Code   RO         5579    i.Fire_Send_current  fire_task.o
    0x08000f2c   0x08000f2c   0x000000e8   Code   RO         5225    i.Fire_Set          robot_cmd.o
    0x08001014   0x08001014   0x00000022   Code   RO         5580    i.Fire_Task         fire_task.o
    0x08001036   0x08001036   0x00000002   PAD
    0x08001038   0x08001038   0x00000024   Code   RO         5581    i.Fire_acion        fire_task.o
    0x0800105c   0x0800105c   0x00000060   Code   RO         6234    i.GAME_RESULT       bsp_referee.o
    0x080010bc   0x080010bc   0x00000056   Code   RO         6235    i.GAME_STATUS       bsp_referee.o
    0x08001112   0x08001112   0x00000002   PAD
    0x08001114   0x08001114   0x00000034   Code   RO         6863    i.Get_CRC16_Check_Sum  crc.o
    0x08001148   0x08001148   0x00000024   Code   RO         6864    i.Get_CRC8_Check_Sum  crc.o
    0x0800116c   0x0800116c   0x00000088   Code   RO         6081    i.Get_Chassis_motor_encoder_point  bsp_motor_encoder.o
    0x080011f4   0x080011f4   0x00000040   Code   RO         6919    i.Get_Measure_Address  can1.o
    0x08001234   0x08001234   0x0000002a   Code   RO          773    i.HAL_CAN_ActivateNotification  stm32f4xx_hal_can.o
    0x0800125e   0x0800125e   0x00000156   Code   RO          774    i.HAL_CAN_AddTxMessage  stm32f4xx_hal_can.o
    0x080013b4   0x080013b4   0x00000124   Code   RO          775    i.HAL_CAN_ConfigFilter  stm32f4xx_hal_can.o
    0x080014d8   0x080014d8   0x00000002   Code   RO          778    i.HAL_CAN_ErrorCallback  stm32f4xx_hal_can.o
    0x080014da   0x080014da   0x0000017a   Code   RO          781    i.HAL_CAN_GetRxMessage  stm32f4xx_hal_can.o
    0x08001654   0x08001654   0x0000024e   Code   RO          785    i.HAL_CAN_IRQHandler  stm32f4xx_hal_can.o
    0x080018a2   0x080018a2   0x00000174   Code   RO          786    i.HAL_CAN_Init      stm32f4xx_hal_can.o
    0x08001a16   0x08001a16   0x00000002   PAD
    0x08001a18   0x08001a18   0x00000160   Code   RO          350    i.HAL_CAN_MspInit   can.o
    0x08001b78   0x08001b78   0x00000002   Code   RO          793    i.HAL_CAN_RxFifo0FullCallback  stm32f4xx_hal_can.o
    0x08001b7a   0x08001b7a   0x00000002   PAD
    0x08001b7c   0x08001b7c   0x00000028   Code   RO         6921    i.HAL_CAN_RxFifo0MsgPendingCallback  can1.o
    0x08001ba4   0x08001ba4   0x00000002   Code   RO          795    i.HAL_CAN_RxFifo1FullCallback  stm32f4xx_hal_can.o
    0x08001ba6   0x08001ba6   0x00000002   Code   RO          796    i.HAL_CAN_RxFifo1MsgPendingCallback  stm32f4xx_hal_can.o
    0x08001ba8   0x08001ba8   0x00000002   Code   RO          797    i.HAL_CAN_SleepCallback  stm32f4xx_hal_can.o
    0x08001baa   0x08001baa   0x0000005e   Code   RO          798    i.HAL_CAN_Start     stm32f4xx_hal_can.o
    0x08001c08   0x08001c08   0x00000002   Code   RO          800    i.HAL_CAN_TxMailbox0AbortCallback  stm32f4xx_hal_can.o
    0x08001c0a   0x08001c0a   0x00000002   Code   RO          801    i.HAL_CAN_TxMailbox0CompleteCallback  stm32f4xx_hal_can.o
    0x08001c0c   0x08001c0c   0x00000002   Code   RO          802    i.HAL_CAN_TxMailbox1AbortCallback  stm32f4xx_hal_can.o
    0x08001c0e   0x08001c0e   0x00000002   Code   RO          803    i.HAL_CAN_TxMailbox1CompleteCallback  stm32f4xx_hal_can.o
    0x08001c10   0x08001c10   0x00000002   Code   RO          804    i.HAL_CAN_TxMailbox2AbortCallback  stm32f4xx_hal_can.o
    0x08001c12   0x08001c12   0x00000002   Code   RO          805    i.HAL_CAN_TxMailbox2CompleteCallback  stm32f4xx_hal_can.o
    0x08001c14   0x08001c14   0x00000002   Code   RO          807    i.HAL_CAN_WakeUpFromRxMsgCallback  stm32f4xx_hal_can.o
    0x08001c16   0x08001c16   0x000000ac   Code   RO         1513    i.HAL_DMA_Abort     stm32f4xx_hal_dma.o
    0x08001cc2   0x08001cc2   0x00000028   Code   RO         1514    i.HAL_DMA_Abort_IT  stm32f4xx_hal_dma.o
    0x08001cea   0x08001cea   0x00000002   PAD
    0x08001cec   0x08001cec   0x00000240   Code   RO         1518    i.HAL_DMA_IRQHandler  stm32f4xx_hal_dma.o
    0x08001f2c   0x08001f2c   0x000000ec   Code   RO         1519    i.HAL_DMA_Init      stm32f4xx_hal_dma.o
    0x08002018   0x08002018   0x00000002   Code   RO         1404    i.HAL_GPIO_EXTI_Callback  stm32f4xx_hal_gpio.o
    0x0800201a   0x0800201a   0x00000002   PAD
    0x0800201c   0x0800201c   0x0000001c   Code   RO         1405    i.HAL_GPIO_EXTI_IRQHandler  stm32f4xx_hal_gpio.o
    0x08002038   0x08002038   0x000001f4   Code   RO         1406    i.HAL_GPIO_Init     stm32f4xx_hal_gpio.o
    0x0800222c   0x0800222c   0x0000000c   Code   RO         1410    i.HAL_GPIO_WritePin  stm32f4xx_hal_gpio.o
    0x08002238   0x08002238   0x0000000c   Code   RO         1943    i.HAL_GetTick       stm32f4xx_hal.o
    0x08002244   0x08002244   0x00000018   Code   RO         1949    i.HAL_IncTick       stm32f4xx_hal.o
    0x0800225c   0x0800225c   0x0000003c   Code   RO         1950    i.HAL_Init          stm32f4xx_hal.o
    0x08002298   0x08002298   0x000000a0   Code   RO          733    i.HAL_InitTick      stm32f4xx_hal_timebase_tim.o
    0x08002338   0x08002338   0x00000054   Code   RO          709    i.HAL_MspInit       stm32f4xx_hal_msp.o
    0x0800238c   0x0800238c   0x00000020   Code   RO         1795    i.HAL_NVIC_EnableIRQ  stm32f4xx_hal_cortex.o
    0x080023ac   0x080023ac   0x0000007c   Code   RO         1801    i.HAL_NVIC_SetPriority  stm32f4xx_hal_cortex.o
    0x08002428   0x08002428   0x00000028   Code   RO         1802    i.HAL_NVIC_SetPriorityGrouping  stm32f4xx_hal_cortex.o
    0x08002450   0x08002450   0x00000184   Code   RO         1007    i.HAL_RCC_ClockConfig  stm32f4xx_hal_rcc.o
    0x080025d4   0x080025d4   0x00000044   Code   RO         1011    i.HAL_RCC_GetClockConfig  stm32f4xx_hal_rcc.o
    0x08002618   0x08002618   0x0000000c   Code   RO         1012    i.HAL_RCC_GetHCLKFreq  stm32f4xx_hal_rcc.o
    0x08002624   0x08002624   0x00000020   Code   RO         1014    i.HAL_RCC_GetPCLK1Freq  stm32f4xx_hal_rcc.o
    0x08002644   0x08002644   0x00000020   Code   RO         1015    i.HAL_RCC_GetPCLK2Freq  stm32f4xx_hal_rcc.o
    0x08002664   0x08002664   0x000000b0   Code   RO         1016    i.HAL_RCC_GetSysClockFreq  stm32f4xx_hal_rcc.o
    0x08002714   0x08002714   0x0000049c   Code   RO         1019    i.HAL_RCC_OscConfig  stm32f4xx_hal_rcc.o
    0x08002bb0   0x08002bb0   0x000000c8   Code   RO         2199    i.HAL_SPI_Init      stm32f4xx_hal_spi.o
    0x08002c78   0x08002c78   0x0000014c   Code   RO          423    i.HAL_SPI_MspInit   spi.o
    0x08002dc4   0x08002dc4   0x00000002   Code   RO         3227    i.HAL_TIMEx_BreakCallback  stm32f4xx_hal_tim_ex.o
    0x08002dc6   0x08002dc6   0x00000002   Code   RO         3228    i.HAL_TIMEx_CommutCallback  stm32f4xx_hal_tim_ex.o
    0x08002dc8   0x08002dc8   0x00000066   Code   RO         2512    i.HAL_TIM_Base_Init  stm32f4xx_hal_tim.o
    0x08002e2e   0x08002e2e   0x00000002   PAD
    0x08002e30   0x08002e30   0x00000048   Code   RO          465    i.HAL_TIM_Base_MspInit  tim.o
    0x08002e78   0x08002e78   0x000000a8   Code   RO         2517    i.HAL_TIM_Base_Start_IT  stm32f4xx_hal_tim.o
    0x08002f20   0x08002f20   0x00000002   Code   RO         2546    i.HAL_TIM_IC_CaptureCallback  stm32f4xx_hal_tim.o
    0x08002f22   0x08002f22   0x00000196   Code   RO         2560    i.HAL_TIM_IRQHandler  stm32f4xx_hal_tim.o
    0x080030b8   0x080030b8   0x00000064   Code   RO          466    i.HAL_TIM_MspPostInit  tim.o
    0x0800311c   0x0800311c   0x00000002   Code   RO         2563    i.HAL_TIM_OC_DelayElapsedCallback  stm32f4xx_hal_tim.o
    0x0800311e   0x0800311e   0x00000104   Code   RO         2584    i.HAL_TIM_PWM_ConfigChannel  stm32f4xx_hal_tim.o
    0x08003222   0x08003222   0x00000066   Code   RO         2587    i.HAL_TIM_PWM_Init  stm32f4xx_hal_tim.o
    0x08003288   0x08003288   0x00000002   Code   RO         2589    i.HAL_TIM_PWM_MspInit  stm32f4xx_hal_tim.o
    0x0800328a   0x0800328a   0x00000002   Code   RO         2590    i.HAL_TIM_PWM_PulseFinishedCallback  stm32f4xx_hal_tim.o
    0x0800328c   0x0800328c   0x00000018   Code   RO           14    i.HAL_TIM_PeriodElapsedCallback  main.o
    0x080032a4   0x080032a4   0x00000002   Code   RO         2603    i.HAL_TIM_TriggerCallback  stm32f4xx_hal_tim.o
    0x080032a6   0x080032a6   0x00000002   Code   RO         3505    i.HAL_UARTEx_RxEventCallback  stm32f4xx_hal_uart.o
    0x080032a8   0x080032a8   0x00000002   Code   RO         3519    i.HAL_UART_ErrorCallback  stm32f4xx_hal_uart.o
    0x080032aa   0x080032aa   0x00000002   PAD
    0x080032ac   0x080032ac   0x000002e0   Code   RO         3522    i.HAL_UART_IRQHandler  stm32f4xx_hal_uart.o
    0x0800358c   0x0800358c   0x00000072   Code   RO         3523    i.HAL_UART_Init     stm32f4xx_hal_uart.o
    0x080035fe   0x080035fe   0x00000002   PAD
    0x08003600   0x08003600   0x000001ec   Code   RO          513    i.HAL_UART_MspInit  usart.o
    0x080037ec   0x080037ec   0x00000002   Code   RO         3529    i.HAL_UART_RxCpltCallback  stm32f4xx_hal_uart.o
    0x080037ee   0x080037ee   0x00000002   Code   RO         3534    i.HAL_UART_TxCpltCallback  stm32f4xx_hal_uart.o
    0x080037f0   0x080037f0   0x00000046   Code   RO         6237    i.HURT_DATA         bsp_referee.o
    0x08003836   0x08003836   0x00000004   Code   RO          571    i.HardFault_Handler  stm32f4xx_it.o
    0x0800383a   0x0800383a   0x00000042   Code   RO         6238    i.INTERACT_HEADER   bsp_referee.o
    0x0800387c   0x0800387c   0x00000048   Code   RO          351    i.MX_CAN1_Init      can.o
    0x080038c4   0x080038c4   0x00000048   Code   RO          352    i.MX_CAN2_Init      can.o
    0x0800390c   0x0800390c   0x00000098   Code   RO          398    i.MX_DMA_Init       dma.o
    0x080039a4   0x080039a4   0x00000044   Code   RO          296    i.MX_FREERTOS_Init  freertos.o
    0x080039e8   0x080039e8   0x00000168   Code   RO          272    i.MX_GPIO_Init      gpio.o
    0x08003b50   0x08003b50   0x00000048   Code   RO          424    i.MX_SPI1_Init      spi.o
    0x08003b98   0x08003b98   0x0000006c   Code   RO          467    i.MX_TIM10_Init     tim.o
    0x08003c04   0x08003c04   0x0000003c   Code   RO          514    i.MX_USART3_UART_Init  usart.o
    0x08003c40   0x08003c40   0x00000038   Code   RO          515    i.MX_USART6_UART_Init  usart.o
    0x08003c78   0x08003c78   0x00000004   Code   RO          572    i.MemManage_Handler  stm32f4xx_it.o
    0x08003c7c   0x08003c7c   0x00000004   Code   RO          573    i.NMI_Handler       stm32f4xx_it.o
    0x08003c80   0x08003c80   0x00000002   Code   RO         5967    i.Online_callback   bsp_dr16.o
    0x08003c82   0x08003c82   0x00000042   Code   RO         6239    i.POWER_HEAT        bsp_referee.o
    0x08003cc4   0x08003cc4   0x000001b8   Code   RO         6776    i.PidCalculate      pid.o
    0x08003e7c   0x08003e7c   0x0000003e   Code   RO         6777    i.PidInit           pid.o
    0x08003eba   0x08003eba   0x0000008a   Code   RO         6778    i.PidInitMode       pid.o
    0x08003f44   0x08003f44   0x00000106   Code   RO         5969    i.RC_DataProcess    bsp_dr16.o
    0x0800404a   0x0800404a   0x00000002   PAD
    0x0800404c   0x0800404c   0x00000008   Code   RO         5971    i.RC_Get_RC_Pointer  bsp_dr16.o
    0x08004054   0x08004054   0x00000088   Code   RO         5972    i.RC_Init           bsp_dr16.o
    0x080040dc   0x080040dc   0x00000110   Code   RO         5974    i.RC_UART_IRQHandler  bsp_dr16.o
    0x080041ec   0x080041ec   0x00000148   Code   RO         6240    i.REFEREE_UART_IRQHandler  bsp_referee.o
    0x08004334   0x08004334   0x00000050   Code   RO         6241    i.REFEREE_WARNING   bsp_referee.o
    0x08004384   0x08004384   0x0000003c   Code   RO         6242    i.RFID_STATUS       bsp_referee.o
    0x080043c0   0x080043c0   0x0000000c   Code   RO         6928    i.RF_Motor_Disconnect  can1.o
    0x080043cc   0x080043cc   0x00000070   Code   RO         6929    i.RF_Motor_Online   can1.o
    0x0800443c   0x0800443c   0x00000046   Code   RO         6243    i.ROBOT_BUFF        bsp_referee.o
    0x08004482   0x08004482   0x00000054   Code   RO         6244    i.ROBOT_HP          bsp_referee.o
    0x080044d6   0x080044d6   0x00000042   Code   RO         6245    i.ROBOT_POSITION    bsp_referee.o
    0x08004518   0x08004518   0x00000042   Code   RO         6246    i.ROBOT_STATUS      bsp_referee.o
    0x0800455a   0x0800455a   0x00000220   Code   RO         6247    i.RefereeDataDeal   bsp_referee.o
    0x0800477a   0x0800477a   0x0000004e   Code   RO         6248    i.SHOOT_DATA        bsp_referee.o
    0x080047c8   0x080047c8   0x0000003c   Code   RO         6249    i.SUPPLY_PROJECTILE_ACTION  bsp_referee.o
    0x08004804   0x08004804   0x00000038   Code   RO         5655    i.Safe_Init         safe_task.o
    0x0800483c   0x0800483c   0x00000038   Code   RO         5658    i.Safe_Task_online_name_  safe_task.o
    0x08004874   0x08004874   0x00000068   Code   RO         5660    i.Safe_task_add     safe_task.o
    0x080048dc   0x080048dc   0x000000f0   Code   RO         7064    i.Send_to_Gimbal    can2.o
    0x080049cc   0x080049cc   0x0000000a   Code   RO          297    i.StartDefaultTask  freertos.o
    0x080049d6   0x080049d6   0x00000002   PAD
    0x080049d8   0x080049d8   0x00000034   Code   RO         5143    i.SysTick_Handler   port.o
    0x08004a0c   0x08004a0c   0x000000b4   Code   RO           15    i.SystemClock_Config  main.o
    0x08004ac0   0x08004ac0   0x00000014   Code   RO         3862    i.SystemInit        system_stm32f4xx.o
    0x08004ad4   0x08004ad4   0x00000018   Code   RO          574    i.TIM1_UP_TIM10_IRQHandler  stm32f4xx_it.o
    0x08004aec   0x08004aec   0x000000d8   Code   RO         2605    i.TIM_Base_SetConfig  stm32f4xx_hal_tim.o
    0x08004bc4   0x08004bc4   0x00000070   Code   RO         2618    i.TIM_OC1_SetConfig  stm32f4xx_hal_tim.o
    0x08004c34   0x08004c34   0x0000007c   Code   RO         2619    i.TIM_OC2_SetConfig  stm32f4xx_hal_tim.o
    0x08004cb0   0x08004cb0   0x00000078   Code   RO         2620    i.TIM_OC3_SetConfig  stm32f4xx_hal_tim.o
    0x08004d28   0x08004d28   0x00000054   Code   RO         2621    i.TIM_OC4_SetConfig  stm32f4xx_hal_tim.o
    0x08004d7c   0x08004d7c   0x00000014   Code   RO         3536    i.UART_DMAAbortOnError  stm32f4xx_hal_uart.o
    0x08004d90   0x08004d90   0x0000006c   Code   RO         3546    i.UART_EndRxTransfer  stm32f4xx_hal_uart.o
    0x08004dfc   0x08004dfc   0x00000020   Code   RO         3547    i.UART_EndTransmit_IT  stm32f4xx_hal_uart.o
    0x08004e1c   0x08004e1c   0x000000f8   Code   RO         3549    i.UART_Receive_IT   stm32f4xx_hal_uart.o
    0x08004f14   0x08004f14   0x0000022c   Code   RO         3550    i.UART_SetConfig    stm32f4xx_hal_uart.o
    0x08005140   0x08005140   0x00000060   Code   RO         3553    i.UART_Transmit_IT  stm32f4xx_hal_uart.o
    0x080051a0   0x080051a0   0x00000050   Code   RO         6250    i.UAV_ENERGY_TIME   bsp_referee.o
    0x080051f0   0x080051f0   0x00000014   Code   RO          575    i.USART3_IRQHandler  stm32f4xx_it.o
    0x08005204   0x08005204   0x00000014   Code   RO          576    i.USART6_IRQHandler  stm32f4xx_it.o
    0x08005218   0x08005218   0x00000004   Code   RO          577    i.UsageFault_Handler  stm32f4xx_it.o
    0x0800521c   0x0800521c   0x00000040   Code   RO         6865    i.Verify_CRC16_Check_Sum  crc.o
    0x0800525c   0x0800525c   0x0000002e   Code   RO         6866    i.Verify_CRC8_Check_Sum  crc.o
    0x0800528a   0x0800528a   0x00000002   PAD
    0x0800528c   0x0800528c   0x00000010   Code   RO         1808    i.__NVIC_GetPriorityGrouping  stm32f4xx_hal_cortex.o
    0x0800529c   0x0800529c   0x00000028   Code   RO         1809    i.__NVIC_SetPriority  stm32f4xx_hal_cortex.o
    0x080052c4   0x080052c4   0x0000000e   Code   RO         8095    i.__scatterload_copy  mc_w.l(handlers.o)
    0x080052d2   0x080052d2   0x00000002   Code   RO         8096    i.__scatterload_null  mc_w.l(handlers.o)
    0x080052d4   0x080052d4   0x0000000e   Code   RO         8097    i.__scatterload_zeroinit  mc_w.l(handlers.o)
    0x080052e2   0x080052e2   0x00000024   Code   RO         6082    i.angle_limiting_int16  bsp_motor_encoder.o
    0x08005306   0x08005306   0x00000074   Code   RO         6780    i.f_Derivative_On_Measurement  pid.o
    0x0800537a   0x0800537a   0x00000046   Code   RO         6781    i.f_Integral_Limit  pid.o
    0x080053c0   0x080053c0   0x00000046   Code   RO         6782    i.f_Output_Limit    pid.o
    0x08005406   0x08005406   0x00000002   PAD
    0x08005408   0x08005408   0x0000003c   Code   RO         6783    i.f_Separated_Integral  pid.o
    0x08005444   0x08005444   0x000000cc   Code   RO         6784    i.f_StepIn          pid.o
    0x08005510   0x08005510   0x000000ac   Code   RO         5582    i.fire_init         fire_task.o
    0x080055bc   0x080055bc   0x00000184   Code   RO         5583    i.fire_work         fire_task.o
    0x08005740   0x08005740   0x00000042   Code   RO         6785    i.first_order_filter  pid.o
    0x08005782   0x08005782   0x00000002   PAD
    0x08005784   0x08005784   0x00000020   Code   RO         5232    i.get_Robot_cmd_point  robot_cmd.o
    0x080057a4   0x080057a4   0x00000008   Code   RO         5860    i.get_imu_control_point  imu_task.o
    0x080057ac   0x080057ac   0x00000058   Code   RO         5778    i.init_Task         init_task_1.o
    0x08005804   0x08005804   0x0000003a   Code   RO           16    i.main              main.o
    0x0800583e   0x0800583e   0x0000000e   Code   RO         4708    i.makeFreeRtosPriority  cmsis_os.o
    0x0800584c   0x0800584c   0x0000006c   Code   RO         8004    i.malloc            mc_w.l(malloc.o)
    0x080058b8   0x080058b8   0x0000004a   Code   RO         6786    i.motor_position_speed_control  pid.o
    0x08005902   0x08005902   0x00000018   Code   RO         4710    i.osDelay           cmsis_os.o
    0x0800591a   0x0800591a   0x0000000a   Code   RO         4713    i.osKernelStart     cmsis_os.o
    0x08005924   0x08005924   0x0000005e   Code   RO         4747    i.osThreadCreate    cmsis_os.o
    0x08005982   0x08005982   0x00000002   PAD
    0x08005984   0x08005984   0x00000050   Code   RO         6788    i.pid_clear         pid.o
    0x080059d4   0x080059d4   0x00000098   Code   RO         4373    i.prvAddCurrentTaskToDelayedList  tasks.o
    0x08005a6c   0x08005a6c   0x000000b4   Code   RO         4374    i.prvAddNewTaskToReadyList  tasks.o
    0x08005b20   0x08005b20   0x00000048   Code   RO         4375    i.prvCheckTasksWaitingTermination  tasks.o
    0x08005b68   0x08005b68   0x00000050   Code   RO         4376    i.prvDeleteTCB      tasks.o
    0x08005bb8   0x08005bb8   0x0000007c   Code   RO         5075    i.prvHeapInit       heap_4.o
    0x08005c34   0x08005c34   0x00000028   Code   RO         4377    i.prvIdleTask       tasks.o
    0x08005c5c   0x08005c5c   0x000000b4   Code   RO         4378    i.prvInitialiseNewTask  tasks.o
    0x08005d10   0x08005d10   0x00000068   Code   RO         4379    i.prvInitialiseTaskLists  tasks.o
    0x08005d78   0x08005d78   0x00000068   Code   RO         5076    i.prvInsertBlockIntoFreeList  heap_4.o
    0x08005de0   0x08005de0   0x00000034   Code   RO         4380    i.prvResetNextTaskUnblockTime  tasks.o
    0x08005e14   0x08005e14   0x00000040   Code   RO         5144    i.prvTaskExitError  port.o
    0x08005e54   0x08005e54   0x0000014c   Code   RO         5077    i.pvPortMalloc      heap_4.o
    0x08005fa0   0x08005fa0   0x0000002c   Code   RO         5145    i.pxPortInitialiseStack  port.o
    0x08005fcc   0x08005fcc   0x00000014   Code   RO         5977    i.rc_deadline_limit  bsp_dr16.o
    0x08005fe0   0x08005fe0   0x00000014   Code   RO         5978    i.rc_lost_time_refresh  bsp_dr16.o
    0x08005ff4   0x08005ff4   0x00000088   Code   RO         6251    i.referee_uart_init  bsp_referee.o
    0x0800607c   0x0800607c   0x00000028   Code   RO         3999    i.uxListRemove      list.o
    0x080060a4   0x080060a4   0x00000018   Code   RO          298    i.vApplicationGetIdleTaskMemory  freertos.o
    0x080060bc   0x080060bc   0x0000001a   Code   RO         4000    i.vListInitialise   list.o
    0x080060d6   0x080060d6   0x00000006   Code   RO         4001    i.vListInitialiseItem  list.o
    0x080060dc   0x080060dc   0x00000034   Code   RO         4002    i.vListInsert       list.o
    0x08006110   0x08006110   0x00000018   Code   RO         4003    i.vListInsertEnd    list.o
    0x08006128   0x08006128   0x00000054   Code   RO         5147    i.vPortEnterCritical  port.o
    0x0800617c   0x0800617c   0x0000003c   Code   RO         5148    i.vPortExitCritical  port.o
    0x080061b8   0x080061b8   0x000000a4   Code   RO         5078    i.vPortFree         heap_4.o
    0x0800625c   0x0800625c   0x00000028   Code   RO         5149    i.vPortSetupTimerInterrupt  port.o
    0x08006284   0x08006284   0x0000005c   Code   RO         4389    i.vTaskDelay        tasks.o
    0x080062e0   0x080062e0   0x000000f4   Code   RO         4391    i.vTaskDelete       tasks.o
    0x080063d4   0x080063d4   0x000000b0   Code   RO         4403    i.vTaskStartScheduler  tasks.o
    0x08006484   0x08006484   0x00000010   Code   RO         4405    i.vTaskSuspendAll   tasks.o
    0x08006494   0x08006494   0x0000008c   Code   RO         4406    i.vTaskSwitchContext  tasks.o
    0x08006520   0x08006520   0x00000168   Code   RO         5151    i.xPortStartScheduler  port.o
    0x08006688   0x08006688   0x00000064   Code   RO         4409    i.xTaskCreate       tasks.o
    0x080066ec   0x080066ec   0x000000ba   Code   RO         4410    i.xTaskCreateStatic  tasks.o
    0x080067a6   0x080067a6   0x00000002   PAD
    0x080067a8   0x080067a8   0x0000000c   Code   RO         4415    i.xTaskGetTickCount  tasks.o
    0x080067b4   0x080067b4   0x00000148   Code   RO         4417    i.xTaskIncrementTick  tasks.o
    0x080068fc   0x080068fc   0x00000104   Code   RO         4423    i.xTaskResumeAll    tasks.o
    0x08006a00   0x08006a00   0x00000038   Data   RO          300    .constdata          freertos.o
    0x08006a38   0x08006a38   0x00000008   Data   RO         1525    .constdata          stm32f4xx_hal_dma.o
    0x08006a40   0x08006a40   0x00000018   Data   RO         3863    .constdata          system_stm32f4xx.o
    0x08006a58   0x08006a58   0x0000001c   Data   RO         5779    .constdata          init_task_1.o
    0x08006a74   0x08006a74   0x00000302   Data   RO         6867    .constdata          crc.o
    0x08006d76   0x08006d76   0x00000002   PAD
    0x08006d78   0x08006d78   0x00000018   Data   RO          301    .conststring        freertos.o
    0x08006d90   0x08006d90   0x0000000a   Data   RO         5780    .conststring        init_task_1.o
    0x08006d9a   0x08006d9a   0x00000002   PAD
    0x08006d9c   0x08006d9c   0x00000020   Data   RO         8093    Region$$Table       anon$$obj.o


    Execution Region RW_IRAM1 (Exec base: 0x20000000, Load base: 0x08006dbc, Size: 0x00008f98, Max: 0x0001c000, ABSOLUTE, COMPRESSED[0x00000024])

    Exec Addr    Load Addr    Size         Type   Attr      Idx    E Section Name        Object

    0x20000000   COMPRESSED   0x00000008   Data   RW          302    .data               freertos.o
    0x20000008   COMPRESSED   0x00000004   Data   RW          354    .data               can.o
    0x2000000c   COMPRESSED   0x00000009   Data   RW         1957    .data               stm32f4xx_hal.o
    0x20000015   COMPRESSED   0x00000003   PAD
    0x20000018   COMPRESSED   0x00000004   Data   RW         3864    .data               system_stm32f4xx.o
    0x2000001c   COMPRESSED   0x0000003c   Data   RW         4426    .data               tasks.o
    0x20000058   COMPRESSED   0x00000020   Data   RW         5084    .data               heap_4.o
    0x20000078   COMPRESSED   0x0000000c   Data   RW         5152    .data               port.o
    0x20000084   COMPRESSED   0x00000017   Data   RW         5234    .data               robot_cmd.o
    0x2000009b   COMPRESSED   0x00000001   PAD
    0x2000009c   COMPRESSED   0x0000013e   Data   RW         5584    .data               fire_task.o
    0x200001da   COMPRESSED   0x00000002   PAD
    0x200001dc   COMPRESSED   0x00000009   Data   RW         5662    .data               safe_task.o
    0x200001e5   COMPRESSED   0x00000003   PAD
    0x200001e8   COMPRESSED   0x00000010   Data   RW         5781    .data               init_task_1.o
    0x200001f8   COMPRESSED   0x00000008   Data   RW         5980    .data               bsp_dr16.o
    0x20000200   COMPRESSED   0x00000002   Data   RW         6253    .data               bsp_referee.o
    0x20000202   COMPRESSED   0x00000002   Data   RW         6868    .data               crc.o
    0x20000204   COMPRESSED   0x00000024   Data   RW         6932    .data               can1.o
    0x20000228   COMPRESSED   0x00000024   Data   RW         7066    .data               can2.o
    0x2000024c   COMPRESSED   0x00000004   PAD
    0x20000250   COMPRESSED   0x00000040   Data   RW         7263    .data               bsp_dwt.o
    0x20000290   COMPRESSED   0x00000004   Data   RW         8077    .data               mc_w.l(mvars.o)
    0x20000294   COMPRESSED   0x00000004   Data   RW         8078    .data               mc_w.l(mvars.o)
    0x20000298        -       0x00000254   Zero   RW          299    .bss                freertos.o
    0x200004ec        -       0x00000050   Zero   RW          353    .bss                can.o
    0x2000053c        -       0x00000118   Zero   RW          425    .bss                spi.o
    0x20000654        -       0x00000048   Zero   RW          468    .bss                tim.o
    0x2000069c        -       0x000001a8   Zero   RW          516    .bss                usart.o
    0x20000844        -       0x00000048   Zero   RW          736    .bss                stm32f4xx_hal_timebase_tim.o
    0x2000088c        -       0x000000f0   Zero   RW         4425    .bss                tasks.o
    0x2000097c        -       0x00003c00   Zero   RW         5083    .bss                heap_4.o
    0x2000457c        -       0x000000c0   Zero   RW         5233    .bss                robot_cmd.o
    0x2000463c        -       0x00000154   Zero   RW         5861    .bss                imu_task.o
    0x20004790        -       0x00000060   Zero   RW         5979    .bss                bsp_dr16.o
    0x200047f0        -       0x0000015e   Zero   RW         6084    .bss                bsp_motor_encoder.o
    0x2000494e        -       0x000004f7   Zero   RW         6252    .bss                bsp_referee.o
    0x20004e45   COMPRESSED   0x00000003   PAD
    0x20004e48        -       0x0000011c   Zero   RW         6931    .bss                can1.o
    0x20004f64        -       0x00000034   Zero   RW         7065    .bss                can2.o
    0x20004f98        -       0x00002000   Zero   RW            2    HEAP                startup_stm32f407xx.o
    0x20006f98        -       0x00002000   Zero   RW            1    STACK               startup_stm32f407xx.o


    Execution Region RW_IRAM2 (Exec base: 0x2001c000, Load base: 0x08006de0, Size: 0x00000000, Max: 0x00004000, ABSOLUTE)

    **** No section assigned to this execution region ****


==============================================================================

Image component sizes


      Code (inc. data)   RO Data    RW Data    ZI Data      Debug   Object Name

       820         64          0          8         96       6636   bsp_dr16.o
       104         30          0         64          0       2282   bsp_dwt.o
       672         24          0          0        350       6940   bsp_motor_encoder.o
      2484         32          0          2       1271      15546   bsp_referee.o
       496         44          0          4         80       2438   can.o
      1114        222          0         36        284       8212   can1.o
       428         62          0         36         52       4486   can2.o
       142          0          0          0          0      22987   cmsis_os.o
       198         16        770          2          0       3761   crc.o
       152          6          0          0          0        830   dma.o
         0          0          0          0          0      16876   event_groups.o
       650         60          0        318          0       9337   fire_task.o
       102         24         80          8        596       7030   freertos.o
       360         16          0          0          0       1139   gpio.o
       724         74          0         32      15360       7403   heap_4.o
         8          4          0          0        340       3978   imu_task.o
        88         16         38         16          0       6481   init_task_1.o
       148          0          0          0          0       3554   list.o
       268         16          0          0          0     739622   main.o
      1584         30          0          0          0       9054   pid.o
       894         78          0         12          0      11116   port.o
       304         40          0         23        192      15509   robot_cmd.o
       216         22          0          9          0       3579   safe_task.o
       404         38          0          0        280       1911   spi.o
        36          8        392          0      16384        832   startup_stm32f407xx.o
        96         20          0          9          0       8062   stm32f4xx_hal.o
      2134          6          0          0          0      14263   stm32f4xx_hal_can.o
       252         22          0          0          0      33662   stm32f4xx_hal_cortex.o
      1246         16          8          0          0       5351   stm32f4xx_hal_dma.o
       542         50          0          0          0       3308   stm32f4xx_hal_gpio.o
        84          6          0          0          0        854   stm32f4xx_hal_msp.o
      1888         94          0          0          0       6249   stm32f4xx_hal_rcc.o
       200          0          0          0          0       1179   stm32f4xx_hal_spi.o
      1704        112          0          0          0      11012   stm32f4xx_hal_tim.o
         4          0          0          0          0       1561   stm32f4xx_hal_tim_ex.o
       160         20          0          0         72       1419   stm32f4xx_hal_timebase_tim.o
      1918         14          0          0          0       9508   stm32f4xx_hal_uart.o
       218         60          0          0          0      17150   stm32f4xx_it.o
         0          0          0          0          0        392   stream_buffer.o
        20          6         24          4          0       1123   system_stm32f4xx.o
      2414        318          0         60        240      21851   tasks.o
       280         32          0          0         72       2314   tim.o
       608         64          0          0        424       2648   usart.o

    ----------------------------------------------------------------------
     26208       1766       1348        656      36096    1053445   Object Totals
         0          0         32          0          0          0   (incl. Generated)
        44          0          4         13          3          0   (incl. Padding)

    ----------------------------------------------------------------------

      Code (inc. data)   RO Data    RW Data    ZI Data      Debug   Library Member Name

        58          0          0          0          0          0   __dczerorl.o
         0          0          0          0          0          0   entry.o
         0          0          0          0          0          0   entry10a.o
         0          0          0          0          0          0   entry11a.o
         4          0          0          0          0          0   entry12b.o
         8          4          0          0          0          0   entry2.o
         4          0          0          0          0          0   entry5.o
         0          0          0          0          0          0   entry7b.o
         0          0          0          0          0          0   entry8b.o
         8          4          0          0          0          0   entry9a.o
        30          0          0          0          0          0   handlers.o
        36          8          0          0          0         68   init.o
        30          0          0          0          0         68   llshl.o
        32          0          0          0          0         68   llushr.o
       108         16          0          0          0         84   malloc.o
        36          0          0          0          0         68   memcpya.o
        36          0          0          0          0        108   memseta.o
         0          0          0          8          0          0   mvars.o
        28          0          0          0          0         76   strcmp.o
        18          0          0          0          0         68   strcpy.o
        98          0          0          0          0         92   uldiv.o

    ----------------------------------------------------------------------
       536         32          0          8          0        700   Library Totals
         2          0          0          0          0          0   (incl. Padding)

    ----------------------------------------------------------------------

      Code (inc. data)   RO Data    RW Data    ZI Data      Debug   Library Name

       534         32          0          8          0        700   mc_w.l

    ----------------------------------------------------------------------
       536         32          0          8          0        700   Library Totals

    ----------------------------------------------------------------------

==============================================================================


      Code (inc. data)   RO Data    RW Data    ZI Data      Debug   

     26744       1798       1348        664      36096    1031317   Grand Totals
     26744       1798       1348         36      36096    1031317   ELF Image Totals (compressed)
     26744       1798       1348         36          0          0   ROM Totals

==============================================================================

    Total RO  Size (Code + RO Data)                28092 (  27.43kB)
    Total RW  Size (RW Data + ZI Data)             36760 (  35.90kB)
    Total ROM Size (Code + RO Data + RW Data)      28128 (  27.47kB)

==============================================================================

