<html>
<body>
<pre>
<h1>µVision Build Log</h1>
<h2>Tool Versions:</h2>
IDE-Version: ¦ÌVision V5.35.0.0
Copyright (C) 2021 ARM Ltd and ARM Germany GmbH. All rights reserved.
License Information: Z,  , LIC=FYKYW-QS630-305NC-7TW9U-CTL5N-873A9
 
Tool Versions:
Toolchain:       MDK-ARM Plus  Version: 5.35.0.2
Toolchain Path:  C:\Keil_v5\ARM\ARMCC\Bin
C Compiler:      Armcc.exe V5.06 update 7 (build 960)
Assembler:       Armasm.exe V5.06 update 7 (build 960)
Linker/Locator:  ArmLink.exe V5.06 update 7 (build 960)
Library Manager: ArmAr.exe V5.06 update 7 (build 960)
Hex Converter:   FromElf.exe V5.06 update 7 (build 960)
CPU DLL:         SARMCM3.DLL V5.35.0.2
Dialog DLL:      DCM.DLL V1.17.3.0
Target DLL:      Segger\JL2CM3.dll V2.99.40.0
Dialog DLL:      TCM.DLL V1.53.0.0
 
<h2>Project:</h2>
C:\Users\Z\Desktop\HERO_ZN\GIMBAL\MDK-ARM\GIMBAL_HERO.uvprojx
Project File Date:  10/18/2023

<h2>Output:</h2>
*** Using Compiler 'V5.06 update 7 (build 960)', folder: 'C:\Keil_v5\ARM\ARMCC\Bin'
Build target 'GIMBAL_HERO'
compiling cybergear.c...
..\Cybergear\cybergear.c(386): warning:  #188-D: enumerated type mixed with another type
              MI_motor->motor_parameter_list.Mode_rum_mode = MI_motor->rxMsg.ExtId.Mode_status;
..\Cybergear\cybergear.c(416): warning:  #188-D: enumerated type mixed with another type
              parameter_index_e index = (Rx_Data[1]<<8| Rx_Data[0]);
..\Cybergear\cybergear.c(426): warning:  #188-D: enumerated type mixed with another type
                      MI_motor->motor_parameter_list.Mode_rum_mode = Rx_Data[4];
..\Cybergear\cybergear.c(368): warning:  #177-D: variable "temp"  was declared but never referenced
      uint16_t temp;
..\Cybergear\cybergear.c: 4 warnings, 0 errors
linking...
Program Size: Code=49820 RO-data=712 RW-data=652 ZI-data=46684  
FromELF: creating hex file...
"NEW_INFANTRY\NEW_INFANTRY.axf" - 0 Error(s), 4 Warning(s).

<h2>Software Packages used:</h2>

Package Vendor: ARM
                http://www.keil.com/pack/ARM.CMSIS.5.9.0.pack
                ARM.CMSIS.5.9.0
                CMSIS (Common Microcontroller Software Interface Standard)
   * Component: CORE Version: 5.6.0

Package Vendor: Keil
                http://www.keil.com/pack/Keil.STM32F4xx_DFP.2.15.0.pack
                Keil.STM32F4xx_DFP.2.15.0
                STMicroelectronics STM32F4 Series Device Support, Drivers and Examples

<h2>Collection of Component include folders:</h2>
  .\RTE\_GIMBAL_HERO
  C:\Users\Z\Desktop\ARM\CMSIS\5.9.0\CMSIS\Core\Include
  C:\Users\Z\Desktop\Keil\STM32F4xx_DFP\2.15.0\Drivers\CMSIS\Device\ST\STM32F4xx\Include

<h2>Collection of Component Files used:</h2>

   * Component: ARM::CMSIS:CORE:5.6.0
Build Time Elapsed:  00:00:07
</pre>
</body>
</html>
