Component: ARM Compiler 5.06 update 7 (build 960) Tool: armlink [4d3601]

==============================================================================

Section Cross References

    startup_stm32f407xx.o(RESET) refers to startup_stm32f407xx.o(STACK) for __initial_sp
    startup_stm32f407xx.o(RESET) refers to startup_stm32f407xx.o(.text) for Reset_Handler
    startup_stm32f407xx.o(RESET) refers to stm32f4xx_it.o(i.NMI_Handler) for NMI_Handler
    startup_stm32f407xx.o(RESET) refers to stm32f4xx_it.o(i.HardFault_Handler) for HardFault_Handler
    startup_stm32f407xx.o(RESET) refers to stm32f4xx_it.o(i.MemManage_Handler) for MemManage_Handler
    startup_stm32f407xx.o(RESET) refers to stm32f4xx_it.o(i.BusFault_Handler) for BusFault_Handler
    startup_stm32f407xx.o(RESET) refers to stm32f4xx_it.o(i.UsageFault_Handler) for UsageFault_Handler
    startup_stm32f407xx.o(RESET) refers to port.o(.emb_text) for SVC_Handler
    startup_stm32f407xx.o(RESET) refers to stm32f4xx_it.o(i.DebugMon_Handler) for DebugMon_Handler
    startup_stm32f407xx.o(RESET) refers to port.o(i.SysTick_Handler) for SysTick_Handler
    startup_stm32f407xx.o(RESET) refers to stm32f4xx_it.o(i.EXTI4_IRQHandler) for EXTI4_IRQHandler
    startup_stm32f407xx.o(RESET) refers to stm32f4xx_it.o(i.DMA1_Stream1_IRQHandler) for DMA1_Stream1_IRQHandler
    startup_stm32f407xx.o(RESET) refers to stm32f4xx_it.o(i.CAN1_RX0_IRQHandler) for CAN1_RX0_IRQHandler
    startup_stm32f407xx.o(RESET) refers to stm32f4xx_it.o(i.EXTI9_5_IRQHandler) for EXTI9_5_IRQHandler
    startup_stm32f407xx.o(RESET) refers to stm32f4xx_it.o(i.TIM1_UP_TIM10_IRQHandler) for TIM1_UP_TIM10_IRQHandler
    startup_stm32f407xx.o(RESET) refers to stm32f4xx_it.o(i.USART3_IRQHandler) for USART3_IRQHandler
    startup_stm32f407xx.o(RESET) refers to stm32f4xx_it.o(i.DMA2_Stream0_IRQHandler) for DMA2_Stream0_IRQHandler
    startup_stm32f407xx.o(RESET) refers to stm32f4xx_it.o(i.DMA2_Stream1_IRQHandler) for DMA2_Stream1_IRQHandler
    startup_stm32f407xx.o(RESET) refers to stm32f4xx_it.o(i.DMA2_Stream3_IRQHandler) for DMA2_Stream3_IRQHandler
    startup_stm32f407xx.o(RESET) refers to stm32f4xx_it.o(i.CAN2_RX0_IRQHandler) for CAN2_RX0_IRQHandler
    startup_stm32f407xx.o(RESET) refers to stm32f4xx_it.o(i.DMA2_Stream6_IRQHandler) for DMA2_Stream6_IRQHandler
    startup_stm32f407xx.o(RESET) refers to stm32f4xx_it.o(i.USART6_IRQHandler) for USART6_IRQHandler
    startup_stm32f407xx.o(.text) refers to system_stm32f4xx.o(i.SystemInit) for SystemInit
    startup_stm32f407xx.o(.text) refers to entry.o(.ARM.Collect$$$$00000000) for __main
    main.o(i.HAL_TIM_PeriodElapsedCallback) refers to stm32f4xx_hal.o(i.HAL_IncTick) for HAL_IncTick
    main.o(i.SystemClock_Config) refers to memseta.o(.text) for __aeabi_memclr4
    main.o(i.SystemClock_Config) refers to stm32f4xx_hal_rcc.o(i.HAL_RCC_OscConfig) for HAL_RCC_OscConfig
    main.o(i.SystemClock_Config) refers to main.o(i.Error_Handler) for Error_Handler
    main.o(i.SystemClock_Config) refers to stm32f4xx_hal_rcc.o(i.HAL_RCC_ClockConfig) for HAL_RCC_ClockConfig
    main.o(i.main) refers to stm32f4xx_hal.o(i.HAL_Init) for HAL_Init
    main.o(i.main) refers to main.o(i.SystemClock_Config) for SystemClock_Config
    main.o(i.main) refers to gpio.o(i.MX_GPIO_Init) for MX_GPIO_Init
    main.o(i.main) refers to dma.o(i.MX_DMA_Init) for MX_DMA_Init
    main.o(i.main) refers to can.o(i.MX_CAN1_Init) for MX_CAN1_Init
    main.o(i.main) refers to can.o(i.MX_CAN2_Init) for MX_CAN2_Init
    main.o(i.main) refers to spi.o(i.MX_SPI1_Init) for MX_SPI1_Init
    main.o(i.main) refers to tim.o(i.MX_TIM10_Init) for MX_TIM10_Init
    main.o(i.main) refers to usart.o(i.MX_USART3_UART_Init) for MX_USART3_UART_Init
    main.o(i.main) refers to usart.o(i.MX_USART6_UART_Init) for MX_USART6_UART_Init
    main.o(i.main) refers to bsp_dwt.o(i.DWT_Init) for DWT_Init
    main.o(i.main) refers to bmi088driver.o(i.BMI088_init) for BMI088_init
    main.o(i.main) refers to freertos.o(i.MX_FREERTOS_Init) for MX_FREERTOS_Init
    main.o(i.main) refers to cmsis_os.o(i.osKernelStart) for osKernelStart
    main.o(i.main) refers to spi.o(.bss) for hspi1
    gpio.o(i.MX_GPIO_Init) refers to memseta.o(.text) for __aeabi_memclr4
    gpio.o(i.MX_GPIO_Init) refers to stm32f4xx_hal_gpio.o(i.HAL_GPIO_WritePin) for HAL_GPIO_WritePin
    gpio.o(i.MX_GPIO_Init) refers to stm32f4xx_hal_gpio.o(i.HAL_GPIO_Init) for HAL_GPIO_Init
    gpio.o(i.MX_GPIO_Init) refers to stm32f4xx_hal_cortex.o(i.HAL_NVIC_SetPriority) for HAL_NVIC_SetPriority
    gpio.o(i.MX_GPIO_Init) refers to stm32f4xx_hal_cortex.o(i.HAL_NVIC_EnableIRQ) for HAL_NVIC_EnableIRQ
    freertos.o(i.MX_FREERTOS_Init) refers to memcpya.o(.text) for __aeabi_memcpy4
    freertos.o(i.MX_FREERTOS_Init) refers to cmsis_os.o(i.osThreadCreate) for osThreadCreate
    freertos.o(i.MX_FREERTOS_Init) refers to freertos.o(.constdata) for .constdata
    freertos.o(i.MX_FREERTOS_Init) refers to freertos.o(.data) for defaultTaskHandle
[...]
    __asm___6_port_c_39a90d8d__prvStartFirstTask 0x080001c1   Thumb Code    36  port.o(.emb_text)
    __asm___6_port_c_39a90d8d__prvEnableVFP  0x080001e9   Thumb Code    16  port.o(.emb_text)
    PendSV_Handler                           0x080001fd   Thumb Code    88  port.o(.emb_text)
    vPortGetIPSR                             0x08000259   Thumb Code     6  port.o(.emb_text)
    Reset_Handler                            0x08000261   Thumb Code     8  startup_stm32f407xx.o(.text)
    ADC_IRQHandler                           0x0800027b   Thumb Code     0  startup_stm32f407xx.o(.text)
    CAN1_RX1_IRQHandler                      0x0800027b   Thumb Code     0  startup_stm32f407xx.o(.text)
    CAN1_SCE_IRQHandler                      0x0800027b   Thumb Code     0  startup_stm32f407xx.o(.text)
    CAN1_TX_IRQHandler                       0x0800027b   Thumb Code     0  startup_stm32f407xx.o(.text)
    CAN2_RX1_IRQHandler                      0x0800027b   Thumb Code     0  startup_stm32f407xx.o(.text)
    CAN2_SCE_IRQHandler                      0x0800027b   Thumb Code     0  startup_stm32f407xx.o(.text)
    CAN2_TX_IRQHandler                       0x0800027b   Thumb Code     0  startup_stm32f407xx.o(.text)
    DCMI_IRQHandler                          0x0800027b   Thumb Code     0  startup_stm32f407xx.o(.text)
    DMA1_Stream0_IRQHandler                  0x0800027b   Thumb Code     0  startup_stm32f407xx.o(.text)
    DMA1_Stream2_IRQHandler                  0x0800027b   Thumb Code     0  startup_stm32f407xx.o(.text)
    DMA1_Stream3_IRQHandler                  0x0800027b   Thumb Code     0  startup_stm32f407xx.o(.text)
    DMA1_Stream4_IRQHandler                  0x0800027b   Thumb Code     0  startup_stm32f407xx.o(.text)
    DMA1_Stream5_IRQHandler                  0x0800027b   Thumb Code     0  startup_stm32f407xx.o(.text)
    DMA1_Stream6_IRQHandler                  0x0800027b   Thumb Code     0  startup_stm32f407xx.o(.text)
    DMA1_Stream7_IRQHandler                  0x0800027b   Thumb Code     0  startup_stm32f407xx.o(.text)
    DMA2_Stream2_IRQHandler                  0x0800027b   Thumb Code     0  startup_stm32f407xx.o(.text)
    DMA2_Stream4_IRQHandler                  0x0800027b   Thumb Code     0  startup_stm32f407xx.o(.text)
    DMA2_Stream5_IRQHandler                  0x0800027b   Thumb Code     0  startup_stm32f407xx.o(.text)
    DMA2_Stream7_IRQHandler                  0x0800027b   Thumb Code     0  startup_stm32f407xx.o(.text)
    ETH_IRQHandler                           0x0800027b   Thumb Code     0  startup_stm32f407xx.o(.text)
    ETH_WKUP_IRQHandler                      0x0800027b   Thumb Code     0  startup_stm32f407xx.o(.text)
    EXTI0_IRQHandler                         0x0800027b   Thumb Code     0  startup_stm32f407xx.o(.text)
    EXTI15_10_IRQHandler                     0x0800027b   Thumb Code     0  startup_stm32f407xx.o(.text)
    EXTI1_IRQHandler                         0x0800027b   Thumb Code     0  startup_stm32f407xx.o(.text)
    EXTI2_IRQHandler                         0x0800027b   Thumb Code     0  startup_stm32f407xx.o(.text)
    EXTI3_IRQHandler                         0x0800027b   Thumb Code     0  startup_stm32f407xx.o(.text)
    FLASH_IRQHandler                         0x0800027b   Thumb Code     0  startup_stm32f407xx.o(.text)
    FMC_IRQHandler                           0x0800027b   Thumb Code     0  startup_stm32f407xx.o(.text)
    FPU_IRQHandler                           0x0800027b   Thumb Code     0  startup_stm32f407xx.o(.text)
    HASH_RNG_IRQHandler                      0x0800027b   Thumb Code     0  startup_stm32f407xx.o(.text)
    I2C1_ER_IRQHandler                       0x0800027b   Thumb Code     0  startup_stm32f407xx.o(.text)
    I2C1_EV_IRQHandler                       0x0800027b   Thumb Code     0  startup_stm32f407xx.o(.text)
    I2C2_ER_IRQHandler                       0x0800027b   Thumb Code     0  startup_stm32f407xx.o(.text)
    I2C2_EV_IRQHandler                       0x0800027b   Thumb Code     0  startup_stm32f407xx.o(.text)
    I2C3_ER_IRQHandler                       0x0800027b   Thumb Code     0  startup_stm32f407xx.o(.text)
    I2C3_EV_IRQHandler                       0x0800027b   Thumb Code     0  startup_stm32f407xx.o(.text)
    OTG_FS_IRQHandler                        0x0800027b   Thumb Code     0  startup_stm32f407xx.o(.text)
    OTG_FS_WKUP_IRQHandler                   0x0800027b   Thumb Code     0  startup_stm32f407xx.o(.text)
    OTG_HS_EP1_IN_IRQHandler                 0x0800027b   Thumb Code     0  startup_stm32f407xx.o(.text)
    OTG_HS_EP1_OUT_IRQHandler                0x0800027b   Thumb Code     0  startup_stm32f407xx.o(.text)
    OTG_HS_IRQHandler                        0x0800027b   Thumb Code     0  startup_stm32f407xx.o(.text)
    OTG_HS_WKUP_IRQHandler                   0x0800027b   Thumb Code     0  startup_stm32f407xx.o(.text)
    PVD_IRQHandler                           0x0800027b   Thumb Code     0  startup_stm32f407xx.o(.text)
    RCC_IRQHandler                           0x0800027b   Thumb Code     0  startup_stm32f407xx.o(.text)
    RTC_Alarm_IRQHandler                     0x0800027b   Thumb Code     0  startup_stm32f407xx.o(.text)
    RTC_WKUP_IRQHandler                      0x0800027b   Thumb Code     0  startup_stm32f407xx.o(.text)
    SDIO_IRQHandler                          0x0800027b   Thumb Code     0  startup_stm32f407xx.o(.text)
    SPI1_IRQHandler                          0x0800027b   Thumb Code     0  startup_stm32f407xx.o(.text)
    SPI2_IRQHandler                          0x0800027b   Thumb Code     0  startup_stm32f407xx.o(.text)
    SPI3_IRQHandler                          0x0800027b   Thumb Code     0  startup_stm32f407xx.o(.text)
    TAMP_STAMP_IRQHandler                    0x0800027b   Thumb Code     0  startup_stm32f407xx.o(.text)
    TIM1_BRK_TIM9_IRQHandler                 0x0800027b   Thumb Code     0  startup_stm32f407xx.o(.text)
    TIM1_CC_IRQHandler                       0x0800027b   Thumb Code     0  startup_stm32f407xx.o(.text)
    TIM1_TRG_COM_TIM11_IRQHandler            0x0800027b   Thumb Code     0  startup_stm32f407xx.o(.text)
    TIM2_IRQHandler                          0x0800027b   Thumb Code     0  startup_stm32f407xx.o(.text)
    TIM3_IRQHandler                          0x0800027b   Thumb Code     0  startup_stm32f407xx.o(.text)
    TIM4_IRQHandler                          0x0800027b   Thumb Code     0  startup_stm32f407xx.o(.text)
    TIM5_IRQHandler                          0x0800027b   Thumb Code     0  startup_stm32f407xx.o(.text)
    TIM6_DAC_IRQHandler                      0x0800027b   Thumb Code     0  startup_stm32f407xx.o(.text)
    TIM7_IRQHandler                          0x0800027b   Thumb Code     0  startup_stm32f407xx.o(.text)
    TIM8_BRK_TIM12_IRQHandler                0x0800027b   Thumb Code     0  startup_stm32f407xx.o(.text)
    TIM8_CC_IRQHandler                       0x0800027b   Thumb Code     0  startup_stm32f407xx.o(.text)
    TIM8_TRG_COM_TIM14_IRQHandler            0x0800027b   Thumb Code     0  startup_stm32f407xx.o(.text)
    TIM8_UP_TIM13_IRQHandler                 0x0800027b   Thumb Code     0  startup_stm32f407xx.o(.text)
    UART4_IRQHandler                         0x0800027b   Thumb Code     0  startup_stm32f407xx.o(.text)
    UART5_IRQHandler                         0x0800027b   Thumb Code     0  startup_stm32f407xx.o(.text)
    USART1_IRQHandler                        0x0800027b   Thumb Code     0  startup_stm32f407xx.o(.text)
    USART2_IRQHandler                        0x0800027b   Thumb Code     0  startup_stm32f407xx.o(.text)
    WWDG_IRQHandler                          0x0800027b   Thumb Code     0  startup_stm32f407xx.o(.text)
    arm_cos_f32                              0x08000285   Thumb Code   108  arm_cos_f32.o(.text)
    arm_sin_f32                              0x080002fd   Thumb Code   130  arm_sin_f32.o(.text)
    arm_mat_add_f32                          0x08000391   Thumb Code   264  arm_mat_add_f32.o(.text)
    arm_mat_init_f32                         0x08000499   Thumb Code     8  arm_mat_init_f32.o(.text)
    arm_mat_inverse_f32                      0x080004a1   Thumb Code  1328  arm_mat_inverse_f32.o(.text)
    arm_mat_mult_f32                         0x080009d1   Thumb Code   312  arm_mat_mult_f32.o(.text)
    arm_mat_sub_f32                          0x08000b0d   Thumb Code   264  arm_mat_sub_f32.o(.text)
    arm_mat_trans_f32                        0x08000c15   Thumb Code   276  arm_mat_trans_f32.o(.text)
    __aeabi_uldivmod                         0x08000d29   Thumb Code    98  uldiv.o(.text)
    __aeabi_memcpy                           0x08000d8b   Thumb Code    36  memcpya.o(.text)
    __aeabi_memcpy4                          0x08000d8b   Thumb Code     0  memcpya.o(.text)
    __aeabi_memcpy8                          0x08000d8b   Thumb Code     0  memcpya.o(.text)
    __aeabi_memset                           0x08000daf   Thumb Code    14  memseta.o(.text)
    __aeabi_memset4                          0x08000daf   Thumb Code     0  memseta.o(.text)
    __aeabi_memset8                          0x08000daf   Thumb Code     0  memseta.o(.text)
    __aeabi_memclr                           0x08000dbd   Thumb Code     4  memseta.o(.text)
    __aeabi_memclr4                          0x08000dbd   Thumb Code     0  memseta.o(.text)
    __aeabi_memclr8                          0x08000dbd   Thumb Code     0  memseta.o(.text)
    memset                                   0x08000dc1   Thumb Code    18  memseta.o(.text)
    __aeabi_llsl                             0x08000dd3   Thumb Code    30  llshl.o(.text)
    _ll_shift_l                              0x08000dd3   Thumb Code     0  llshl.o(.text)
    __aeabi_llsr                             0x08000df1   Thumb Code    32  llushr.o(.text)
    _ll_ushift_r                             0x08000df1   Thumb Code     0  llushr.o(.text)
    __I$use$fp                               0x08000e11   Thumb Code     0  iusefp.o(.text)
    __scatterload                            0x08000e11   Thumb Code    28  init.o(.text)
    __scatterload_rt2                        0x08000e11   Thumb Code     0  init.o(.text)
    __decompress                             0x08000e35   Thumb Code     0  __dczerorl2.o(.text)
    __decompress1                            0x08000e35   Thumb Code    86  __dczerorl2.o(.text)
    BMI088_ACCEL_NS_H                        0x08000e8d   Thumb Code    14  bmi088middleware.o(i.BMI088_ACCEL_NS_H)
    BMI088_ACCEL_NS_L                        0x08000ea1   Thumb Code    14  bmi088middleware.o(i.BMI088_ACCEL_NS_L)
    BMI088_GYRO_NS_H                         0x08000eb5   Thumb Code    14  bmi088middleware.o(i.BMI088_GYRO_NS_H)
    BMI088_GYRO_NS_L                         0x08000ec9   Thumb Code    14  bmi088middleware.o(i.BMI088_GYRO_NS_L)
    BMI088_Read                              0x08000edd   Thumb Code   620  bmi088driver.o(i.BMI088_Read)
    BMI088_init                              0x08001159   Thumb Code   118  bmi088driver.o(i.BMI088_init)
    BMI088_read_write_byte                   0x08001235   Thumb Code    30  bmi088middleware.o(i.BMI088_read_write_byte)
    Block_Detect                             0x080012b5   Thumb Code    88  bsp_motor_encoder.o(i.Block_Detect)
    BodyFrameToEarthFrame                    0x0800130d   Thumb Code   346  imu_task.o(i.BodyFrameToEarthFrame)
    BusFault_Handler                         0x08001467   Thumb Code     4  stm32f4xx_it.o(i.BusFault_Handler)
    CAN1_Chassis_Tx                          0x0800146d   Thumb Code    72  can1.o(i.CAN1_Chassis_Tx)
    CAN1_Clear                               0x080014c5   Thumb Code    14  can1.o(i.CAN1_Clear)
    CAN1_Fire_Tx                             0x080014d5   Thumb Code    58  can1.o(i.CAN1_Fire_Tx)
    CAN1_Init                                0x08001521   Thumb Code    82  can1.o(i.CAN1_Init)
    CAN1_RX0_IRQHandler                      0x080015ad   Thumb Code    10  stm32f4xx_it.o(i.CAN1_RX0_IRQHandler)
    CAN1_filter_config                       0x0800189d   Thumb Code    62  can1.o(i.CAN1_filter_config)
    CAN2_Init                                0x080018e1   Thumb Code    30  can2.o(i.CAN2_Init)
    CAN2_RX0_IRQHandler                      0x08001911   Thumb Code    10  stm32f4xx_it.o(i.CAN2_RX0_IRQHandler)
    CAN2_RX_Deal                             0x08001921   Thumb Code   154  can2.o(i.CAN2_RX_Deal)
    CAN2_filter_config                       0x080019e5   Thumb Code    62  can2.o(i.CAN2_filter_config)
    CAN_DATA_Encoder_Deal                    0x08001a29   Thumb Code   224  bsp_motor_encoder.o(i.CAN_DATA_Encoder_Deal)
    Can1_Cap_Setmsg                          0x080020e5   Thumb Code    62  can1.o(i.Can1_Cap_Setmsg)
    DMA1_Stream1_IRQHandler                  0x08002291   Thumb Code    10  stm32f4xx_it.o(i.DMA1_Stream1_IRQHandler)
    DMA2_Stream0_IRQHandler                  0x080022a1   Thumb Code    10  stm32f4xx_it.o(i.DMA2_Stream0_IRQHandler)
    DMA2_Stream1_IRQHandler                  0x080022b1   Thumb Code    10  stm32f4xx_it.o(i.DMA2_Stream1_IRQHandler)
    DMA2_Stream3_IRQHandler                  0x080022c1   Thumb Code    10  stm32f4xx_it.o(i.DMA2_Stream3_IRQHandler)
    DMA2_Stream6_IRQHandler                  0x080022d1   Thumb Code    10  stm32f4xx_it.o(i.DMA2_Stream6_IRQHandler)
    DWT_Delay                                0x080023f1   Thumb Code    50  bsp_dwt.o(i.DWT_Delay)
    DWT_GetDeltaT                            0x0800242d   Thumb Code    68  bsp_dwt.o(i.DWT_GetDeltaT)
    DWT_GetTimeline_s                        0x08002479   Thumb Code    72  bsp_dwt.o(i.DWT_GetTimeline_s)
    DWT_Init                                 0x080024cd   Thumb Code    74  bsp_dwt.o(i.DWT_Init)
    DWT_SysTimeUpdate                        0x08002535   Thumb Code   168  bsp_dwt.o(i.DWT_SysTimeUpdate)
    DebugMon_Handler                         0x08002605   Thumb Code     2  stm32f4xx_it.o(i.DebugMon_Handler)
    ECF_RC_Init                              0x08002609   Thumb Code    18  bsp_dr16.o(i.ECF_RC_Init)
    ECF_RC_UART_Handler                      0x08002625   Thumb Code    10  bsp_dr16.o(i.ECF_RC_UART_Handler)
    ECF_referee_uart_init                    0x08002635   Thumb Code    18  bsp_referee.o(i.ECF_referee_uart_init)
    EXTI4_IRQHandler                         0x0800268d   Thumb Code    10  stm32f4xx_it.o(i.EXTI4_IRQHandler)
    EXTI9_5_IRQHandler                       0x08002697   Thumb Code    10  stm32f4xx_it.o(i.EXTI9_5_IRQHandler)
    EarthFrameToBodyFrame                    0x080026a1   Thumb Code   346  imu_task.o(i.EarthFrameToBodyFrame)
    Error_Handler                            0x080027fb   Thumb Code     6  main.o(i.Error_Handler)
    Get_CRC16_Check_Sum                      0x080028b9   Thumb Code    46  crc.o(i.Get_CRC16_Check_Sum)
    Get_CRC8_Check_Sum                       0x080028ed   Thumb Code    30  crc.o(i.Get_CRC8_Check_Sum)
    Get_FSM_Chassis_Address                  0x08002911   Thumb Code     4  fsm_chassis.o(i.Get_FSM_Chassis_Address)
    HAL_CAN_ActivateNotification             0x08002919   Thumb Code    42  stm32f4xx_hal_can.o(i.HAL_CAN_ActivateNotification)
    HAL_CAN_AddTxMessage                     0x08002943   Thumb Code   342  stm32f4xx_hal_can.o(i.HAL_CAN_AddTxMessage)
    HAL_CAN_ConfigFilter                     0x08002a99   Thumb Code   286  stm32f4xx_hal_can.o(i.HAL_CAN_ConfigFilter)
    HAL_CAN_ErrorCallback                    0x08002bbd   Thumb Code     2  stm32f4xx_hal_can.o(i.HAL_CAN_ErrorCallback)
    HAL_CAN_GetRxMessage                     0x08002bbf   Thumb Code   378  stm32f4xx_hal_can.o(i.HAL_CAN_GetRxMessage)
    HAL_CAN_GetTxMailboxesFreeLevel          0x08002d39   Thumb Code    54  stm32f4xx_hal_can.o(i.HAL_CAN_GetTxMailboxesFreeLevel)
    HAL_CAN_IRQHandler                       0x08002d6f   Thumb Code   590  stm32f4xx_hal_can.o(i.HAL_CAN_IRQHandler)
    HAL_CAN_Init                             0x08002fbd   Thumb Code   372  stm32f4xx_hal_can.o(i.HAL_CAN_Init)
    HAL_CAN_MspInit                          0x08003131   Thumb Code   328  can.o(i.HAL_CAN_MspInit)
    HAL_CAN_RxFifo0FullCallback              0x08003291   Thumb Code     2  stm32f4xx_hal_can.o(i.HAL_CAN_RxFifo0FullCallback)
    HAL_CAN_RxFifo0MsgPendingCallback        0x08003295   Thumb Code    30  can1.o(i.HAL_CAN_RxFifo0MsgPendingCallback)
    HAL_CAN_RxFifo1FullCallback              0x080032bd   Thumb Code     2  stm32f4xx_hal_can.o(i.HAL_CAN_RxFifo1FullCallback)
    HAL_CAN_RxFifo1MsgPendingCallback        0x080032bf   Thumb Code     2  stm32f4xx_hal_can.o(i.HAL_CAN_RxFifo1MsgPendingCallback)
    HAL_CAN_SleepCallback                    0x080032c1   Thumb Code     2  stm32f4xx_hal_can.o(i.HAL_CAN_SleepCallback)
    HAL_CAN_Start                            0x080032c3   Thumb Code    94  stm32f4xx_hal_can.o(i.HAL_CAN_Start)
    HAL_CAN_TxMailbox0AbortCallback          0x08003321   Thumb Code     2  stm32f4xx_hal_can.o(i.HAL_CAN_TxMailbox0AbortCallback)
    HAL_CAN_TxMailbox0CompleteCallback       0x08003323   Thumb Code     2  stm32f4xx_hal_can.o(i.HAL_CAN_TxMailbox0CompleteCallback)
    HAL_CAN_TxMailbox1AbortCallback          0x08003325   Thumb Code     2  stm32f4xx_hal_can.o(i.HAL_CAN_TxMailbox1AbortCallback)
    HAL_CAN_TxMailbox1CompleteCallback       0x08003327   Thumb Code     2  stm32f4xx_hal_can.o(i.HAL_CAN_TxMailbox1CompleteCallback)
    HAL_CAN_TxMailbox2AbortCallback          0x08003329   Thumb Code     2  stm32f4xx_hal_can.o(i.HAL_CAN_TxMailbox2AbortCallback)
    HAL_CAN_TxMailbox2CompleteCallback       0x0800332b   Thumb Code     2  stm32f4xx_hal_can.o(i.HAL_CAN_TxMailbox2CompleteCallback)
    HAL_CAN_WakeUpFromRxMsgCallback          0x0800332d   Thumb Code     2  stm32f4xx_hal_can.o(i.HAL_CAN_WakeUpFromRxMsgCallback)
    HAL_DMA_Abort                            0x0800332f   Thumb Code   172  stm32f4xx_hal_dma.o(i.HAL_DMA_Abort)
    HAL_DMA_Abort_IT                         0x080033db   Thumb Code    40  stm32f4xx_hal_dma.o(i.HAL_DMA_Abort_IT)
    HAL_DMA_IRQHandler                       0x08003405   Thumb Code   570  stm32f4xx_hal_dma.o(i.HAL_DMA_IRQHandler)
    HAL_DMA_Init                             0x08003645   Thumb Code   232  stm32f4xx_hal_dma.o(i.HAL_DMA_Init)
    HAL_Delay                                0x08003731   Thumb Code    36  stm32f4xx_hal.o(i.HAL_Delay)
    HAL_GPIO_EXTI_Callback                   0x08003759   Thumb Code     2  stm32f4xx_hal_gpio.o(i.HAL_GPIO_EXTI_Callback)
    HAL_GPIO_EXTI_IRQHandler                 0x0800375d   Thumb Code    24  stm32f4xx_hal_gpio.o(i.HAL_GPIO_EXTI_IRQHandler)
    HAL_GPIO_Init                            0x08003779   Thumb Code   454  stm32f4xx_hal_gpio.o(i.HAL_GPIO_Init)
    HAL_GPIO_WritePin                        0x0800396d   Thumb Code    12  stm32f4xx_hal_gpio.o(i.HAL_GPIO_WritePin)
    HAL_GetTick                              0x08003979   Thumb Code     6  stm32f4xx_hal.o(i.HAL_GetTick)
    HAL_IncTick                              0x08003985   Thumb Code    16  stm32f4xx_hal.o(i.HAL_IncTick)
    HAL_Init                                 0x0800399d   Thumb Code    54  stm32f4xx_hal.o(i.HAL_Init)
    HAL_InitTick                             0x080039d9   Thumb Code   140  stm32f4xx_hal_timebase_tim.o(i.HAL_InitTick)
    HAL_MspInit                              0x08003a79   Thumb Code    78  stm32f4xx_hal_msp.o(i.HAL_MspInit)
    HAL_NVIC_EnableIRQ                       0x08003acd   Thumb Code    32  stm32f4xx_hal_cortex.o(i.HAL_NVIC_EnableIRQ)
    HAL_NVIC_SetPriority                     0x08003aed   Thumb Code   124  stm32f4xx_hal_cortex.o(i.HAL_NVIC_SetPriority)
    HAL_NVIC_SetPriorityGrouping             0x08003b69   Thumb Code    32  stm32f4xx_hal_cortex.o(i.HAL_NVIC_SetPriorityGrouping)
    HAL_RCC_ClockConfig                      0x08003b91   Thumb Code   368  stm32f4xx_hal_rcc.o(i.HAL_RCC_ClockConfig)
    HAL_RCC_GetClockConfig                   0x08003d15   Thumb Code    58  stm32f4xx_hal_rcc.o(i.HAL_RCC_GetClockConfig)
    HAL_RCC_GetHCLKFreq                      0x08003d59   Thumb Code     6  stm32f4xx_hal_rcc.o(i.HAL_RCC_GetHCLKFreq)
    HAL_RCC_GetPCLK1Freq                     0x08003d65   Thumb Code    22  stm32f4xx_hal_rcc.o(i.HAL_RCC_GetPCLK1Freq)
    HAL_RCC_GetPCLK2Freq                     0x08003d85   Thumb Code    22  stm32f4xx_hal_rcc.o(i.HAL_RCC_GetPCLK2Freq)
    HAL_RCC_GetSysClockFreq                  0x08003da5   Thumb Code   162  stm32f4xx_hal_rcc.o(i.HAL_RCC_GetSysClockFreq)
    HAL_RCC_OscConfig                        0x08003e55   Thumb Code  1172  stm32f4xx_hal_rcc.o(i.HAL_RCC_OscConfig)
    HAL_SPI_Init                             0x080042f1   Thumb Code   200  stm32f4xx_hal_spi.o(i.HAL_SPI_Init)
    HAL_SPI_MspInit                          0x080043b9   Thumb Code   304  spi.o(i.HAL_SPI_MspInit)
    HAL_SPI_TransmitReceive                  0x08004505   Thumb Code   554  stm32f4xx_hal_spi.o(i.HAL_SPI_TransmitReceive)
    HAL_TIMEx_BreakCallback                  0x0800472f   Thumb Code     2  stm32f4xx_hal_tim_ex.o(i.HAL_TIMEx_BreakCallback)
    HAL_TIMEx_CommutCallback                 0x08004731   Thumb Code     2  stm32f4xx_hal_tim_ex.o(i.HAL_TIMEx_CommutCallback)
    HAL_TIM_Base_Init                        0x08004733   Thumb Code   102  stm32f4xx_hal_tim.o(i.HAL_TIM_Base_Init)
    HAL_TIM_Base_MspInit                     0x08004799   Thumb Code    62  tim.o(i.HAL_TIM_Base_MspInit)
    HAL_TIM_Base_Start_IT                    0x080047e1   Thumb Code   138  stm32f4xx_hal_tim.o(i.HAL_TIM_Base_Start_IT)
    HAL_TIM_IC_CaptureCallback               0x08004889   Thumb Code     2  stm32f4xx_hal_tim.o(i.HAL_TIM_IC_CaptureCallback)
    HAL_TIM_IRQHandler                       0x0800488b   Thumb Code   406  stm32f4xx_hal_tim.o(i.HAL_TIM_IRQHandler)
    HAL_TIM_MspPostInit                      0x08004a21   Thumb Code    86  tim.o(i.HAL_TIM_MspPostInit)
    HAL_TIM_OC_DelayElapsedCallback          0x08004a85   Thumb Code     2  stm32f4xx_hal_tim.o(i.HAL_TIM_OC_DelayElapsedCallback)
    HAL_TIM_PWM_ConfigChannel                0x08004a87   Thumb Code   260  stm32f4xx_hal_tim.o(i.HAL_TIM_PWM_ConfigChannel)
    HAL_TIM_PWM_Init                         0x08004b8b   Thumb Code   102  stm32f4xx_hal_tim.o(i.HAL_TIM_PWM_Init)
    HAL_TIM_PWM_MspInit                      0x08004bf1   Thumb Code     2  stm32f4xx_hal_tim.o(i.HAL_TIM_PWM_MspInit)
    HAL_TIM_PWM_PulseFinishedCallback        0x08004bf3   Thumb Code     2  stm32f4xx_hal_tim.o(i.HAL_TIM_PWM_PulseFinishedCallback)
    HAL_TIM_PWM_Start                        0x08004bf5   Thumb Code   238  stm32f4xx_hal_tim.o(i.HAL_TIM_PWM_Start)
    HAL_TIM_PeriodElapsedCallback            0x08004d01   Thumb Code    18  main.o(i.HAL_TIM_PeriodElapsedCallback)
    HAL_TIM_TriggerCallback                  0x08004d19   Thumb Code     2  stm32f4xx_hal_tim.o(i.HAL_TIM_TriggerCallback)
    HAL_UARTEx_RxEventCallback               0x08004d1b   Thumb Code     2  stm32f4xx_hal_uart.o(i.HAL_UARTEx_RxEventCallback)
    HAL_UART_ErrorCallback                   0x08004d1d   Thumb Code     2  stm32f4xx_hal_uart.o(i.HAL_UART_ErrorCallback)
    HAL_UART_IRQHandler                      0x08004d21   Thumb Code   732  stm32f4xx_hal_uart.o(i.HAL_UART_IRQHandler)
    HAL_UART_Init                            0x08005001   Thumb Code   114  stm32f4xx_hal_uart.o(i.HAL_UART_Init)
    HAL_UART_MspInit                         0x08005075   Thumb Code   450  usart.o(i.HAL_UART_MspInit)
    HAL_UART_RxCpltCallback                  0x08005261   Thumb Code     2  stm32f4xx_hal_uart.o(i.HAL_UART_RxCpltCallback)
    HAL_UART_TxCpltCallback                  0x08005263   Thumb Code     2  stm32f4xx_hal_uart.o(i.HAL_UART_TxCpltCallback)
    HardFault_Handler                        0x080053dd   Thumb Code     4  stm32f4xx_it.o(i.HardFault_Handler)
    IMU_QuaternionEKF_Init                   0x08005755   Thumb Code   250  quaternionekf.o(i.IMU_QuaternionEKF_Init)
    IMU_QuaternionEKF_Update                 0x080059d1   Thumb Code  1566  quaternionekf.o(i.IMU_QuaternionEKF_Update)
    IMU_Temperature_Ctrl                     0x08006765   Thumb Code    90  imu_task.o(i.IMU_Temperature_Ctrl)
    INS_Init                                 0x080067d9   Thumb Code   174  imu_task.o(i.INS_Init)
    INS_Task                                 0x080068b9   Thumb Code   724  imu_task.o(i.INS_Task)
    Kalman_Filter_Init                       0x08006c11   Thumb Code  1800  kalman_filter.o(i.Kalman_Filter_Init)
    Kalman_Filter_Measure                    0x0800731d   Thumb Code    74  kalman_filter.o(i.Kalman_Filter_Measure)
    Kalman_Filter_P_Update                   0x0800736d   Thumb Code   104  kalman_filter.o(i.Kalman_Filter_P_Update)
    Kalman_Filter_PminusUpdate               0x080073d5   Thumb Code   104  kalman_filter.o(i.Kalman_Filter_PminusUpdate)
    Kalman_Filter_SetK                       0x0800743d   Thumb Code   210  kalman_filter.o(i.Kalman_Filter_SetK)
    Kalman_Filter_Update                     0x08007511   Thumb Code   292  kalman_filter.o(i.Kalman_Filter_Update)
    Kalman_Filter_xhatMinusUpdate            0x08007639   Thumb Code   124  kalman_filter.o(i.Kalman_Filter_xhatMinusUpdate)
    Kalman_Filter_xhatUpdate                 0x080076b5   Thumb Code   134  kalman_filter.o(i.Kalman_Filter_xhatUpdate)
    MX_CAN1_Init                             0x0800773d   Thumb Code    62  can.o(i.MX_CAN1_Init)
    MX_CAN2_Init                             0x08007785   Thumb Code    62  can.o(i.MX_CAN2_Init)
    MX_DMA_Init                              0x080077cd   Thumb Code   146  dma.o(i.MX_DMA_Init)
    MX_FREERTOS_Init                         0x08007865   Thumb Code    54  freertos.o(i.MX_FREERTOS_Init)
    MX_GPIO_Init                             0x080078a9   Thumb Code   344  gpio.o(i.MX_GPIO_Init)
    MX_SPI1_Init                             0x08007a11   Thumb Code    62  spi.o(i.MX_SPI1_Init)
    MX_TIM10_Init                            0x08007a59   Thumb Code   100  tim.o(i.MX_TIM10_Init)
    MX_USART3_UART_Init                      0x08007ac5   Thumb Code    48  usart.o(i.MX_USART3_UART_Init)
    MX_USART6_UART_Init                      0x08007b01   Thumb Code    46  usart.o(i.MX_USART6_UART_Init)
    MemManage_Handler                        0x08007b39   Thumb Code     4  stm32f4xx_it.o(i.MemManage_Handler)
    NMI_Handler                              0x08007b3d   Thumb Code     4  stm32f4xx_it.o(i.NMI_Handler)
    PidCalculate                             0x08007b83   Thumb Code   440  pid.o(i.PidCalculate)
    PidInit                                  0x08007d3b   Thumb Code    62  pid.o(i.PidInit)
    PidInitMode                              0x08007d79   Thumb Code   138  pid.o(i.PidInitMode)
    RC_DataProcess                           0x08007e03   Thumb Code   262  bsp_dr16.o(i.RC_DataProcess)
    RC_Get_RC_Pointer                        0x08007f09   Thumb Code     4  bsp_dr16.o(i.RC_Get_RC_Pointer)
    RC_Init                                  0x08007f11   Thumb Code   136  bsp_dr16.o(i.RC_Init)
    RC_UART_IRQHandler                       0x08007f99   Thumb Code   260  bsp_dr16.o(i.RC_UART_IRQHandler)
    REFEREE_UART_IRQHandler                  0x080080a9   Thumb Code   312  bsp_referee.o(i.REFEREE_UART_IRQHandler)
    RefereeDataDeal                          0x0800839b   Thumb Code   544  bsp_referee.o(i.RefereeDataDeal)
    StartDefaultTask                         0x08008789   Thumb Code    10  freertos.o(i.StartDefaultTask)
    SysTick_Handler                          0x08008795   Thumb Code    46  port.o(i.SysTick_Handler)
    SystemClock_Config                       0x080087c9   Thumb Code   170  main.o(i.SystemClock_Config)
    SystemInit                               0x0800887d   Thumb Code    14  system_stm32f4xx.o(i.SystemInit)
    TIM1_UP_TIM10_IRQHandler                 0x08008891   Thumb Code    16  stm32f4xx_it.o(i.TIM1_UP_TIM10_IRQHandler)
    TIM_Base_SetConfig                       0x080088a9   Thumb Code   170  stm32f4xx_hal_tim.o(i.TIM_Base_SetConfig)
    TIM_CCxChannelCmd                        0x08008981   Thumb Code    34  stm32f4xx_hal_tim.o(i.TIM_CCxChannelCmd)
    TIM_OC2_SetConfig                        0x08008a15   Thumb Code   114  stm32f4xx_hal_tim.o(i.TIM_OC2_SetConfig)
    TIM_Set_PWM                              0x08008b5d   Thumb Code    58  bsp_pwm.o(i.TIM_Set_PWM)
    USART3_IRQHandler                        0x0800900d   Thumb Code    14  stm32f4xx_it.o(i.USART3_IRQHandler)
    USART6_IRQHandler                        0x08009021   Thumb Code    16  stm32f4xx_it.o(i.USART6_IRQHandler)
    UsageFault_Handler                       0x08009035   Thumb Code     4  stm32f4xx_it.o(i.UsageFault_Handler)
    Verify_CRC16_Check_Sum                   0x08009039   Thumb Code    60  crc.o(i.Verify_CRC16_Check_Sum)
    Verify_CRC8_Check_Sum                    0x08009079   Thumb Code    46  crc.o(i.Verify_CRC8_Check_Sum)
    __ARM_fpclassifyf                        0x080090a7   Thumb Code    38  fpclassifyf.o(i.__ARM_fpclassifyf)
    __hardfp_acosf                           0x08009105   Thumb Code   234  acosf.o(i.__hardfp_acosf)
    __hardfp_asinf                           0x0800921d   Thumb Code   258  asinf.o(i.__hardfp_asinf)
    __hardfp_atan2f                          0x08009349   Thumb Code   594  atan2f.o(i.__hardfp_atan2f)
    __hardfp_sqrtf                           0x080095f5   Thumb Code    58  sqrtf_full.o(i.__hardfp_sqrtf)
    __mathlib_flt_infnan                     0x0800962f   Thumb Code     6  funder.o(i.__mathlib_flt_infnan)
    __mathlib_flt_infnan2                    0x08009635   Thumb Code     6  funder.o(i.__mathlib_flt_infnan2)
    __mathlib_flt_invalid                    0x0800963d   Thumb Code    10  funder.o(i.__mathlib_flt_invalid)
    __mathlib_flt_underflow                  0x0800964d   Thumb Code    10  funder.o(i.__mathlib_flt_underflow)
    __scatterload_copy                       0x0800965d   Thumb Code    14  handlers.o(i.__scatterload_copy)
    __scatterload_null                       0x0800966b   Thumb Code     2  handlers.o(i.__scatterload_null)
    __scatterload_zeroinit                   0x0800966d   Thumb Code    14  handlers.o(i.__scatterload_zeroinit)
    __set_errno                              0x0800967d   Thumb Code     6  errno.o(i.__set_errno)
    angle_limiting_int16                     0x08009689   Thumb Code    36  bsp_motor_encoder.o(i.angle_limiting_int16)
    bmi088_accel_init                        0x080096ad   Thumb Code   348  bmi088driver.o(i.bmi088_accel_init)
    bmi088_gyro_init                         0x08009819   Thumb Code   284  bmi088driver.o(i.bmi088_gyro_init)
    cos_calculate                            0x08009949   Thumb Code   256  maths.o(i.cos_calculate)
    float_constrain                          0x08009ca3   Thumb Code    42  user_lib.o(i.float_constrain)
    float_rounding                           0x08009ccd   Thumb Code    62  user_lib.o(i.float_rounding)
    imu_Task                                 0x08009d15   Thumb Code    28  imu_task.o(i.imu_Task)
    init_Task                                0x08009d31   Thumb Code    72  init_task_1.o(i.init_Task)
    loop_fp32_constrain                      0x08009dc5   Thumb Code    96  maths.o(i.loop_fp32_constrain)
    main                                     0x08009e25   Thumb Code    72  main.o(i.main)
    malloc                                   0x08009e81   Thumb Code    92  malloc.o(i.malloc)
    osDelay                                  0x08009eed   Thumb Code    24  cmsis_os.o(i.osDelay)
    osKernelStart                            0x08009f05   Thumb Code    10  cmsis_os.o(i.osKernelStart)
    osThreadCreate                           0x08009f0f   Thumb Code    94  cmsis_os.o(i.osThreadCreate)
    pid_clear                                0x08009f6d   Thumb Code    74  pid.o(i.pid_clear)
    pvPortMalloc                             0x0800a43d   Thumb Code   306  heap_4.o(i.pvPortMalloc)
    pxPortInitialiseStack                    0x0800a589   Thumb Code    38  port.o(i.pxPortInitialiseStack)
    rc_deadline_limit                        0x0800a5b5   Thumb Code    20  bsp_dr16.o(i.rc_deadline_limit)
    rc_lost_time_refresh                     0x0800a5c9   Thumb Code    14  bsp_dr16.o(i.rc_lost_time_refresh)
    referee_uart_init                        0x0800a5dd   Thumb Code   136  bsp_referee.o(i.referee_uart_init)
    sin_calculate                            0x0800a665   Thumb Code   444  maths.o(i.sin_calculate)
    sqrtf                                    0x0800a83d   Thumb Code    62  sqrtf_full.o(i.sqrtf)
    uxListRemove                             0x0800a87b   Thumb Code    40  list.o(i.uxListRemove)
    vApplicationGetIdleTaskMemory            0x0800a8a5   Thumb Code    14  freertos.o(i.vApplicationGetIdleTaskMemory)
    vListInitialise                          0x0800a8bd   Thumb Code    26  list.o(i.vListInitialise)
    vListInitialiseItem                      0x0800a8d7   Thumb Code     6  list.o(i.vListInitialiseItem)
    vListInsert                              0x0800a8dd   Thumb Code    52  list.o(i.vListInsert)
    vListInsertEnd                           0x0800a911   Thumb Code    24  list.o(i.vListInsertEnd)
    vPortEnterCritical                       0x0800a929   Thumb Code    76  port.o(i.vPortEnterCritical)
    vPortExitCritical                        0x0800a97d   Thumb Code    56  port.o(i.vPortExitCritical)
    vPortFree                                0x0800a9b9   Thumb Code   150  heap_4.o(i.vPortFree)
    vPortSetupTimerInterrupt                 0x0800aa5d   Thumb Code    36  port.o(i.vPortSetupTimerInterrupt)
    vTaskDelay                               0x0800aa85   Thumb Code    82  tasks.o(i.vTaskDelay)
    vTaskDelayUntil                          0x0800aae1   Thumb Code   200  tasks.o(i.vTaskDelayUntil)
    vTaskDelete                              0x0800abb5   Thumb Code   202  tasks.o(i.vTaskDelete)
    vTaskStartScheduler                      0x0800aca9   Thumb Code   146  tasks.o(i.vTaskStartScheduler)
    vTaskSuspendAll                          0x0800ad59   Thumb Code    12  tasks.o(i.vTaskSuspendAll)
    vTaskSwitchContext                       0x0800ad69   Thumb Code   118  tasks.o(i.vTaskSwitchContext)
    xPortStartScheduler                      0x0800adf5   Thumb Code   330  port.o(i.xPortStartScheduler)
    xTaskCreate                              0x0800af5d   Thumb Code   100  tasks.o(i.xTaskCreate)
    xTaskCreateStatic                        0x0800afc1   Thumb Code   186  tasks.o(i.xTaskCreateStatic)
    xTaskGetTickCount                        0x0800b07d   Thumb Code     6  tasks.o(i.xTaskGetTickCount)
    xTaskIncrementTick                       0x0800b089   Thumb Code   282  tasks.o(i.xTaskIncrementTick)
    xTaskResumeAll                           0x0800b1d1   Thumb Code   224  tasks.o(i.xTaskResumeAll)
    AHBPrescTable                            0x0800b314   Data          16  system_stm32f4xx.o(.constdata)
    APBPrescTable                            0x0800b324   Data           8  system_stm32f4xx.o(.constdata)
    xb                                       0x0800b32c   Data          12  imu_task.o(.constdata)
    yb                                       0x0800b338   Data          12  imu_task.o(.constdata)
    zb                                       0x0800b344   Data          12  imu_task.o(.constdata)
    Trigonometric_Functions                  0x0800b378   Data        3604  maths.o(.constdata)
    CRC8_INIT                                0x0800c18c   Data           1  crc.o(.constdata)
    CRC8_TAB                                 0x0800c18d   Data         256  crc.o(.constdata)
    wCRC_Table                               0x0800c28e   Data         512  crc.o(.constdata)
    IMU_QuaternionEKF_F                      0x0800c490   Data         144  quaternionekf.o(.constdata)
    sinTable_f32                             0x0800c520   Data        2052  arm_common_tables.o(.constdata)
    Region$$Table$$Base                      0x0800cd48   Number         0  anon$$obj.o(Region$$Table)
    Region$$Table$$Limit                     0x0800cd68   Number         0  anon$$obj.o(Region$$Table)
    defaultTaskHandle                        0x20000000   Data           4  freertos.o(.data)
    Init_TASKHandle                          0x20000004   Data           4  freertos.o(.data)
    uwTick                                   0x2000000c   Data           4  stm32f4xx_hal.o(.data)
    uwTickPrio                               0x20000010   Data           4  stm32f4xx_hal.o(.data)
    uwTickFreq                               0x20000014   Data           1  stm32f4xx_hal.o(.data)
    SystemCoreClock                          0x20000018   Data           4  system_stm32f4xx.o(.data)
    pxCurrentTCB                             0x2000001c   Data           4  tasks.o(.data)
    INS_DWT_Count                            0x20000084   Data           4  imu_task.o(.data)
    ins_debug_mode                           0x20000090   Data           1  imu_task.o(.data)
    RefTemp                                  0x20000094   Data           4  imu_task.o(.data)
    Chassis_TASKHandle                       0x200000cc   Data           4  init_task_1.o(.data)
    Fire_TaskHandler                         0x200000d0   Data           4  init_task_1.o(.data)
    TASK_CHASSISHandle                       0x200000d4   Data           4  init_task_1.o(.data)
    IMUTask_Handler                          0x200000d8   Data           4  init_task_1.o(.data)
    CRC_INIT                                 0x200000e4   Data           2  crc.o(.data)
    speed                                    0x200000e8   Data           4  can1.o(.data)
    add_speed                                0x200000ec   Data           4  can1.o(.data)
    can1_callback                            0x200000f0   Data           4  can1.o(.data)
    CAN1_Rx_Data                             0x200000f4   Data           8  can1.o(.data)
    CAN1_Tx_Data                             0x20000100   Data           8  can1.o(.data)
    can2_callback                            0x20000108   Data           4  can2.o(.data)
    CAN2_Rx_Data                             0x2000010c   Data           8  can2.o(.data)
    CAN2_Tx_Data                             0x20000118   Data           8  can2.o(.data)
    can_FSM_Chassis                          0x20000120   Data           4  can2.o(.data)
    rc_ctl                                   0x20000124   Data           4  can2.o(.data)
    BMI088_ACCEL_SEN                         0x20000128   Data           4  bmi088driver.o(.data)
    BMI088_GYRO_SEN                          0x2000012c   Data           4  bmi088driver.o(.data)
    gNormDiff                                0x20000134   Data           4  bmi088driver.o(.data)
    caliOffset                               0x20000138   Data           1  bmi088driver.o(.data)
    caliCount                                0x2000013a   Data           2  bmi088driver.o(.data)
    BMI088_SPI                               0x20000168   Data           4  bmi088middleware.o(.data)
    SysTime                                  0x20000170   Data           8  bsp_dwt.o(.data)
    CYCCNT64                                 0x20000190   Data           8  bsp_dwt.o(.data)
    sizeof_float                             0x200001b0   Data           2  kalman_filter.o(.data)
    sizeof_double                            0x200001b2   Data           2  kalman_filter.o(.data)
    IMU_QuaternionEKF_P                      0x200001b4   Data         144  quaternionekf.o(.data)
    GlobalDebugMode                          0x20000288   Data           1  user_lib.o(.data)
    __microlib_freelist                      0x200002a0   Data           4  mvars.o(.data)
    __microlib_freelist_initialised          0x200002a4   Data           4  mvars.o(.data)
    hcan1                                    0x20000500   Data          40  can.o(.bss)
    hcan2                                    0x20000528   Data          40  can.o(.bss)
    hspi1                                    0x20000550   Data          88  spi.o(.bss)
    hdma_spi1_rx                             0x200005a8   Data          96  spi.o(.bss)
    hdma_spi1_tx                             0x20000608   Data          96  spi.o(.bss)
    htim10                                   0x20000668   Data          72  tim.o(.bss)
    huart3                                   0x200006b0   Data          68  usart.o(.bss)
    huart6                                   0x200006f4   Data          68  usart.o(.bss)
    hdma_usart3_rx                           0x20000738   Data          96  usart.o(.bss)
    hdma_usart6_rx                           0x20000798   Data          96  usart.o(.bss)
    hdma_usart6_tx                           0x200007f8   Data          96  usart.o(.bss)
    htim1                                    0x20000858   Data          72  stm32f4xx_hal_timebase_tim.o(.bss)
    z_speed                                  0x20004590   Data         144  fsm_chassis.o(.bss)
    FSM_Chassis                              0x20004620   Data          52  fsm_chassis.o(.bss)
    Chassis_Data                             0x20004654   Data        1536  chassis_task.o(.bss)
    New_Chassis_Data                         0x20004c54   Data        1716  chassis_task.o(.bss)
    filter1                                  0x20005308   Data        1208  chassis_task.o(.bss)
    ditong_filter1                           0x200057c0   Data          16  chassis_task.o(.bss)
    INS                                      0x200057d0   Data         152  imu_task.o(.bss)
    IMU_Param                                0x20005868   Data          28  imu_task.o(.bss)
    TempCtrl                                 0x20005884   Data         144  imu_task.o(.bss)
    qq                                       0x20005914   Data          16  imu_task.o(.bss)
    Sbus_RX_Buffer                           0x2000593c   Data          72  bsp_dr16.o(.bss)
    Referee_RX_Buffer                        0x20005984   Data         512  bsp_referee.o(.bss)
    Referee_Data                             0x20005b84   Data         256  bsp_referee.o(.bss)
    referee                                  0x20005c84   Data         503  bsp_referee.o(.bss)
    LF_Motor                                 0x20005e7c   Data          10  can1.o(.bss)
    RF_Motor                                 0x20005e86   Data          10  can1.o(.bss)
    LB_Motor                                 0x20005e90   Data          10  can1.o(.bss)
    RB_Motor                                 0x20005e9a   Data          10  can1.o(.bss)
    FIRE_Motor                               0x20005ea4   Data          10  can1.o(.bss)
    CAN_Motor                                0x20005eb0   Data          16  can1.o(.bss)
    Supercap_receive                         0x20005ec0   Data          16  can1.o(.bss)
    jiasudu                                  0x20005ed0   Data         144  can1.o(.bss)
    last_call_back_time                      0x20005f94   Data          20  can1.o(.bss)
    gyroDiff                                 0x200060ec   Data          12  bmi088driver.o(.bss)
    BMI088                                   0x200060f8   Data          52  bmi088driver.o(.bss)
    QEKF_INS                                 0x20006130   Data         472  quaternionekf.o(.bss)
    IMU_QuaternionEKF_K                      0x20006308   Data          72  quaternionekf.o(.bss)
    IMU_QuaternionEKF_H                      0x20006350   Data          72  quaternionekf.o(.bss)
    __heap_base                              0x20006398   Data           0  startup_stm32f407xx.o(HEAP)
    __heap_limit                             0x20008398   Data           0  startup_stm32f407xx.o(HEAP)
    __initial_sp                             0x2000a398   Data           0  startup_stm32f407xx.o(STACK)



==============================================================================

Memory Map of the image

  Image Entry point : 0x08000189

  Load Region LR_IROM1 (Base: 0x08000000, Size: 0x0000d014, Max: 0x00080000, ABSOLUTE, COMPRESSED[0x0000cdd0])

    Execution Region ER_IROM1 (Exec base: 0x08000000, Load base: 0x08000000, Size: 0x0000cd68, Max: 0x00080000, ABSOLUTE)

    Exec Addr    Load Addr    Size         Type   Attr      Idx    E Section Name        Object

    0x08000000   0x08000000   0x00000188   Data   RO            3    RESET               startup_stm32f407xx.o
    0x08000188   0x08000188   0x00000000   Code   RO         7848  * .ARM.Collect$$$$00000000  mc_w.l(entry.o)
    0x08000188   0x08000188   0x00000004   Code   RO         7919    .ARM.Collect$$$$00000001  mc_w.l(entry2.o)
    0x0800018c   0x0800018c   0x00000004   Code   RO         7922    .ARM.Collect$$$$00000004  mc_w.l(entry5.o)
    0x08000190   0x08000190   0x00000000   Code   RO         7924    .ARM.Collect$$$$00000008  mc_w.l(entry7b.o)
    0x08000190   0x08000190   0x00000000   Code   RO         7926    .ARM.Collect$$$$0000000A  mc_w.l(entry8b.o)
    0x08000190   0x08000190   0x00000008   Code   RO         7927    .ARM.Collect$$$$0000000B  mc_w.l(entry9a.o)
    0x08000198   0x08000198   0x00000004   Code   RO         7934    .ARM.Collect$$$$0000000E  mc_w.l(entry12b.o)
    0x0800019c   0x0800019c   0x00000000   Code   RO         7929    .ARM.Collect$$$$0000000F  mc_w.l(entry10a.o)
    0x0800019c   0x0800019c   0x00000000   Code   RO         7931    .ARM.Collect$$$$00000011  mc_w.l(entry11a.o)
    0x0800019c   0x0800019c   0x00000004   Code   RO         7920    .ARM.Collect$$$$00002712  mc_w.l(entry2.o)
    0x080001a0   0x080001a0   0x000000be   Code   RO         5137    .emb_text           port.o
    0x0800025e   0x0800025e   0x00000002   PAD
    0x08000260   0x08000260   0x00000024   Code   RO            4    .text               startup_stm32f407xx.o
    0x08000284   0x08000284   0x00000078   Code   RO         7491    .text               arm_cortexM4lf_math.lib(arm_cos_f32.o)
    0x080002fc   0x080002fc   0x00000094   Code   RO         7541    .text               arm_cortexM4lf_math.lib(arm_sin_f32.o)
    0x08000390   0x08000390   0x00000108   Code   RO         7565    .text               arm_cortexM4lf_math.lib(arm_mat_add_f32.o)
    0x08000498   0x08000498   0x00000008   Code   RO         7589    .text               arm_cortexM4lf_math.lib(arm_mat_init_f32.o)
    0x080004a0   0x080004a0   0x00000530   Code   RO         7613    .text               arm_cortexM4lf_math.lib(arm_mat_inverse_f32.o)
    0x080009d0   0x080009d0   0x0000013c   Code   RO         7637    .text               arm_cortexM4lf_math.lib(arm_mat_mult_f32.o)
    0x08000b0c   0x08000b0c   0x00000108   Code   RO         7661    .text               arm_cortexM4lf_math.lib(arm_mat_sub_f32.o)
    0x08000c14   0x08000c14   0x00000114   Code   RO         7685    .text               arm_cortexM4lf_math.lib(arm_mat_trans_f32.o)
    0x08000d28   0x08000d28   0x00000062   Code   RO         7851    .text               mc_w.l(uldiv.o)
    0x08000d8a   0x08000d8a   0x00000024   Code   RO         7853    .text               mc_w.l(memcpya.o)
    0x08000dae   0x08000dae   0x00000024   Code   RO         7857    .text               mc_w.l(memseta.o)
    0x08000dd2   0x08000dd2   0x0000001e   Code   RO         7935    .text               mc_w.l(llshl.o)
    0x08000df0   0x08000df0   0x00000020   Code   RO         7937    .text               mc_w.l(llushr.o)
    0x08000e10   0x08000e10   0x00000000   Code   RO         7950    .text               mc_w.l(iusefp.o)
    0x08000e10   0x08000e10   0x00000024   Code   RO         7959    .text               mc_w.l(init.o)
    0x08000e34   0x08000e34   0x00000056   Code   RO         7969    .text               mc_w.l(__dczerorl2.o)
    0x08000e8a   0x08000e8a   0x00000002   PAD
    0x08000e8c   0x08000e8c   0x00000014   Code   RO         7050    i.BMI088_ACCEL_NS_H  bmi088middleware.o
    0x08000ea0   0x08000ea0   0x00000014   Code   RO         7051    i.BMI088_ACCEL_NS_L  bmi088middleware.o
    0x08000eb4   0x08000eb4   0x00000014   Code   RO         7052    i.BMI088_GYRO_NS_H  bmi088middleware.o
    0x08000ec8   0x08000ec8   0x00000014   Code   RO         7053    i.BMI088_GYRO_NS_L  bmi088middleware.o
    0x08000edc   0x08000edc   0x0000027c   Code   RO         6965    i.BMI088_Read       bmi088driver.o
    0x08001158   0x08001158   0x0000009c   Code   RO         6966    i.BMI088_init       bmi088driver.o
    0x080011f4   0x080011f4   0x00000026   Code   RO         6967    i.BMI088_read_muli_reg  bmi088driver.o
    0x0800121a   0x0800121a   0x00000018   Code   RO         6968    i.BMI088_read_single_reg  bmi088driver.o
    0x08001232   0x08001232   0x00000002   PAD
    0x08001234   0x08001234   0x00000024   Code   RO         7054    i.BMI088_read_write_byte  bmi088middleware.o
    0x08001258   0x08001258   0x00000014   Code   RO         6969    i.BMI088_write_single_reg  bmi088driver.o
    0x0800126c   0x0800126c   0x00000048   Code   RO         6119    i.BULLET_DATA       bsp_referee.o
    0x080012b4   0x080012b4   0x00000058   Code   RO         5967    i.Block_Detect      bsp_motor_encoder.o
    0x0800130c   0x0800130c   0x0000015a   Code   RO         5684    i.BodyFrameToEarthFrame  imu_task.o
    0x08001466   0x08001466   0x00000004   Code   RO          515    i.BusFault_Handler  stm32f4xx_it.o
    0x0800146a   0x0800146a   0x00000002   PAD
    0x0800146c   0x0800146c   0x00000058   Code   RO         6811    i.CAN1_Chassis_Tx   can1.o
    0x080014c4   0x080014c4   0x0000000e   Code   RO         6812    i.CAN1_Clear        can1.o
    0x080014d2   0x080014d2   0x00000002   PAD
    0x080014d4   0x080014d4   0x0000004c   Code   RO         6813    i.CAN1_Fire_Tx      can1.o
    0x08001520   0x08001520   0x0000008c   Code   RO         6814    i.CAN1_Init         can1.o
    0x080015ac   0x080015ac   0x00000010   Code   RO          516    i.CAN1_RX0_IRQHandler  stm32f4xx_it.o
    0x080015bc   0x080015bc   0x000002e0   Code   RO         6815    i.CAN1_RX_Deal      can1.o
    0x0800189c   0x0800189c   0x00000044   Code   RO         6816    i.CAN1_filter_config  can1.o
    0x080018e0   0x080018e0   0x00000030   Code   RO         6908    i.CAN2_Init         can2.o
    0x08001910   0x08001910   0x00000010   Code   RO          517    i.CAN2_RX0_IRQHandler  stm32f4xx_it.o
    0x08001920   0x08001920   0x000000c4   Code   RO         6909    i.CAN2_RX_Deal      can2.o
    0x080019e4   0x080019e4   0x00000044   Code   RO         6912    i.CAN2_filter_config  can2.o
    0x08001a28   0x08001a28   0x000000e4   Code   RO         5969    i.CAN_DATA_Encoder_Deal  bsp_motor_encoder.o
    0x08001b0c   0x08001b0c   0x00000042   Code   RO         6120    i.CLIENT_DATA       bsp_referee.o
    0x08001b4e   0x08001b4e   0x00000050   Code   RO         6121    i.CLIENT_MAP_DATA   bsp_referee.o
    0x08001b9e   0x08001b9e   0x00000002   PAD
    0x08001ba0   0x08001ba0   0x00000544   Code   RO         6970    i.Calibrate_MPU_Offset  bmi088driver.o
    0x080020e4   0x080020e4   0x00000050   Code   RO         6817    i.Can1_Cap_Setmsg   can1.o
    0x08002134   0x08002134   0x000000cc   Code   RO         6670    i.Changing_Integration_Rate  pid.o
    0x08002200   0x08002200   0x00000048   Code   RO         6122    i.DART_CLIENT       bsp_referee.o
    0x08002248   0x08002248   0x00000046   Code   RO         6123    i.DART_REAMAINING_TIME  bsp_referee.o
    0x0800228e   0x0800228e   0x00000002   PAD
    0x08002290   0x08002290   0x00000010   Code   RO          518    i.DMA1_Stream1_IRQHandler  stm32f4xx_it.o
    0x080022a0   0x080022a0   0x00000010   Code   RO          519    i.DMA2_Stream0_IRQHandler  stm32f4xx_it.o
    0x080022b0   0x080022b0   0x00000010   Code   RO          520    i.DMA2_Stream1_IRQHandler  stm32f4xx_it.o
    0x080022c0   0x080022c0   0x00000010   Code   RO          521    i.DMA2_Stream3_IRQHandler  stm32f4xx_it.o
    0x080022d0   0x080022d0   0x00000010   Code   RO          522    i.DMA2_Stream6_IRQHandler  stm32f4xx_it.o
    0x080022e0   0x080022e0   0x00000034   Code   RO         1468    i.DMA_CalcBaseAndBitshift  stm32f4xx_hal_dma.o
    0x08002314   0x08002314   0x000000aa   Code   RO         1469    i.DMA_CheckFifoParam  stm32f4xx_hal_dma.o
    0x080023be   0x080023be   0x00000002   PAD
    0x080023c0   0x080023c0   0x00000030   Code   RO         7104    i.DWT_CNT_Update    bsp_dwt.o
    0x080023f0   0x080023f0   0x0000003c   Code   RO         7105    i.DWT_Delay         bsp_dwt.o
    0x0800242c   0x0800242c   0x0000004c   Code   RO         7106    i.DWT_GetDeltaT     bsp_dwt.o
    0x08002478   0x08002478   0x00000054   Code   RO         7109    i.DWT_GetTimeline_s  bsp_dwt.o
    0x080024cc   0x080024cc   0x00000068   Code   RO         7111    i.DWT_Init          bsp_dwt.o
    0x08002534   0x08002534   0x000000d0   Code   RO         7112    i.DWT_SysTimeUpdate  bsp_dwt.o
    0x08002604   0x08002604   0x00000002   Code   RO          523    i.DebugMon_Handler  stm32f4xx_it.o
    0x08002606   0x08002606   0x00000002   PAD
    0x08002608   0x08002608   0x0000001c   Code   RO         5865    i.ECF_RC_Init       bsp_dr16.o
    0x08002624   0x08002624   0x00000010   Code   RO         5866    i.ECF_RC_UART_Handler  bsp_dr16.o
    0x08002634   0x08002634   0x0000001c   Code   RO         6124    i.ECF_referee_uart_init  bsp_referee.o
    0x08002650   0x08002650   0x0000003c   Code   RO         6125    i.EVENT_DATA        bsp_referee.o
    0x0800268c   0x0800268c   0x0000000a   Code   RO          524    i.EXTI4_IRQHandler  stm32f4xx_it.o
    0x08002696   0x08002696   0x0000000a   Code   RO          525    i.EXTI9_5_IRQHandler  stm32f4xx_it.o
    0x080026a0   0x080026a0   0x0000015a   Code   RO         5685    i.EarthFrameToBodyFrame  imu_task.o
    0x080027fa   0x080027fa   0x00000006   Code   RO           13    i.Error_Handler     main.o
    0x08002800   0x08002800   0x00000060   Code   RO         6126    i.GAME_RESULT       bsp_referee.o
    0x08002860   0x08002860   0x00000056   Code   RO         6127    i.GAME_STATUS       bsp_referee.o
    0x080028b6   0x080028b6   0x00000002   PAD
    0x080028b8   0x080028b8   0x00000034   Code   RO         6761    i.Get_CRC16_Check_Sum  crc.o
    0x080028ec   0x080028ec   0x00000024   Code   RO         6762    i.Get_CRC8_Check_Sum  crc.o
    0x08002910   0x08002910   0x00000008   Code   RO         5221    i.Get_FSM_Chassis_Address  fsm_chassis.o
    0x08002918   0x08002918   0x0000002a   Code   RO          731    i.HAL_CAN_ActivateNotification  stm32f4xx_hal_can.o
    0x08002942   0x08002942   0x00000156   Code   RO          732    i.HAL_CAN_AddTxMessage  stm32f4xx_hal_can.o
    0x08002a98   0x08002a98   0x00000124   Code   RO          733    i.HAL_CAN_ConfigFilter  stm32f4xx_hal_can.o
    0x08002bbc   0x08002bbc   0x00000002   Code   RO          736    i.HAL_CAN_ErrorCallback  stm32f4xx_hal_can.o
    0x08002bbe   0x08002bbe   0x0000017a   Code   RO          739    i.HAL_CAN_GetRxMessage  stm32f4xx_hal_can.o
    0x08002d38   0x08002d38   0x00000036   Code   RO          741    i.HAL_CAN_GetTxMailboxesFreeLevel  stm32f4xx_hal_can.o
    0x08002d6e   0x08002d6e   0x0000024e   Code   RO          743    i.HAL_CAN_IRQHandler  stm32f4xx_hal_can.o
    0x08002fbc   0x08002fbc   0x00000174   Code   RO          744    i.HAL_CAN_Init      stm32f4xx_hal_can.o
    0x08003130   0x08003130   0x00000160   Code   RO          305    i.HAL_CAN_MspInit   can.o
    0x08003290   0x08003290   0x00000002   Code   RO          751    i.HAL_CAN_RxFifo0FullCallback  stm32f4xx_hal_can.o
    0x08003292   0x08003292   0x00000002   PAD
    0x08003294   0x08003294   0x00000028   Code   RO         6821    i.HAL_CAN_RxFifo0MsgPendingCallback  can1.o
    0x080032bc   0x080032bc   0x00000002   Code   RO          753    i.HAL_CAN_RxFifo1FullCallback  stm32f4xx_hal_can.o
    0x080032be   0x080032be   0x00000002   Code   RO          754    i.HAL_CAN_RxFifo1MsgPendingCallback  stm32f4xx_hal_can.o
    0x080032c0   0x080032c0   0x00000002   Code   RO          755    i.HAL_CAN_SleepCallback  stm32f4xx_hal_can.o
    0x080032c2   0x080032c2   0x0000005e   Code   RO          756    i.HAL_CAN_Start     stm32f4xx_hal_can.o
    0x08003320   0x08003320   0x00000002   Code   RO          758    i.HAL_CAN_TxMailbox0AbortCallback  stm32f4xx_hal_can.o
    0x08003322   0x08003322   0x00000002   Code   RO          759    i.HAL_CAN_TxMailbox0CompleteCallback  stm32f4xx_hal_can.o
    0x08003324   0x08003324   0x00000002   Code   RO          760    i.HAL_CAN_TxMailbox1AbortCallback  stm32f4xx_hal_can.o
    0x08003326   0x08003326   0x00000002   Code   RO          761    i.HAL_CAN_TxMailbox1CompleteCallback  stm32f4xx_hal_can.o
    0x08003328   0x08003328   0x00000002   Code   RO          762    i.HAL_CAN_TxMailbox2AbortCallback  stm32f4xx_hal_can.o
    0x0800332a   0x0800332a   0x00000002   Code   RO          763    i.HAL_CAN_TxMailbox2CompleteCallback  stm32f4xx_hal_can.o
    0x0800332c   0x0800332c   0x00000002   Code   RO          765    i.HAL_CAN_WakeUpFromRxMsgCallback  stm32f4xx_hal_can.o
    0x0800332e   0x0800332e   0x000000ac   Code   RO         1471    i.HAL_DMA_Abort     stm32f4xx_hal_dma.o
    0x080033da   0x080033da   0x00000028   Code   RO         1472    i.HAL_DMA_Abort_IT  stm32f4xx_hal_dma.o
    0x08003402   0x08003402   0x00000002   PAD
    0x08003404   0x08003404   0x00000240   Code   RO         1476    i.HAL_DMA_IRQHandler  stm32f4xx_hal_dma.o
    0x08003644   0x08003644   0x000000ec   Code   RO         1477    i.HAL_DMA_Init      stm32f4xx_hal_dma.o
    0x08003730   0x08003730   0x00000028   Code   RO         1895    i.HAL_Delay         stm32f4xx_hal.o
    0x08003758   0x08003758   0x00000002   Code   RO         1362    i.HAL_GPIO_EXTI_Callback  stm32f4xx_hal_gpio.o
    0x0800375a   0x0800375a   0x00000002   PAD
    0x0800375c   0x0800375c   0x0000001c   Code   RO         1363    i.HAL_GPIO_EXTI_IRQHandler  stm32f4xx_hal_gpio.o
    0x08003778   0x08003778   0x000001f4   Code   RO         1364    i.HAL_GPIO_Init     stm32f4xx_hal_gpio.o
    0x0800396c   0x0800396c   0x0000000c   Code   RO         1368    i.HAL_GPIO_WritePin  stm32f4xx_hal_gpio.o
    0x08003978   0x08003978   0x0000000c   Code   RO         1901    i.HAL_GetTick       stm32f4xx_hal.o
    0x08003984   0x08003984   0x00000018   Code   RO         1907    i.HAL_IncTick       stm32f4xx_hal.o
    0x0800399c   0x0800399c   0x0000003c   Code   RO         1908    i.HAL_Init          stm32f4xx_hal.o
    0x080039d8   0x080039d8   0x000000a0   Code   RO          691    i.HAL_InitTick      stm32f4xx_hal_timebase_tim.o
    0x08003a78   0x08003a78   0x00000054   Code   RO          667    i.HAL_MspInit       stm32f4xx_hal_msp.o
    0x08003acc   0x08003acc   0x00000020   Code   RO         1753    i.HAL_NVIC_EnableIRQ  stm32f4xx_hal_cortex.o
    0x08003aec   0x08003aec   0x0000007c   Code   RO         1759    i.HAL_NVIC_SetPriority  stm32f4xx_hal_cortex.o
    0x08003b68   0x08003b68   0x00000028   Code   RO         1760    i.HAL_NVIC_SetPriorityGrouping  stm32f4xx_hal_cortex.o
    0x08003b90   0x08003b90   0x00000184   Code   RO          965    i.HAL_RCC_ClockConfig  stm32f4xx_hal_rcc.o
    0x08003d14   0x08003d14   0x00000044   Code   RO          969    i.HAL_RCC_GetClockConfig  stm32f4xx_hal_rcc.o
    0x08003d58   0x08003d58   0x0000000c   Code   RO          970    i.HAL_RCC_GetHCLKFreq  stm32f4xx_hal_rcc.o
    0x08003d64   0x08003d64   0x00000020   Code   RO          972    i.HAL_RCC_GetPCLK1Freq  stm32f4xx_hal_rcc.o
    0x08003d84   0x08003d84   0x00000020   Code   RO          973    i.HAL_RCC_GetPCLK2Freq  stm32f4xx_hal_rcc.o
    0x08003da4   0x08003da4   0x000000b0   Code   RO          974    i.HAL_RCC_GetSysClockFreq  stm32f4xx_hal_rcc.o
    0x08003e54   0x08003e54   0x0000049c   Code   RO          977    i.HAL_RCC_OscConfig  stm32f4xx_hal_rcc.o
    0x080042f0   0x080042f0   0x000000c8   Code   RO         2157    i.HAL_SPI_Init      stm32f4xx_hal_spi.o
    0x080043b8   0x080043b8   0x0000014c   Code   RO          378    i.HAL_SPI_MspInit   spi.o
    0x08004504   0x08004504   0x0000022a   Code   RO         2166    i.HAL_SPI_TransmitReceive  stm32f4xx_hal_spi.o
    0x0800472e   0x0800472e   0x00000002   Code   RO         3185    i.HAL_TIMEx_BreakCallback  stm32f4xx_hal_tim_ex.o
    0x08004730   0x08004730   0x00000002   Code   RO         3186    i.HAL_TIMEx_CommutCallback  stm32f4xx_hal_tim_ex.o
    0x08004732   0x08004732   0x00000066   Code   RO         2470    i.HAL_TIM_Base_Init  stm32f4xx_hal_tim.o
    0x08004798   0x08004798   0x00000048   Code   RO          420    i.HAL_TIM_Base_MspInit  tim.o
    0x080047e0   0x080047e0   0x000000a8   Code   RO         2475    i.HAL_TIM_Base_Start_IT  stm32f4xx_hal_tim.o
    0x08004888   0x08004888   0x00000002   Code   RO         2504    i.HAL_TIM_IC_CaptureCallback  stm32f4xx_hal_tim.o
    0x0800488a   0x0800488a   0x00000196   Code   RO         2518    i.HAL_TIM_IRQHandler  stm32f4xx_hal_tim.o
    0x08004a20   0x08004a20   0x00000064   Code   RO          421    i.HAL_TIM_MspPostInit  tim.o
    0x08004a84   0x08004a84   0x00000002   Code   RO         2521    i.HAL_TIM_OC_DelayElapsedCallback  stm32f4xx_hal_tim.o
    0x08004a86   0x08004a86   0x00000104   Code   RO         2542    i.HAL_TIM_PWM_ConfigChannel  stm32f4xx_hal_tim.o
    0x08004b8a   0x08004b8a   0x00000066   Code   RO         2545    i.HAL_TIM_PWM_Init  stm32f4xx_hal_tim.o
    0x08004bf0   0x08004bf0   0x00000002   Code   RO         2547    i.HAL_TIM_PWM_MspInit  stm32f4xx_hal_tim.o
    0x08004bf2   0x08004bf2   0x00000002   Code   RO         2548    i.HAL_TIM_PWM_PulseFinishedCallback  stm32f4xx_hal_tim.o
    0x08004bf4   0x08004bf4   0x0000010c   Code   RO         2550    i.HAL_TIM_PWM_Start  stm32f4xx_hal_tim.o
    0x08004d00   0x08004d00   0x00000018   Code   RO           14    i.HAL_TIM_PeriodElapsedCallback  main.o
    0x08004d18   0x08004d18   0x00000002   Code   RO         2561    i.HAL_TIM_TriggerCallback  stm32f4xx_hal_tim.o
    0x08004d1a   0x08004d1a   0x00000002   Code   RO         3463    i.HAL_UARTEx_RxEventCallback  stm32f4xx_hal_uart.o
    0x08004d1c   0x08004d1c   0x00000002   Code   RO         3477    i.HAL_UART_ErrorCallback  stm32f4xx_hal_uart.o
    0x08004d1e   0x08004d1e   0x00000002   PAD
    0x08004d20   0x08004d20   0x000002e0   Code   RO         3480    i.HAL_UART_IRQHandler  stm32f4xx_hal_uart.o
    0x08005000   0x08005000   0x00000072   Code   RO         3481    i.HAL_UART_Init     stm32f4xx_hal_uart.o
    0x08005072   0x08005072   0x00000002   PAD
    0x08005074   0x08005074   0x000001ec   Code   RO          468    i.HAL_UART_MspInit  usart.o
    0x08005260   0x08005260   0x00000002   Code   RO         3487    i.HAL_UART_RxCpltCallback  stm32f4xx_hal_uart.o
    0x08005262   0x08005262   0x00000002   Code   RO         3492    i.HAL_UART_TxCpltCallback  stm32f4xx_hal_uart.o
    0x08005264   0x08005264   0x00000046   Code   RO         6129    i.HURT_DATA         bsp_referee.o
    0x080052aa   0x080052aa   0x00000002   PAD
    0x080052ac   0x080052ac   0x00000130   Code   RO         7208    i.H_K_R_Adjustment  kalman_filter.o
    0x080053dc   0x080053dc   0x00000004   Code   RO          526    i.HardFault_Handler  stm32f4xx_it.o
    0x080053e0   0x080053e0   0x00000374   Code   RO         5687    i.IMU_Param_Correction  imu_task.o
    0x08005754   0x08005754   0x00000120   Code   RO         7288    i.IMU_QuaternionEKF_Init  quaternionekf.o
    0x08005874   0x08005874   0x00000034   Code   RO         7289    i.IMU_QuaternionEKF_Observe  quaternionekf.o
    0x080058a8   0x080058a8   0x00000128   Code   RO         7290    i.IMU_QuaternionEKF_SetH  quaternionekf.o
    0x080059d0   0x080059d0   0x00000634   Code   RO         7291    i.IMU_QuaternionEKF_Update  quaternionekf.o
    0x08006004   0x08006004   0x00000240   Code   RO         7292    i.IMU_QuaternionEKF_User_Func1  quaternionekf.o
    0x08006244   0x08006244   0x00000520   Code   RO         7293    i.IMU_QuaternionEKF_xhatUpdate  quaternionekf.o
    0x08006764   0x08006764   0x00000074   Code   RO         5688    i.IMU_Temperature_Ctrl  imu_task.o
    0x080067d8   0x080067d8   0x000000e0   Code   RO         5689    i.INS_Init          imu_task.o
    0x080068b8   0x080068b8   0x00000314   Code   RO         5690    i.INS_Task          imu_task.o
    0x08006bcc   0x08006bcc   0x00000042   Code   RO         6130    i.INTERACT_HEADER   bsp_referee.o
    0x08006c0e   0x08006c0e   0x00000002   PAD
    0x08006c10   0x08006c10   0x0000070c   Code   RO         7209    i.Kalman_Filter_Init  kalman_filter.o
    0x0800731c   0x0800731c   0x00000050   Code   RO         7210    i.Kalman_Filter_Measure  kalman_filter.o
    0x0800736c   0x0800736c   0x00000068   Code   RO         7211    i.Kalman_Filter_P_Update  kalman_filter.o
    0x080073d4   0x080073d4   0x00000068   Code   RO         7212    i.Kalman_Filter_PminusUpdate  kalman_filter.o
    0x0800743c   0x0800743c   0x000000d2   Code   RO         7213    i.Kalman_Filter_SetK  kalman_filter.o
    0x0800750e   0x0800750e   0x00000002   PAD
    0x08007510   0x08007510   0x00000128   Code   RO         7214    i.Kalman_Filter_Update  kalman_filter.o
    0x08007638   0x08007638   0x0000007c   Code   RO         7215    i.Kalman_Filter_xhatMinusUpdate  kalman_filter.o
    0x080076b4   0x080076b4   0x00000086   Code   RO         7216    i.Kalman_Filter_xhatUpdate  kalman_filter.o
    0x0800773a   0x0800773a   0x00000002   PAD
    0x0800773c   0x0800773c   0x00000048   Code   RO          306    i.MX_CAN1_Init      can.o
    0x08007784   0x08007784   0x00000048   Code   RO          307    i.MX_CAN2_Init      can.o
    0x080077cc   0x080077cc   0x00000098   Code   RO          353    i.MX_DMA_Init       dma.o
    0x08007864   0x08007864   0x00000044   Code   RO          254    i.MX_FREERTOS_Init  freertos.o
    0x080078a8   0x080078a8   0x00000168   Code   RO          230    i.MX_GPIO_Init      gpio.o
    0x08007a10   0x08007a10   0x00000048   Code   RO          379    i.MX_SPI1_Init      spi.o
    0x08007a58   0x08007a58   0x0000006c   Code   RO          422    i.MX_TIM10_Init     tim.o
    0x08007ac4   0x08007ac4   0x0000003c   Code   RO          469    i.MX_USART3_UART_Init  usart.o
    0x08007b00   0x08007b00   0x00000038   Code   RO          470    i.MX_USART6_UART_Init  usart.o
    0x08007b38   0x08007b38   0x00000004   Code   RO          527    i.MemManage_Handler  stm32f4xx_it.o
    0x08007b3c   0x08007b3c   0x00000004   Code   RO          528    i.NMI_Handler       stm32f4xx_it.o
    0x08007b40   0x08007b40   0x00000042   Code   RO         6131    i.POWER_HEAT        bsp_referee.o
    0x08007b82   0x08007b82   0x000001b8   Code   RO         6671    i.PidCalculate      pid.o
    0x08007d3a   0x08007d3a   0x0000003e   Code   RO         6672    i.PidInit           pid.o
    0x08007d78   0x08007d78   0x0000008a   Code   RO         6673    i.PidInitMode       pid.o
    0x08007e02   0x08007e02   0x00000106   Code   RO         5868    i.RC_DataProcess    bsp_dr16.o
    0x08007f08   0x08007f08   0x00000008   Code   RO         5870    i.RC_Get_RC_Pointer  bsp_dr16.o
    0x08007f10   0x08007f10   0x00000088   Code   RO         5871    i.RC_Init           bsp_dr16.o
    0x08007f98   0x08007f98   0x00000110   Code   RO         5873    i.RC_UART_IRQHandler  bsp_dr16.o
    0x080080a8   0x080080a8   0x00000148   Code   RO         6132    i.REFEREE_UART_IRQHandler  bsp_referee.o
    0x080081f0   0x080081f0   0x00000050   Code   RO         6133    i.REFEREE_WARNING   bsp_referee.o
    0x08008240   0x08008240   0x0000003c   Code   RO         6134    i.RFID_STATUS       bsp_referee.o
    0x0800827c   0x0800827c   0x00000046   Code   RO         6135    i.ROBOT_BUFF        bsp_referee.o
    0x080082c2   0x080082c2   0x00000054   Code   RO         6136    i.ROBOT_HP          bsp_referee.o
    0x08008316   0x08008316   0x00000042   Code   RO         6137    i.ROBOT_POSITION    bsp_referee.o
    0x08008358   0x08008358   0x00000042   Code   RO         6138    i.ROBOT_STATUS      bsp_referee.o
    0x0800839a   0x0800839a   0x00000220   Code   RO         6139    i.RefereeDataDeal   bsp_referee.o
    0x080085ba   0x080085ba   0x0000004e   Code   RO         6140    i.SHOOT_DATA        bsp_referee.o
    0x08008608   0x08008608   0x0000006c   Code   RO         2195    i.SPI_EndRxTxTransaction  stm32f4xx_hal_spi.o
    0x08008674   0x08008674   0x000000d8   Code   RO         2200    i.SPI_WaitFlagStateUntilTimeout  stm32f4xx_hal_spi.o
    0x0800874c   0x0800874c   0x0000003c   Code   RO         6141    i.SUPPLY_PROJECTILE_ACTION  bsp_referee.o
    0x08008788   0x08008788   0x0000000a   Code   RO          255    i.StartDefaultTask  freertos.o
    0x08008792   0x08008792   0x00000002   PAD
    0x08008794   0x08008794   0x00000034   Code   RO         5138    i.SysTick_Handler   port.o
    0x080087c8   0x080087c8   0x000000b4   Code   RO           15    i.SystemClock_Config  main.o
    0x0800887c   0x0800887c   0x00000014   Code   RO         3820    i.SystemInit        system_stm32f4xx.o
    0x08008890   0x08008890   0x00000018   Code   RO          529    i.TIM1_UP_TIM10_IRQHandler  stm32f4xx_it.o
    0x080088a8   0x080088a8   0x000000d8   Code   RO         2563    i.TIM_Base_SetConfig  stm32f4xx_hal_tim.o
    0x08008980   0x08008980   0x00000022   Code   RO         2564    i.TIM_CCxChannelCmd  stm32f4xx_hal_tim.o
    0x080089a2   0x080089a2   0x00000002   PAD
    0x080089a4   0x080089a4   0x00000070   Code   RO         2576    i.TIM_OC1_SetConfig  stm32f4xx_hal_tim.o
    0x08008a14   0x08008a14   0x0000007c   Code   RO         2577    i.TIM_OC2_SetConfig  stm32f4xx_hal_tim.o
    0x08008a90   0x08008a90   0x00000078   Code   RO         2578    i.TIM_OC3_SetConfig  stm32f4xx_hal_tim.o
    0x08008b08   0x08008b08   0x00000054   Code   RO         2579    i.TIM_OC4_SetConfig  stm32f4xx_hal_tim.o
    0x08008b5c   0x08008b5c   0x0000003a   Code   RO         7181    i.TIM_Set_PWM       bsp_pwm.o
    0x08008b96   0x08008b96   0x00000014   Code   RO         3494    i.UART_DMAAbortOnError  stm32f4xx_hal_uart.o
    0x08008baa   0x08008baa   0x0000006c   Code   RO         3504    i.UART_EndRxTransfer  stm32f4xx_hal_uart.o
    0x08008c16   0x08008c16   0x00000020   Code   RO         3505    i.UART_EndTransmit_IT  stm32f4xx_hal_uart.o
    0x08008c36   0x08008c36   0x000000f8   Code   RO         3507    i.UART_Receive_IT   stm32f4xx_hal_uart.o
    0x08008d2e   0x08008d2e   0x00000002   PAD
    0x08008d30   0x08008d30   0x0000022c   Code   RO         3508    i.UART_SetConfig    stm32f4xx_hal_uart.o
    0x08008f5c   0x08008f5c   0x00000060   Code   RO         3511    i.UART_Transmit_IT  stm32f4xx_hal_uart.o
    0x08008fbc   0x08008fbc   0x00000050   Code   RO         6142    i.UAV_ENERGY_TIME   bsp_referee.o
    0x0800900c   0x0800900c   0x00000014   Code   RO          530    i.USART3_IRQHandler  stm32f4xx_it.o
    0x08009020   0x08009020   0x00000014   Code   RO          531    i.USART6_IRQHandler  stm32f4xx_it.o
    0x08009034   0x08009034   0x00000004   Code   RO          532    i.UsageFault_Handler  stm32f4xx_it.o
    0x08009038   0x08009038   0x00000040   Code   RO         6763    i.Verify_CRC16_Check_Sum  crc.o
    0x08009078   0x08009078   0x0000002e   Code   RO         6764    i.Verify_CRC8_Check_Sum  crc.o
    0x080090a6   0x080090a6   0x00000026   Code   RO         7903    i.__ARM_fpclassifyf  m_wm.l(fpclassifyf.o)
    0x080090cc   0x080090cc   0x00000010   Code   RO         1766    i.__NVIC_GetPriorityGrouping  stm32f4xx_hal_cortex.o
    0x080090dc   0x080090dc   0x00000028   Code   RO         1767    i.__NVIC_SetPriority  stm32f4xx_hal_cortex.o
    0x08009104   0x08009104   0x00000118   Code   RO         7788    i.__hardfp_acosf    m_wm.l(acosf.o)
    0x0800921c   0x0800921c   0x0000012c   Code   RO         7800    i.__hardfp_asinf    m_wm.l(asinf.o)
    0x08009348   0x08009348   0x000002ac   Code   RO         7812    i.__hardfp_atan2f   m_wm.l(atan2f.o)
    0x080095f4   0x080095f4   0x0000003a   Code   RO         7830    i.__hardfp_sqrtf    m_wm.l(sqrtf_full.o)
    0x0800962e   0x0800962e   0x00000006   Code   RO         7906    i.__mathlib_flt_infnan  m_wm.l(funder.o)
    0x08009634   0x08009634   0x00000006   Code   RO         7907    i.__mathlib_flt_infnan2  m_wm.l(funder.o)
    0x0800963a   0x0800963a   0x00000002   PAD
    0x0800963c   0x0800963c   0x00000010   Code   RO         7908    i.__mathlib_flt_invalid  m_wm.l(funder.o)
    0x0800964c   0x0800964c   0x00000010   Code   RO         7911    i.__mathlib_flt_underflow  m_wm.l(funder.o)
    0x0800965c   0x0800965c   0x0000000e   Code   RO         7963    i.__scatterload_copy  mc_w.l(handlers.o)
    0x0800966a   0x0800966a   0x00000002   Code   RO         7964    i.__scatterload_null  mc_w.l(handlers.o)
    0x0800966c   0x0800966c   0x0000000e   Code   RO         7965    i.__scatterload_zeroinit  mc_w.l(handlers.o)
    0x0800967a   0x0800967a   0x00000002   PAD
    0x0800967c   0x0800967c   0x0000000c   Code   RO         7945    i.__set_errno       mc_w.l(errno.o)
    0x08009688   0x08009688   0x00000024   Code   RO         5974    i.angle_limiting_int16  bsp_motor_encoder.o
    0x080096ac   0x080096ac   0x0000016c   Code   RO         6971    i.bmi088_accel_init  bmi088driver.o
    0x08009818   0x08009818   0x00000130   Code   RO         6972    i.bmi088_gyro_init  bmi088driver.o
    0x08009948   0x08009948   0x00000110   Code   RO         6588    i.cos_calculate     maths.o
    0x08009a58   0x08009a58   0x00000074   Code   RO         6675    i.f_Derivative_On_Measurement  pid.o
    0x08009acc   0x08009acc   0x00000046   Code   RO         6676    i.f_Integral_Limit  pid.o
    0x08009b12   0x08009b12   0x00000046   Code   RO         6677    i.f_Output_Limit    pid.o
    0x08009b58   0x08009b58   0x0000003c   Code   RO         6678    i.f_Separated_Integral  pid.o
    0x08009b94   0x08009b94   0x000000cc   Code   RO         6679    i.f_StepIn          pid.o
    0x08009c60   0x08009c60   0x00000042   Code   RO         6680    i.first_order_filter  pid.o
    0x08009ca2   0x08009ca2   0x0000002a   Code   RO         7364    i.float_constrain   user_lib.o
    0x08009ccc   0x08009ccc   0x00000048   Code   RO         7366    i.float_rounding    user_lib.o
    0x08009d14   0x08009d14   0x0000001c   Code   RO         5694    i.imu_Task          imu_task.o
    0x08009d30   0x08009d30   0x00000058   Code   RO         5798    i.init_Task         init_task_1.o
    0x08009d88   0x08009d88   0x0000003c   Code   RO         7294    i.invSqrt           quaternionekf.o
    0x08009dc4   0x08009dc4   0x00000060   Code   RO         6592    i.loop_fp32_constrain  maths.o
    0x08009e24   0x08009e24   0x0000004c   Code   RO           16    i.main              main.o
    0x08009e70   0x08009e70   0x0000000e   Code   RO         4703    i.makeFreeRtosPriority  cmsis_os.o
    0x08009e7e   0x08009e7e   0x00000002   PAD
    0x08009e80   0x08009e80   0x0000006c   Code   RO         7862    i.malloc            mc_w.l(malloc.o)
    0x08009eec   0x08009eec   0x00000018   Code   RO         4705    i.osDelay           cmsis_os.o
    0x08009f04   0x08009f04   0x0000000a   Code   RO         4708    i.osKernelStart     cmsis_os.o
    0x08009f0e   0x08009f0e   0x0000005e   Code   RO         4742    i.osThreadCreate    cmsis_os.o
    0x08009f6c   0x08009f6c   0x00000050   Code   RO         6683    i.pid_clear         pid.o
    0x08009fbc   0x08009fbc   0x00000098   Code   RO         4362    i.prvAddCurrentTaskToDelayedList  tasks.o
    0x0800a054   0x0800a054   0x000000b4   Code   RO         4363    i.prvAddNewTaskToReadyList  tasks.o
    0x0800a108   0x0800a108   0x00000048   Code   RO         4364    i.prvCheckTasksWaitingTermination  tasks.o
    0x0800a150   0x0800a150   0x00000050   Code   RO         4365    i.prvDeleteTCB      tasks.o
    0x0800a1a0   0x0800a1a0   0x0000007c   Code   RO         5070    i.prvHeapInit       heap_4.o
    0x0800a21c   0x0800a21c   0x00000028   Code   RO         4366    i.prvIdleTask       tasks.o
    0x0800a244   0x0800a244   0x000000b4   Code   RO         4367    i.prvInitialiseNewTask  tasks.o
    0x0800a2f8   0x0800a2f8   0x00000068   Code   RO         4368    i.prvInitialiseTaskLists  tasks.o
    0x0800a360   0x0800a360   0x00000068   Code   RO         5071    i.prvInsertBlockIntoFreeList  heap_4.o
    0x0800a3c8   0x0800a3c8   0x00000034   Code   RO         4369    i.prvResetNextTaskUnblockTime  tasks.o
    0x0800a3fc   0x0800a3fc   0x00000040   Code   RO         5139    i.prvTaskExitError  port.o
    0x0800a43c   0x0800a43c   0x0000014c   Code   RO         5072    i.pvPortMalloc      heap_4.o
    0x0800a588   0x0800a588   0x0000002c   Code   RO         5140    i.pxPortInitialiseStack  port.o
    0x0800a5b4   0x0800a5b4   0x00000014   Code   RO         5876    i.rc_deadline_limit  bsp_dr16.o
    0x0800a5c8   0x0800a5c8   0x00000014   Code   RO         5877    i.rc_lost_time_refresh  bsp_dr16.o
    0x0800a5dc   0x0800a5dc   0x00000088   Code   RO         6143    i.referee_uart_init  bsp_referee.o
    0x0800a664   0x0800a664   0x000001d8   Code   RO         6597    i.sin_calculate     maths.o
    0x0800a83c   0x0800a83c   0x0000003e   Code   RO         7832    i.sqrtf             m_wm.l(sqrtf_full.o)
    0x0800a87a   0x0800a87a   0x00000028   Code   RO         3973    i.uxListRemove      list.o
    0x0800a8a2   0x0800a8a2   0x00000002   PAD
    0x0800a8a4   0x0800a8a4   0x00000018   Code   RO          256    i.vApplicationGetIdleTaskMemory  freertos.o
    0x0800a8bc   0x0800a8bc   0x0000001a   Code   RO         3974    i.vListInitialise   list.o
    0x0800a8d6   0x0800a8d6   0x00000006   Code   RO         3975    i.vListInitialiseItem  list.o
    0x0800a8dc   0x0800a8dc   0x00000034   Code   RO         3976    i.vListInsert       list.o
    0x0800a910   0x0800a910   0x00000018   Code   RO         3977    i.vListInsertEnd    list.o
    0x0800a928   0x0800a928   0x00000054   Code   RO         5142    i.vPortEnterCritical  port.o
    0x0800a97c   0x0800a97c   0x0000003c   Code   RO         5143    i.vPortExitCritical  port.o
    0x0800a9b8   0x0800a9b8   0x000000a4   Code   RO         5073    i.vPortFree         heap_4.o
    0x0800aa5c   0x0800aa5c   0x00000028   Code   RO         5144    i.vPortSetupTimerInterrupt  port.o
    0x0800aa84   0x0800aa84   0x0000005c   Code   RO         4378    i.vTaskDelay        tasks.o
    0x0800aae0   0x0800aae0   0x000000d4   Code   RO         4379    i.vTaskDelayUntil   tasks.o
    0x0800abb4   0x0800abb4   0x000000f4   Code   RO         4380    i.vTaskDelete       tasks.o
    0x0800aca8   0x0800aca8   0x000000b0   Code   RO         4392    i.vTaskStartScheduler  tasks.o
    0x0800ad58   0x0800ad58   0x00000010   Code   RO         4394    i.vTaskSuspendAll   tasks.o
    0x0800ad68   0x0800ad68   0x0000008c   Code   RO         4395    i.vTaskSwitchContext  tasks.o
    0x0800adf4   0x0800adf4   0x00000168   Code   RO         5146    i.xPortStartScheduler  port.o
    0x0800af5c   0x0800af5c   0x00000064   Code   RO         4398    i.xTaskCreate       tasks.o
    0x0800afc0   0x0800afc0   0x000000ba   Code   RO         4399    i.xTaskCreateStatic  tasks.o
    0x0800b07a   0x0800b07a   0x00000002   PAD
    0x0800b07c   0x0800b07c   0x0000000c   Code   RO         4404    i.xTaskGetTickCount  tasks.o
    0x0800b088   0x0800b088   0x00000148   Code   RO         4406    i.xTaskIncrementTick  tasks.o
    0x0800b1d0   0x0800b1d0   0x00000104   Code   RO         4412    i.xTaskResumeAll    tasks.o
    0x0800b2d4   0x0800b2d4   0x00000038   Data   RO          258    .constdata          freertos.o
    0x0800b30c   0x0800b30c   0x00000008   Data   RO         1483    .constdata          stm32f4xx_hal_dma.o
    0x0800b314   0x0800b314   0x00000018   Data   RO         3821    .constdata          system_stm32f4xx.o
    0x0800b32c   0x0800b32c   0x00000030   Data   RO         5696    .constdata          imu_task.o
    0x0800b35c   0x0800b35c   0x0000001c   Data   RO         5799    .constdata          init_task_1.o
    0x0800b378   0x0800b378   0x00000e14   Data   RO         6598    .constdata          maths.o
    0x0800c18c   0x0800c18c   0x00000302   Data   RO         6765    .constdata          crc.o
    0x0800c48e   0x0800c48e   0x00000002   PAD
    0x0800c490   0x0800c490   0x00000090   Data   RO         7296    .constdata          quaternionekf.o
    0x0800c520   0x0800c520   0x00000804   Data   RO         7765    .constdata          arm_cortexM4lf_math.lib(arm_common_tables.o)
    0x0800cd24   0x0800cd24   0x00000018   Data   RO          259    .conststring        freertos.o
    0x0800cd3c   0x0800cd3c   0x00000009   Data   RO         5800    .conststring        init_task_1.o
    0x0800cd45   0x0800cd45   0x00000003   PAD
    0x0800cd48   0x0800cd48   0x00000020   Data   RO         7961    Region$$Table       anon$$obj.o


    Execution Region RW_IRAM1 (Exec base: 0x20000000, Load base: 0x0800cd68, Size: 0x0000a398, Max: 0x00020000, ABSOLUTE, COMPRESSED[0x00000068])

    Exec Addr    Load Addr    Size         Type   Attr      Idx    E Section Name        Object

    0x20000000   COMPRESSED   0x00000008   Data   RW          260    .data               freertos.o
    0x20000008   COMPRESSED   0x00000004   Data   RW          309    .data               can.o
    0x2000000c   COMPRESSED   0x00000009   Data   RW         1915    .data               stm32f4xx_hal.o
    0x20000015   COMPRESSED   0x00000003   PAD
    0x20000018   COMPRESSED   0x00000004   Data   RW         3822    .data               system_stm32f4xx.o
    0x2000001c   COMPRESSED   0x0000003c   Data   RW         4415    .data               tasks.o
    0x20000058   COMPRESSED   0x00000020   Data   RW         5079    .data               heap_4.o
    0x20000078   COMPRESSED   0x0000000c   Data   RW         5147    .data               port.o
    0x20000084   COMPRESSED   0x00000048   Data   RW         5697    .data               imu_task.o
    0x200000cc   COMPRESSED   0x00000010   Data   RW         5801    .data               init_task_1.o
    0x200000dc   COMPRESSED   0x00000006   Data   RW         5879    .data               bsp_dr16.o
    0x200000e2   COMPRESSED   0x00000002   Data   RW         6145    .data               bsp_referee.o
    0x200000e4   COMPRESSED   0x00000002   Data   RW         6766    .data               crc.o
    0x200000e6   COMPRESSED   0x00000002   PAD
    0x200000e8   COMPRESSED   0x00000020   Data   RW         6824    .data               can1.o
    0x20000108   COMPRESSED   0x00000020   Data   RW         6914    .data               can2.o
    0x20000128   COMPRESSED   0x00000040   Data   RW         6974    .data               bmi088driver.o
    0x20000168   COMPRESSED   0x00000004   Data   RW         7055    .data               bmi088middleware.o
    0x2000016c   COMPRESSED   0x00000004   PAD
    0x20000170   COMPRESSED   0x00000040   Data   RW         7113    .data               bsp_dwt.o
    0x200001b0   COMPRESSED   0x00000004   Data   RW         7217    .data               kalman_filter.o
    0x200001b4   COMPRESSED   0x000000d4   Data   RW         7297    .data               quaternionekf.o
    0x20000288   COMPRESSED   0x00000018   Data   RW         7374    .data               user_lib.o
    0x200002a0   COMPRESSED   0x00000004   Data   RW         7941    .data               mc_w.l(mvars.o)
    0x200002a4   COMPRESSED   0x00000004   Data   RW         7942    .data               mc_w.l(mvars.o)
    0x200002a8   COMPRESSED   0x00000004   Data   RW         7946    .data               mc_w.l(errno.o)
    0x200002ac        -       0x00000254   Zero   RW          257    .bss                freertos.o
    0x20000500        -       0x00000050   Zero   RW          308    .bss                can.o
    0x20000550        -       0x00000118   Zero   RW          380    .bss                spi.o
    0x20000668        -       0x00000048   Zero   RW          423    .bss                tim.o
    0x200006b0        -       0x000001a8   Zero   RW          471    .bss                usart.o
    0x20000858        -       0x00000048   Zero   RW          694    .bss                stm32f4xx_hal_timebase_tim.o
    0x200008a0        -       0x000000f0   Zero   RW         4414    .bss                tasks.o
    0x20000990        -       0x00003c00   Zero   RW         5078    .bss                heap_4.o
    0x20004590        -       0x000000c4   Zero   RW         5231    .bss                fsm_chassis.o
    0x20004654        -       0x0000117c   Zero   RW         5535    .bss                chassis_task.o
    0x200057d0        -       0x00000154   Zero   RW         5695    .bss                imu_task.o
    0x20005924        -       0x00000060   Zero   RW         5878    .bss                bsp_dr16.o
    0x20005984        -       0x000004f7   Zero   RW         6144    .bss                bsp_referee.o
    0x20005e7b   COMPRESSED   0x00000001   PAD
    0x20005e7c        -       0x0000023a   Zero   RW         6823    .bss                can1.o
    0x200060b6   COMPRESSED   0x00000002   PAD
    0x200060b8        -       0x00000034   Zero   RW         6913    .bss                can2.o
    0x200060ec        -       0x00000040   Zero   RW         6973    .bss                bmi088driver.o
    0x2000612c   COMPRESSED   0x00000004   PAD
    0x20006130        -       0x00000268   Zero   RW         7295    .bss                quaternionekf.o
    0x20006398        -       0x00002000   Zero   RW            2    HEAP                startup_stm32f407xx.o
    0x20008398        -       0x00002000   Zero   RW            1    STACK               startup_stm32f407xx.o


==============================================================================

Image component sizes


      Code (inc. data)   RO Data    RW Data    ZI Data      Debug   Object Name

      2890        176          0         64         64       9809   bmi088driver.o
       116         30          0          4          0       3060   bmi088middleware.o
       762         38          0          6         96       5592   bsp_dr16.o
       580        112          0         64          0       4362   bsp_dwt.o
       352          4          0          0          0       4346   bsp_motor_encoder.o
        58          0          0          0          0        850   bsp_pwm.o
      2484         32          0          2       1271      15546   bsp_referee.o
       496         44          0          4         80       2438   can.o
      1242        174          0         32        570       7995   can1.o
       312         66          0         32         52       2927   can2.o
         0          0          0          0       4476       3233   chassis_task.o
       142          0          0          0          0      22987   cmsis_os.o
       198         16        770          2          0       3761   crc.o
       152          6          0          0          0        830   dma.o
         0          0          0          0          0      21624   event_groups.o
       102         24         80          8        596       2546   freertos.o
         8          4          0          0        196     606633   fsm_chassis.o
       360         16          0          0          0       1139   gpio.o
       724         74          0         32      15360       7463   heap_4.o
      2732        198         48         72        340       9178   imu_task.o
        88         16         37         16          0      15729   init_task_1.o
      3160         26          0          4          0       8767   kalman_filter.o
       148          0          0          0          0       8806   list.o
       286         20          0          0          0     739568   main.o
       840         44       3604          0          0       2912   maths.o
      1510         30          0          0          0       8739   pid.o
       894         78          0         12          0      11116   port.o
      4172        232        144        212        616      10083   quaternionekf.o
       404         38          0          0        280       1911   spi.o
        36          8        392          0      16384        832   startup_stm32f407xx.o
       136         24          0          9          0       8702   stm32f4xx_hal.o
      2188          6          0          0          0      14969   stm32f4xx_hal_can.o
       252         22          0          0          0      33662   stm32f4xx_hal_cortex.o
      1246         16          8          0          0       5351   stm32f4xx_hal_dma.o
       542         50          0          0          0       3308   stm32f4xx_hal_gpio.o
        84          6          0          0          0        854   stm32f4xx_hal_msp.o
      1888         94          0          0          0       6249   stm32f4xx_hal_rcc.o
      1078         14          0          0          0       4653   stm32f4xx_hal_spi.o
      2006        142          0          0          0      12584   stm32f4xx_hal_tim.o
         4          0          0          0          0       1561   stm32f4xx_hal_tim_ex.o
       160         20          0          0         72       1419   stm32f4xx_hal_timebase_tim.o
      1918         14          0          0          0       9508   stm32f4xx_hal_uart.o
       218         60          0          0          0      16470   stm32f4xx_it.o
         0          0          0          0          0        392   stream_buffer.o
        20          6         24          4          0       1123   system_stm32f4xx.o
      2626        330          0         60        240      23293   tasks.o
       280         32          0          0         72       2314   tim.o
         0          0          0          0          0       5596   timers.o
       608         64          0          0        424       2648   usart.o
       114         10          0         24          0       5756   user_lib.o

    ----------------------------------------------------------------------
     40664       2416       5144        672      41196    1705194   Object Totals
         0          0         32          0          0          0   (incl. Generated)
        48          0          5          9          7          0   (incl. Padding)

    ----------------------------------------------------------------------

      Code (inc. data)   RO Data    RW Data    ZI Data      Debug   Library Member Name

         0          0       2052          0          0       4704   arm_common_tables.o
       120         12          0          0          0      17170   arm_cos_f32.o
       264          0          0          0          0       1826   arm_mat_add_f32.o
         8          0          0          0          0        999   arm_mat_init_f32.o
      1328          4          0          0          0       4782   arm_mat_inverse_f32.o
       316          4          0          0          0       2375   arm_mat_mult_f32.o
       264          0          0          0          0       1826   arm_mat_sub_f32.o
       276          0          0          0          0       2240   arm_mat_trans_f32.o
       148         18          0          0          0        814   arm_sin_f32.o
       280         46          0          0          0        176   acosf.o
       300         42          0          0          0        176   asinf.o
       684         90          0          0          0        208   atan2f.o
        38          0          0          0          0        116   fpclassifyf.o
        44         12          0          0          0        464   funder.o
       120          0          0          0          0        272   sqrtf_full.o
        86          0          0          0          0          0   __dczerorl2.o
         0          0          0          0          0          0   entry.o
         0          0          0          0          0          0   entry10a.o
         0          0          0          0          0          0   entry11a.o
         4          0          0          0          0          0   entry12b.o
         8          4          0          0          0          0   entry2.o
         4          0          0          0          0          0   entry5.o
         0          0          0          0          0          0   entry7b.o
         0          0          0          0          0          0   entry8b.o
         8          4          0          0          0          0   entry9a.o
        12          6          0          4          0         68   errno.o
        30          0          0          0          0          0   handlers.o
        36          8          0          0          0         68   init.o
         0          0          0          0          0          0   iusefp.o
        30          0          0          0          0         68   llshl.o
        32          0          0          0          0         68   llushr.o
       108         16          0          0          0         84   malloc.o
        36          0          0          0          0         68   memcpya.o
        36          0          0          0          0        108   memseta.o
         0          0          0          8          0          0   mvars.o
        98          0          0          0          0         92   uldiv.o

    ----------------------------------------------------------------------
      4724        266       2052         12          0      38772   Library Totals
         6          0          0          0          0          0   (incl. Padding)

    ----------------------------------------------------------------------

      Code (inc. data)   RO Data    RW Data    ZI Data      Debug   Library Name

      2724         38       2052          0          0      36736   arm_cortexM4lf_math.lib
      1466        190          0          0          0       1412   m_wm.l
       528         38          0         12          0        624   mc_w.l

    ----------------------------------------------------------------------
      4724        266       2052         12          0      38772   Library Totals

    ----------------------------------------------------------------------

==============================================================================


      Code (inc. data)   RO Data    RW Data    ZI Data      Debug   

     45388       2682       7196        684      41196    1716642   Grand Totals
     45388       2682       7196        104      41196    1716642   ELF Image Totals (compressed)
     45388       2682       7196        104          0          0   ROM Totals

==============================================================================

    Total RO  Size (Code + RO Data)                52584 (  51.35kB)
    Total RW  Size (RW Data + ZI Data)             41880 (  40.90kB)
    Total ROM Size (Code + RO Data + RW Data)      52688 (  51.45kB)

==============================================================================

